Component: ARM Compiler 5.06 update 1 (build 61) Tool: armlink [4d35a8]

==============================================================================

Section Cross References

    startup_stm32g031xx.o(RESET) refers to startup_stm32g031xx.o(STACK) for __initial_sp
    startup_stm32g031xx.o(RESET) refers to startup_stm32g031xx.o(.text) for Reset_Handler
    startup_stm32g031xx.o(RESET) refers to stm32g0xx_it.o(i.NMI_Handler) for NMI_Handler
    startup_stm32g031xx.o(RESET) refers to stm32g0xx_it.o(i.HardFault_Handler) for HardFault_Handler
    startup_stm32g031xx.o(RESET) refers to stm32g0xx_it.o(i.SVC_Handler) for SVC_Handler
    startup_stm32g031xx.o(RESET) refers to stm32g0xx_it.o(i.PendSV_Handler) for PendSV_Handler
    startup_stm32g031xx.o(RESET) refers to stm32g0xx_it.o(i.SysTick_Handler) for SysTick_Handler
    startup_stm32g031xx.o(RESET) refers to stm32g0xx_it.o(i.EXTI4_15_IRQHandler) for EXTI4_15_IRQHandler
    startup_stm32g031xx.o(RESET) refers to stm32g0xx_it.o(i.DMA1_Channel1_IRQHandler) for DMA1_Channel1_IRQHandler
    startup_stm32g031xx.o(RESET) refers to stm32g0xx_it.o(i.DMA1_Channel2_3_IRQHandler) for DMA1_Channel2_3_IRQHandler
    startup_stm32g031xx.o(RESET) refers to stm32g0xx_it.o(i.ADC1_IRQHandler) for ADC1_IRQHandler
    startup_stm32g031xx.o(RESET) refers to stm32g0xx_it.o(i.TIM3_IRQHandler) for TIM3_IRQHandler
    startup_stm32g031xx.o(RESET) refers to stm32g0xx_it.o(i.TIM17_IRQHandler) for TIM17_IRQHandler
    startup_stm32g031xx.o(RESET) refers to stm32g0xx_it.o(i.I2C2_IRQHandler) for I2C2_IRQHandler
    startup_stm32g031xx.o(.text) refers to system_stm32g0xx.o(i.SystemInit) for SystemInit
    startup_stm32g031xx.o(.text) refers to entry.o(.ARM.Collect$$$$00000000) for __main
    main.o(i.Error_Handler) refers to printfa.o(i.__0printf) for __2printf
    main.o(i.SystemClock_Config) refers to memseta.o(.text) for __aeabi_memclr4
    main.o(i.SystemClock_Config) refers to stm32g0xx_hal_pwr_ex.o(i.HAL_PWREx_ControlVoltageScaling) for HAL_PWREx_ControlVoltageScaling
    main.o(i.SystemClock_Config) refers to stm32g0xx_hal_rcc.o(i.HAL_RCC_OscConfig) for HAL_RCC_OscConfig
    main.o(i.SystemClock_Config) refers to stm32g0xx_hal_rcc.o(i.HAL_RCC_ClockConfig) for HAL_RCC_ClockConfig
    main.o(i.SystemClock_Config) refers to main.o(i.Error_Handler) for Error_Handler
    main.o(i.main) refers to stm32g0xx_hal.o(i.HAL_Init) for HAL_Init
    main.o(i.main) refers to main.o(i.SystemClock_Config) for SystemClock_Config
    main.o(i.main) refers to gpio.o(i.MX_GPIO_Init) for MX_GPIO_Init
    main.o(i.main) refers to dma.o(i.MX_DMA_Init) for MX_DMA_Init
    main.o(i.main) refers to adc.o(i.MX_ADC1_Init) for MX_ADC1_Init
    main.o(i.main) refers to i2c.o(i.MX_I2C2_Init) for MX_I2C2_Init
    main.o(i.main) refers to spi.o(i.MX_SPI2_Init) for MX_SPI2_Init
    main.o(i.main) refers to usart.o(i.MX_USART2_UART_Init) for MX_USART2_UART_Init
    main.o(i.main) refers to tim.o(i.MX_TIM2_Init) for MX_TIM2_Init
    main.o(i.main) refers to tim.o(i.MX_TIM3_Init) for MX_TIM3_Init
    main.o(i.main) refers to tim.o(i.MX_TIM17_Init) for MX_TIM17_Init
    main.o(i.main) refers to stm32g0xx_hal_tim.o(i.HAL_TIM_Base_Start_IT) for HAL_TIM_Base_Start_IT
    main.o(i.main) refers to show.o(i.showinit) for showinit
    main.o(i.main) refers to status.o(i.init_status) for init_status
    main.o(i.main) refers to status.o(i.main_status) for main_status
    main.o(i.main) refers to tim.o(.bss) for htim17
    gpio.o(i.MX_GPIO_Init) refers to memseta.o(.text) for __aeabi_memclr4
    gpio.o(i.MX_GPIO_Init) refers to stm32g0xx_hal_gpio.o(i.HAL_GPIO_WritePin) for HAL_GPIO_WritePin
    gpio.o(i.MX_GPIO_Init) refers to stm32g0xx_hal_gpio.o(i.HAL_GPIO_Init) for HAL_GPIO_Init
    gpio.o(i.MX_GPIO_Init) refers to stm32g0xx_hal_cortex.o(i.HAL_NVIC_SetPriority) for HAL_NVIC_SetPriority
    gpio.o(i.MX_GPIO_Init) refers to stm32g0xx_hal_cortex.o(i.HAL_NVIC_EnableIRQ) for HAL_NVIC_EnableIRQ
    adc.o(i.HAL_ADC_MspDeInit) refers to stm32g0xx_hal_gpio.o(i.HAL_GPIO_DeInit) for HAL_GPIO_DeInit
    adc.o(i.HAL_ADC_MspDeInit) refers to stm32g0xx_hal_dma.o(i.HAL_DMA_DeInit) for HAL_DMA_DeInit
    adc.o(i.HAL_ADC_MspDeInit) refers to stm32g0xx_hal_cortex.o(i.HAL_NVIC_DisableIRQ) for HAL_NVIC_DisableIRQ
    adc.o(i.HAL_ADC_MspInit) refers to memseta.o(.text) for __aeabi_memclr4
    adc.o(i.HAL_ADC_MspInit) refers to stm32g0xx_hal_gpio.o(i.HAL_GPIO_Init) for HAL_GPIO_Init
    adc.o(i.HAL_ADC_MspInit) refers to stm32g0xx_hal_dma.o(i.HAL_DMA_Init) for HAL_DMA_Init
    adc.o(i.HAL_ADC_MspInit) refers to main.o(i.Error_Handler) for Error_Handler
    adc.o(i.HAL_ADC_MspInit) refers to stm32g0xx_hal_cortex.o(i.HAL_NVIC_SetPriority) for HAL_NVIC_SetPriority
    adc.o(i.HAL_ADC_MspInit) refers to stm32g0xx_hal_cortex.o(i.HAL_NVIC_EnableIRQ) for HAL_NVIC_EnableIRQ
    adc.o(i.HAL_ADC_MspInit) refers to adc.o(.bss) for .bss
    adc.o(i.MX_ADC1_Init) refers to stm32g0xx_hal_adc.o(i.HAL_ADC_Init) for HAL_ADC_Init
[...]
    i.OLED_PrintASCIIString                  0x08004610   Section        0  oled.o(i.OLED_PrintASCIIString)
    i.OLED_Send                              0x0800463c   Section        0  oled.o(i.OLED_Send)
    i.OLED_SendCmd                           0x08004664   Section        0  oled.o(i.OLED_SendCmd)
    i.OLED_SetBits                           0x080046a0   Section        0  oled.o(i.OLED_SetBits)
    i.OLED_SetBits_Fine                      0x080046e6   Section        0  oled.o(i.OLED_SetBits_Fine)
    i.OLED_SetBlock                          0x0800474a   Section        0  oled.o(i.OLED_SetBlock)
    i.OLED_SetByte_Fine                      0x080047d4   Section        0  oled.o(i.OLED_SetByte_Fine)
    i.OLED_ShowFrame                         0x08004820   Section        0  oled.o(i.OLED_ShowFrame)
    i.PWM_CH_Init                            0x08004868   Section        0  pwm.o(i.PWM_CH_Init)
    i.PWM_DutySet                            0x08004880   Section        0  pwm.o(i.PWM_DutySet)
    i.PWM_OUT_Init                           0x080048a0   Section        0  pwm.o(i.PWM_OUT_Init)
    i.PendSV_Handler                         0x080048b0   Section        0  stm32g0xx_it.o(i.PendSV_Handler)
    i.SPI_EndRxTxTransaction                 0x080048b2   Section        0  stm32g0xx_hal_spi.o(i.SPI_EndRxTxTransaction)
    SPI_EndRxTxTransaction                   0x080048b3   Thumb Code    76  stm32g0xx_hal_spi.o(i.SPI_EndRxTxTransaction)
    i.SPI_WaitFifoStateUntilTimeout          0x08004900   Section        0  stm32g0xx_hal_spi.o(i.SPI_WaitFifoStateUntilTimeout)
    SPI_WaitFifoStateUntilTimeout            0x08004901   Thumb Code   212  stm32g0xx_hal_spi.o(i.SPI_WaitFifoStateUntilTimeout)
    i.SPI_WaitFlagStateUntilTimeout          0x080049d8   Section        0  stm32g0xx_hal_spi.o(i.SPI_WaitFlagStateUntilTimeout)
    SPI_WaitFlagStateUntilTimeout            0x080049d9   Thumb Code   180  stm32g0xx_hal_spi.o(i.SPI_WaitFlagStateUntilTimeout)
    i.SVC_Handler                            0x08004a90   Section        0  stm32g0xx_it.o(i.SVC_Handler)
    i.SysTick_Handler                        0x08004a92   Section        0  stm32g0xx_it.o(i.SysTick_Handler)
    i.SystemClock_Config                     0x08004a9a   Section        0  main.o(i.SystemClock_Config)
    i.SystemInit                             0x08004b04   Section        0  system_stm32g0xx.o(i.SystemInit)
    i.TIM17_IRQHandler                       0x08004b08   Section        0  stm32g0xx_it.o(i.TIM17_IRQHandler)
    i.TIM3_IRQHandler                        0x08004b18   Section        0  stm32g0xx_it.o(i.TIM3_IRQHandler)
    i.TIM_Base_SetConfig                     0x08004b28   Section        0  stm32g0xx_hal_tim.o(i.TIM_Base_SetConfig)
    i.TIM_CCxChannelCmd                      0x08004bbc   Section        0  stm32g0xx_hal_tim.o(i.TIM_CCxChannelCmd)
    i.TIM_ETR_SetConfig                      0x08004bd6   Section        0  stm32g0xx_hal_tim.o(i.TIM_ETR_SetConfig)
    i.TIM_ITRx_SetConfig                     0x08004bec   Section        0  stm32g0xx_hal_tim.o(i.TIM_ITRx_SetConfig)
    TIM_ITRx_SetConfig                       0x08004bed   Thumb Code    16  stm32g0xx_hal_tim.o(i.TIM_ITRx_SetConfig)
    i.TIM_OC1_SetConfig                      0x08004c00   Section        0  stm32g0xx_hal_tim.o(i.TIM_OC1_SetConfig)
    TIM_OC1_SetConfig                        0x08004c01   Thumb Code   108  stm32g0xx_hal_tim.o(i.TIM_OC1_SetConfig)
    i.TIM_OC2_SetConfig                      0x08004c7c   Section        0  stm32g0xx_hal_tim.o(i.TIM_OC2_SetConfig)
    i.TIM_OC3_SetConfig                      0x08004cf8   Section        0  stm32g0xx_hal_tim.o(i.TIM_OC3_SetConfig)
    TIM_OC3_SetConfig                        0x08004cf9   Thumb Code   108  stm32g0xx_hal_tim.o(i.TIM_OC3_SetConfig)
    i.TIM_OC4_SetConfig                      0x08004d74   Section        0  stm32g0xx_hal_tim.o(i.TIM_OC4_SetConfig)
    TIM_OC4_SetConfig                        0x08004d75   Thumb Code    88  stm32g0xx_hal_tim.o(i.TIM_OC4_SetConfig)
    i.TIM_OC5_SetConfig                      0x08004ddc   Section        0  stm32g0xx_hal_tim.o(i.TIM_OC5_SetConfig)
    TIM_OC5_SetConfig                        0x08004ddd   Thumb Code    74  stm32g0xx_hal_tim.o(i.TIM_OC5_SetConfig)
    i.TIM_OC6_SetConfig                      0x08004e38   Section        0  stm32g0xx_hal_tim.o(i.TIM_OC6_SetConfig)
    TIM_OC6_SetConfig                        0x08004e39   Thumb Code    84  stm32g0xx_hal_tim.o(i.TIM_OC6_SetConfig)
    i.TIM_TI1_ConfigInputStage               0x08004e9c   Section        0  stm32g0xx_hal_tim.o(i.TIM_TI1_ConfigInputStage)
    TIM_TI1_ConfigInputStage                 0x08004e9d   Thumb Code    34  stm32g0xx_hal_tim.o(i.TIM_TI1_ConfigInputStage)
    i.TIM_TI2_ConfigInputStage               0x08004ebe   Section        0  stm32g0xx_hal_tim.o(i.TIM_TI2_ConfigInputStage)
    TIM_TI2_ConfigInputStage                 0x08004ebf   Thumb Code    38  stm32g0xx_hal_tim.o(i.TIM_TI2_ConfigInputStage)
    i.UART_AdvFeatureConfig                  0x08004ee4   Section        0  stm32g0xx_hal_uart.o(i.UART_AdvFeatureConfig)
    i.UART_CheckIdleState                    0x08004fb0   Section        0  stm32g0xx_hal_uart.o(i.UART_CheckIdleState)
    i.UART_DMAError                          0x08005068   Section        0  stm32g0xx_hal_uart.o(i.UART_DMAError)
    UART_DMAError                            0x08005069   Thumb Code    78  stm32g0xx_hal_uart.o(i.UART_DMAError)
    i.UART_DMATransmitCplt                   0x080050b6   Section        0  stm32g0xx_hal_uart.o(i.UART_DMATransmitCplt)
    UART_DMATransmitCplt                     0x080050b7   Thumb Code    76  stm32g0xx_hal_uart.o(i.UART_DMATransmitCplt)
    i.UART_DMATxHalfCplt                     0x08005102   Section        0  stm32g0xx_hal_uart.o(i.UART_DMATxHalfCplt)
    UART_DMATxHalfCplt                       0x08005103   Thumb Code    10  stm32g0xx_hal_uart.o(i.UART_DMATxHalfCplt)
    i.UART_EndRxTransfer                     0x0800510c   Section        0  stm32g0xx_hal_uart.o(i.UART_EndRxTransfer)
    UART_EndRxTransfer                       0x0800510d   Thumb Code    96  stm32g0xx_hal_uart.o(i.UART_EndRxTransfer)
    i.UART_EndTxTransfer                     0x08005170   Section        0  stm32g0xx_hal_uart.o(i.UART_EndTxTransfer)
    UART_EndTxTransfer                       0x08005171   Thumb Code    60  stm32g0xx_hal_uart.o(i.UART_EndTxTransfer)
    i.UART_SetConfig                         0x080051ac   Section        0  stm32g0xx_hal_uart.o(i.UART_SetConfig)
    i.UART_WaitOnFlagUntilTimeout            0x080053b8   Section        0  stm32g0xx_hal_uart.o(i.UART_WaitOnFlagUntilTimeout)
    i.VOLT_Init                              0x08005448   Section        0  volt.o(i.VOLT_Init)
    i.VOLT_ReadVoltages                      0x08005474   Section        0  volt.o(i.VOLT_ReadVoltages)
    i.__0printf                              0x080054e4   Section        0  printfa.o(i.__0printf)
    i.__0snprintf                            0x08005504   Section        0  printfa.o(i.__0snprintf)
    i.__ARM_clz                              0x08005530   Section        0  depilogue.o(i.__ARM_clz)
    i.__ARM_common_switch8                   0x0800555e   Section        0  stm32g0xx_hal_dma.o(i.__ARM_common_switch8)
    i.__NVIC_SetPriority                     0x08005578   Section        0  stm32g0xx_hal_cortex.o(i.__NVIC_SetPriority)
    __NVIC_SetPriority                       0x08005579   Thumb Code    60  stm32g0xx_hal_cortex.o(i.__NVIC_SetPriority)
    i.__scatterload_copy                     0x080055bc   Section       14  handlers.o(i.__scatterload_copy)
    i.__scatterload_null                     0x080055ca   Section        2  handlers.o(i.__scatterload_null)
    i.__scatterload_zeroinit                 0x080055cc   Section       14  handlers.o(i.__scatterload_zeroinit)
    i._fp_digits                             0x080055dc   Section        0  printfa.o(i._fp_digits)
    _fp_digits                               0x080055dd   Thumb Code   316  printfa.o(i._fp_digits)
    i._printf_core                           0x08005734   Section        0  printfa.o(i._printf_core)
    _printf_core                             0x08005735   Thumb Code  1754  printfa.o(i._printf_core)
    i._printf_post_padding                   0x08005e20   Section        0  printfa.o(i._printf_post_padding)
    _printf_post_padding                     0x08005e21   Thumb Code    32  printfa.o(i._printf_post_padding)
    i._printf_pre_padding                    0x08005e40   Section        0  printfa.o(i._printf_pre_padding)
    _printf_pre_padding                      0x08005e41   Thumb Code    44  printfa.o(i._printf_pre_padding)
    i._snputc                                0x08005e6c   Section        0  printfa.o(i._snputc)
    _snputc                                  0x08005e6d   Thumb Code    22  printfa.o(i._snputc)
    i.allstop                                0x08005e84   Section        0  mode.o(i.allstop)
    i.fputc                                  0x08005ecc   Section        0  printf.o(i.fputc)
    i.init_status                            0x08005ee8   Section        0  status.o(i.init_status)
    i.main                                   0x08005f10   Section        0  main.o(i.main)
    i.main_status                            0x08005f54   Section        0  status.o(i.main_status)
    i.messer_init                            0x08005f7c   Section        0  mode.o(i.messer_init)
    i.messer_main                            0x08005fa4   Section        0  mode.o(i.messer_main)
    i.mu_init                                0x08006020   Section        0  mode.o(i.mu_init)
    i.mu_main                                0x08006022   Section        0  mode.o(i.mu_main)
    i.scope_init                             0x08006024   Section        0  mode.o(i.scope_init)
    i.scope_main                             0x0800604c   Section        0  mode.o(i.scope_main)
    i.sendBuffer                             0x080060b4   Section        0  valuepack.o(i.sendBuffer)
    i.sendValuePack                          0x080060c8   Section        0  valuepack.o(i.sendValuePack)
    i.sendinit                               0x08006130   Section        0  send.o(i.sendinit)
    i.sendres                                0x08006132   Section        0  send.o(i.sendres)
    i.sendvolt                               0x08006134   Section        0  send.o(i.sendvolt)
    i.showinit                               0x0800614c   Section        0  show.o(i.showinit)
    i.showshow                               0x0800615c   Section        0  show.o(i.showshow)
    i.voltage_map                            0x08006334   Section        0  function.o(i.voltage_map)
    .constdata                               0x08006394   Section       24  stm32g0xx_hal_uart.o(.constdata)
    .constdata                               0x080063ac   Section       64  system_stm32g0xx.o(.constdata)
    .constdata                               0x080063ec   Section       32  system_stm32g0xx.o(.constdata)
    .constdata                               0x0800640c   Section      552  font.o(.constdata)
    .constdata                               0x08006634   Section        8  font.o(.constdata)
    .constdata                               0x0800663c   Section      400  font.o(.constdata)
    .constdata                               0x080067cc   Section        8  font.o(.constdata)
    .constdata                               0x080067d4   Section      400  key.o(.constdata)
    .data                                    0x20000000   Section       12  stm32g0xx_hal.o(.data)
    .data                                    0x2000000c   Section        4  system_stm32g0xx.o(.data)
    .data                                    0x20000010   Section       51  key.o(.data)
    Key                                      0x20000025   Data          30  key.o(.data)
    .data                                    0x20000044   Section        8  oled.o(.data)
    sendBuffer                               0x20000044   Data           1  oled.o(.data)
    temp                                     0x20000045   Data           1  oled.o(.data)
    temp                                     0x20000046   Data           1  oled.o(.data)
    .data                                    0x2000004c   Section       36  valuepack.o(.data)
    .data                                    0x20000070   Section        6  volt.o(.data)
    .data                                    0x20000078   Section      160  show.o(.data)
    .data                                    0x20000118   Section        4  status.o(.data)
    .data                                    0x2000011c   Section        2  function.o(.data)
    ispwmopen                                0x2000011c   Data           1  function.o(.data)
    ischpwmopen                              0x2000011d   Data           1  function.o(.data)
    .data                                    0x20000120   Section       48  mode.o(.data)
    .data                                    0x20000150   Section        4  stdout.o(.data)
    .bss                                     0x20000154   Section      192  adc.o(.bss)
    .bss                                     0x20000214   Section       84  i2c.o(.bss)
    .bss                                     0x20000268   Section      100  spi.o(.bss)
    .bss                                     0x200002cc   Section      228  tim.o(.bss)
    .bss                                     0x200003b0   Section      332  usart.o(.bss)
    .bss                                     0x200004fc   Section     2177  oled.o(.bss)
    sendBuffer                               0x200004fc   Data         129  oled.o(.bss)
    .bss                                     0x20000d7d   Section     1035  valuepack.o(.bss)
    .bss                                     0x20001188   Section       12  send.o(.bss)
    .bss                                     0x20001194   Section       12  mode.o(.bss)
    STACK                                    0x200011a0   Section     1024  startup_stm32g031xx.o(STACK)

    Global Symbols

    Symbol Name                              Value     Ov Type        Size  Object(Section)

    BuildAttributes$$THM_ISAv3M$S$PE$A:L22$X:L11$S22$IEEE1$IW$USESV6$~STKCKD$USESV7$~SHL$OTIME$ROPI$EBA8$MICROLIB$REQ8$PRES8$EABIv2 0x00000000   Number         0  anon$$obj.o ABSOLUTE
    __ARM_use_no_argv                        0x00000000   Number         0  main.o ABSOLUTE
    _printf_a                                0x00000000   Number         0  stubs.o ABSOLUTE
    _printf_c                                0x00000000   Number         0  stubs.o ABSOLUTE
    _printf_charcount                        0x00000000   Number         0  stubs.o ABSOLUTE
    _printf_d                                0x00000000   Number         0  stubs.o ABSOLUTE
    _printf_e                                0x00000000   Number         0  stubs.o ABSOLUTE
    _printf_f                                0x00000000   Number         0  stubs.o ABSOLUTE
    _printf_flags                            0x00000000   Number         0  stubs.o ABSOLUTE
    _printf_fp_dec                           0x00000000   Number         0  stubs.o ABSOLUTE
    _printf_fp_hex                           0x00000000   Number         0  stubs.o ABSOLUTE
    _printf_g                                0x00000000   Number         0  stubs.o ABSOLUTE
    _printf_i                                0x00000000   Number         0  stubs.o ABSOLUTE
    _printf_int_dec                          0x00000000   Number         0  stubs.o ABSOLUTE
    _printf_l                                0x00000000   Number         0  stubs.o ABSOLUTE
    _printf_lc                               0x00000000   Number         0  stubs.o ABSOLUTE
    _printf_ll                               0x00000000   Number         0  stubs.o ABSOLUTE
    _printf_lld                              0x00000000   Number         0  stubs.o ABSOLUTE
    _printf_lli                              0x00000000   Number         0  stubs.o ABSOLUTE
    _printf_llo                              0x00000000   Number         0  stubs.o ABSOLUTE
    _printf_llu                              0x00000000   Number         0  stubs.o ABSOLUTE
    _printf_llx                              0x00000000   Number         0  stubs.o ABSOLUTE
    _printf_longlong_dec                     0x00000000   Number         0  stubs.o ABSOLUTE
    _printf_longlong_hex                     0x00000000   Number         0  stubs.o ABSOLUTE
    _printf_longlong_oct                     0x00000000   Number         0  stubs.o ABSOLUTE
    _printf_ls                               0x00000000   Number         0  stubs.o ABSOLUTE
    _printf_mbtowc                           0x00000000   Number         0  stubs.o ABSOLUTE
    _printf_n                                0x00000000   Number         0  stubs.o ABSOLUTE
    _printf_o                                0x00000000   Number         0  stubs.o ABSOLUTE
    _printf_p                                0x00000000   Number         0  stubs.o ABSOLUTE
    _printf_percent                          0x00000000   Number         0  stubs.o ABSOLUTE
    _printf_pre_padding                      0x00000000   Number         0  stubs.o ABSOLUTE
    _printf_return_value                     0x00000000   Number         0  stubs.o ABSOLUTE
    _printf_s                                0x00000000   Number         0  stubs.o ABSOLUTE
    _printf_sizespec                         0x00000000   Number         0  stubs.o ABSOLUTE
    _printf_str                              0x00000000   Number         0  stubs.o ABSOLUTE
    _printf_truncate_signed                  0x00000000   Number         0  stubs.o ABSOLUTE
    _printf_truncate_unsigned                0x00000000   Number         0  stubs.o ABSOLUTE
    _printf_u                                0x00000000   Number         0  stubs.o ABSOLUTE
    _printf_wc                               0x00000000   Number         0  stubs.o ABSOLUTE
    _printf_wctomb                           0x00000000   Number         0  stubs.o ABSOLUTE
    _printf_widthprec                        0x00000000   Number         0  stubs.o ABSOLUTE
    _printf_x                                0x00000000   Number         0  stubs.o ABSOLUTE
    __cpp_initialize__aeabi_                  - Undefined Weak Reference
    __cxa_finalize                            - Undefined Weak Reference
    _clock_init                               - Undefined Weak Reference
    _microlib_exit                            - Undefined Weak Reference
    __Vectors_Size                           0x000000c0   Number         0  startup_stm32g031xx.o ABSOLUTE
    __Vectors                                0x08000000   Data           4  startup_stm32g031xx.o(RESET)
    __Vectors_End                            0x080000c0   Data           0  startup_stm32g031xx.o(RESET)
    __main                                   0x080000c1   Thumb Code     0  entry.o(.ARM.Collect$$$$00000000)
    _main_stk                                0x080000c1   Thumb Code     0  entry2.o(.ARM.Collect$$$$00000001)
    _main_scatterload                        0x080000c5   Thumb Code     0  entry5.o(.ARM.Collect$$$$00000004)
    __main_after_scatterload                 0x080000c9   Thumb Code     0  entry5.o(.ARM.Collect$$$$00000004)
    _main_clock                              0x080000c9   Thumb Code     0  entry7b.o(.ARM.Collect$$$$00000008)
    _main_cpp_init                           0x080000c9   Thumb Code     0  entry8b.o(.ARM.Collect$$$$0000000A)
    _main_init                               0x080000c9   Thumb Code     0  entry9a.o(.ARM.Collect$$$$0000000B)
    __rt_final_cpp                           0x080000d1   Thumb Code     0  entry10a.o(.ARM.Collect$$$$0000000D)
    __rt_final_exit                          0x080000d1   Thumb Code     0  entry11a.o(.ARM.Collect$$$$0000000F)
    Reset_Handler                            0x080000d5   Thumb Code     8  startup_stm32g031xx.o(.text)
    DMA1_Ch4_5_DMAMUX1_OVR_IRQHandler        0x080000e7   Thumb Code     0  startup_stm32g031xx.o(.text)
    EXTI0_1_IRQHandler                       0x080000e7   Thumb Code     0  startup_stm32g031xx.o(.text)
    EXTI2_3_IRQHandler                       0x080000e7   Thumb Code     0  startup_stm32g031xx.o(.text)
    FLASH_IRQHandler                         0x080000e7   Thumb Code     0  startup_stm32g031xx.o(.text)
    I2C1_IRQHandler                          0x080000e7   Thumb Code     0  startup_stm32g031xx.o(.text)
    LPTIM1_IRQHandler                        0x080000e7   Thumb Code     0  startup_stm32g031xx.o(.text)
    LPTIM2_IRQHandler                        0x080000e7   Thumb Code     0  startup_stm32g031xx.o(.text)
    LPUART1_IRQHandler                       0x080000e7   Thumb Code     0  startup_stm32g031xx.o(.text)
    PVD_IRQHandler                           0x080000e7   Thumb Code     0  startup_stm32g031xx.o(.text)
    RCC_IRQHandler                           0x080000e7   Thumb Code     0  startup_stm32g031xx.o(.text)
    RTC_TAMP_IRQHandler                      0x080000e7   Thumb Code     0  startup_stm32g031xx.o(.text)
    SPI1_IRQHandler                          0x080000e7   Thumb Code     0  startup_stm32g031xx.o(.text)
    SPI2_IRQHandler                          0x080000e7   Thumb Code     0  startup_stm32g031xx.o(.text)
    TIM14_IRQHandler                         0x080000e7   Thumb Code     0  startup_stm32g031xx.o(.text)
    TIM16_IRQHandler                         0x080000e7   Thumb Code     0  startup_stm32g031xx.o(.text)
    TIM1_BRK_UP_TRG_COM_IRQHandler           0x080000e7   Thumb Code     0  startup_stm32g031xx.o(.text)
    TIM1_CC_IRQHandler                       0x080000e7   Thumb Code     0  startup_stm32g031xx.o(.text)
    TIM2_IRQHandler                          0x080000e7   Thumb Code     0  startup_stm32g031xx.o(.text)
    USART1_IRQHandler                        0x080000e7   Thumb Code     0  startup_stm32g031xx.o(.text)
    USART2_IRQHandler                        0x080000e7   Thumb Code     0  startup_stm32g031xx.o(.text)
    WWDG_IRQHandler                          0x080000e7   Thumb Code     0  startup_stm32g031xx.o(.text)
    __aeabi_uidiv                            0x080000f1   Thumb Code     0  uidiv.o(.text)
    __aeabi_uidivmod                         0x080000f1   Thumb Code    44  uidiv.o(.text)
    __aeabi_idiv                             0x0800011d   Thumb Code     0  idiv.o(.text)
    __aeabi_idivmod                          0x0800011d   Thumb Code    40  idiv.o(.text)
    __aeabi_uldivmod                         0x08000145   Thumb Code    96  uldiv.o(.text)
    __aeabi_memcpy                           0x080001a5   Thumb Code    36  memcpya.o(.text)
    __aeabi_memcpy4                          0x080001a5   Thumb Code     0  memcpya.o(.text)
    __aeabi_memcpy8                          0x080001a5   Thumb Code     0  memcpya.o(.text)
    __aeabi_memset                           0x080001c9   Thumb Code    14  memseta.o(.text)
    __aeabi_memset4                          0x080001c9   Thumb Code     0  memseta.o(.text)
    __aeabi_memset8                          0x080001c9   Thumb Code     0  memseta.o(.text)
    __aeabi_memclr                           0x080001d7   Thumb Code     4  memseta.o(.text)
    __aeabi_memclr4                          0x080001d7   Thumb Code     0  memseta.o(.text)
    __aeabi_memclr8                          0x080001d7   Thumb Code     0  memseta.o(.text)
    _memset$wrapper                          0x080001db   Thumb Code    18  memseta.o(.text)
    __aeabi_fadd                             0x080001ed   Thumb Code   162  fadd.o(.text)
    __aeabi_fsub                             0x0800028f   Thumb Code     8  fadd.o(.text)
    __aeabi_frsub                            0x08000297   Thumb Code     8  fadd.o(.text)
    __aeabi_fmul                             0x0800029f   Thumb Code   122  fmul.o(.text)
    __aeabi_fdiv                             0x08000319   Thumb Code   124  fdiv.o(.text)
    __aeabi_dadd                             0x08000395   Thumb Code   328  dadd.o(.text)
    __aeabi_dsub                             0x080004dd   Thumb Code    12  dadd.o(.text)
    __aeabi_drsub                            0x080004e9   Thumb Code    12  dadd.o(.text)
    __aeabi_dmul                             0x080004f9   Thumb Code   202  dmul.o(.text)
    __aeabi_ddiv                             0x080005c9   Thumb Code   234  ddiv.o(.text)
    __aeabi_i2f                              0x080006b9   Thumb Code    22  fflti.o(.text)
    __aeabi_ui2f                             0x080006cf   Thumb Code    14  ffltui.o(.text)
    __aeabi_i2d                              0x080006dd   Thumb Code    34  dflti.o(.text)
    __aeabi_ui2d                             0x08000705   Thumb Code    24  dfltui.o(.text)
    __aeabi_f2iz                             0x08000721   Thumb Code    50  ffixi.o(.text)
    __aeabi_f2uiz                            0x08000753   Thumb Code    40  ffixui.o(.text)
    __aeabi_d2uiz                            0x0800077d   Thumb Code    50  dfixui.o(.text)
    __aeabi_f2d                              0x080007b9   Thumb Code    40  f2d.o(.text)
    __aeabi_d2f                              0x080007e1   Thumb Code    56  d2f.o(.text)
    __aeabi_llsl                             0x08000819   Thumb Code    32  llshl.o(.text)
    _ll_shift_l                              0x08000819   Thumb Code     0  llshl.o(.text)
    __aeabi_llsr                             0x08000839   Thumb Code    34  llushr.o(.text)
    _ll_ushift_r                             0x08000839   Thumb Code     0  llushr.o(.text)
    __aeabi_lasr                             0x0800085b   Thumb Code    38  llsshr.o(.text)
    _ll_sshift_r                             0x0800085b   Thumb Code     0  llsshr.o(.text)
    __I$use$fp                               0x08000881   Thumb Code     0  iusefp.o(.text)
    _float_round                             0x08000881   Thumb Code    16  fepilogue.o(.text)
    _float_epilogue                          0x08000891   Thumb Code   114  fepilogue.o(.text)
    _double_round                            0x08000903   Thumb Code    26  depilogue.o(.text)
    _double_epilogue                         0x0800091d   Thumb Code   164  depilogue.o(.text)
    __aeabi_d2ulz                            0x080009c1   Thumb Code    54  dfixul.o(.text)
    __aeabi_cdrcmple                         0x08000a01   Thumb Code    38  cdrcmple.o(.text)
    __scatterload                            0x08000a29   Thumb Code    28  init.o(.text)
    __scatterload_rt2                        0x08000a29   Thumb Code     0  init.o(.text)
    __decompress                             0x08000a4d   Thumb Code     0  __dczerorl2.o(.text)
    __decompress1                            0x08000a4d   Thumb Code    86  __dczerorl2.o(.text)
    ADC1_IRQHandler                          0x08000aa5   Thumb Code    10  stm32g0xx_it.o(i.ADC1_IRQHandler)
    ADC_ConversionStop                       0x08000ab5   Thumb Code    92  stm32g0xx_hal_adc.o(i.ADC_ConversionStop)
    ADC_Disable                              0x08000bb9   Thumb Code   110  stm32g0xx_hal_adc.o(i.ADC_Disable)
    ADC_Enable                               0x08000c2d   Thumb Code   162  stm32g0xx_hal_adc.o(i.ADC_Enable)
    CH_control                               0x08000ce1   Thumb Code    94  function.o(i.CH_control)
    CH_fcontrol                              0x08000d55   Thumb Code   136  function.o(i.CH_fcontrol)
    CH_vcontrol                              0x08000df5   Thumb Code   134  function.o(i.CH_vcontrol)
    DC_OUT                                   0x08000e91   Thumb Code    58  pwm.o(i.DC_OUT)
    DC_control                               0x08000ed5   Thumb Code    54  function.o(i.DC_control)
    DC_vcontrol                              0x08000f15   Thumb Code    26  function.o(i.DC_vcontrol)
    DMA1_Channel1_IRQHandler                 0x08000f39   Thumb Code    10  stm32g0xx_it.o(i.DMA1_Channel1_IRQHandler)
    DMA1_Channel2_3_IRQHandler               0x08000f49   Thumb Code    16  stm32g0xx_it.o(i.DMA1_Channel2_3_IRQHandler)
    EXTI4_15_IRQHandler                      0x08001001   Thumb Code    12  stm32g0xx_it.o(i.EXTI4_15_IRQHandler)
    Error_Handler                            0x0800100d   Thumb Code    10  main.o(i.Error_Handler)
    Get_Res                                  0x08001021   Thumb Code   216  function.o(i.Get_Res)
    HAL_ADCEx_Calibration_Start              0x08001115   Thumb Code   336  stm32g0xx_hal_adc_ex.o(i.HAL_ADCEx_Calibration_Start)
    HAL_ADCEx_ChannelConfigReadyCallback     0x08001275   Thumb Code     2  stm32g0xx_hal_adc_ex.o(i.HAL_ADCEx_ChannelConfigReadyCallback)
    HAL_ADCEx_EndOfSamplingCallback          0x08001277   Thumb Code     2  stm32g0xx_hal_adc_ex.o(i.HAL_ADCEx_EndOfSamplingCallback)
    HAL_ADCEx_LevelOutOfWindow2Callback      0x08001279   Thumb Code     2  stm32g0xx_hal_adc_ex.o(i.HAL_ADCEx_LevelOutOfWindow2Callback)
    HAL_ADCEx_LevelOutOfWindow3Callback      0x0800127b   Thumb Code     2  stm32g0xx_hal_adc_ex.o(i.HAL_ADCEx_LevelOutOfWindow3Callback)
    HAL_ADC_ConfigChannel                    0x0800127d   Thumb Code   522  stm32g0xx_hal_adc.o(i.HAL_ADC_ConfigChannel)
    HAL_ADC_ConvCpltCallback                 0x080014a1   Thumb Code     2  stm32g0xx_hal_adc.o(i.HAL_ADC_ConvCpltCallback)
    HAL_ADC_ConvHalfCpltCallback             0x080014a3   Thumb Code     2  stm32g0xx_hal_adc.o(i.HAL_ADC_ConvHalfCpltCallback)
    HAL_ADC_ErrorCallback                    0x080014a5   Thumb Code     2  stm32g0xx_hal_adc.o(i.HAL_ADC_ErrorCallback)
    HAL_ADC_IRQHandler                       0x080014a9   Thumb Code   330  stm32g0xx_hal_adc.o(i.HAL_ADC_IRQHandler)
    HAL_ADC_Init                             0x080015f9   Thumb Code   510  stm32g0xx_hal_adc.o(i.HAL_ADC_Init)
    HAL_ADC_LevelOutOfWindowCallback         0x08001815   Thumb Code     2  stm32g0xx_hal_adc.o(i.HAL_ADC_LevelOutOfWindowCallback)
    HAL_ADC_MspInit                          0x08001819   Thumb Code   150  adc.o(i.HAL_ADC_MspInit)
    HAL_ADC_Start_DMA                        0x080018c1   Thumb Code   158  stm32g0xx_hal_adc.o(i.HAL_ADC_Start_DMA)
    HAL_ADC_Stop_DMA                         0x08001975   Thumb Code   120  stm32g0xx_hal_adc.o(i.HAL_ADC_Stop_DMA)
    HAL_DMA_Abort                            0x080019ed   Thumb Code   112  stm32g0xx_hal_dma.o(i.HAL_DMA_Abort)
    HAL_DMA_Abort_IT                         0x08001a61   Thumb Code   118  stm32g0xx_hal_dma.o(i.HAL_DMA_Abort_IT)
    HAL_DMA_GetState                         0x08001add   Thumb Code     6  stm32g0xx_hal_dma.o(i.HAL_DMA_GetState)
    HAL_DMA_IRQHandler                       0x08001ae5   Thumb Code   180  stm32g0xx_hal_dma.o(i.HAL_DMA_IRQHandler)
    HAL_DMA_Init                             0x08001b9d   Thumb Code   156  stm32g0xx_hal_dma.o(i.HAL_DMA_Init)
    HAL_DMA_Start_IT                         0x08001c41   Thumb Code   136  stm32g0xx_hal_dma.o(i.HAL_DMA_Start_IT)
    HAL_Delay                                0x08001ccd   Thumb Code    32  stm32g0xx_hal.o(i.HAL_Delay)
    HAL_GPIO_EXTI_Falling_Callback           0x08001cf1   Thumb Code    16  key.o(i.HAL_GPIO_EXTI_Falling_Callback)
    HAL_GPIO_EXTI_IRQHandler                 0x08001d09   Thumb Code    36  stm32g0xx_hal_gpio.o(i.HAL_GPIO_EXTI_IRQHandler)
    HAL_GPIO_EXTI_Rising_Callback            0x08001d31   Thumb Code   408  key.o(i.HAL_GPIO_EXTI_Rising_Callback)
    HAL_GPIO_Init                            0x08001ef5   Thumb Code   330  stm32g0xx_hal_gpio.o(i.HAL_GPIO_Init)
    HAL_GPIO_ReadPin                         0x08002051   Thumb Code    10  stm32g0xx_hal_gpio.o(i.HAL_GPIO_ReadPin)
    HAL_GPIO_WritePin                        0x0800205b   Thumb Code    12  stm32g0xx_hal_gpio.o(i.HAL_GPIO_WritePin)
    HAL_GetTick                              0x08002069   Thumb Code     6  stm32g0xx_hal.o(i.HAL_GetTick)
    HAL_I2CEx_ConfigAnalogFilter             0x08002075   Thumb Code    74  stm32g0xx_hal_i2c_ex.o(i.HAL_I2CEx_ConfigAnalogFilter)
    HAL_I2CEx_ConfigDigitalFilter            0x080020bf   Thumb Code    72  stm32g0xx_hal_i2c_ex.o(i.HAL_I2CEx_ConfigDigitalFilter)
    HAL_I2C_AbortCpltCallback                0x08002107   Thumb Code     2  stm32g0xx_hal_i2c.o(i.HAL_I2C_AbortCpltCallback)
    HAL_I2C_AddrCallback                     0x08002109   Thumb Code     2  stm32g0xx_hal_i2c.o(i.HAL_I2C_AddrCallback)
    HAL_I2C_ER_IRQHandler                    0x0800210b   Thumb Code    94  stm32g0xx_hal_i2c.o(i.HAL_I2C_ER_IRQHandler)
    HAL_I2C_EV_IRQHandler                    0x08002169   Thumb Code    16  stm32g0xx_hal_i2c.o(i.HAL_I2C_EV_IRQHandler)
    HAL_I2C_ErrorCallback                    0x08002179   Thumb Code     2  stm32g0xx_hal_i2c.o(i.HAL_I2C_ErrorCallback)
    HAL_I2C_Init                             0x0800217d   Thumb Code   182  stm32g0xx_hal_i2c.o(i.HAL_I2C_Init)
    HAL_I2C_ListenCpltCallback               0x08002239   Thumb Code     2  stm32g0xx_hal_i2c.o(i.HAL_I2C_ListenCpltCallback)
    HAL_I2C_MspInit                          0x0800223d   Thumb Code   104  i2c.o(i.HAL_I2C_MspInit)
    HAL_I2C_SlaveRxCpltCallback              0x080022ad   Thumb Code     2  stm32g0xx_hal_i2c.o(i.HAL_I2C_SlaveRxCpltCallback)
    HAL_I2C_SlaveTxCpltCallback              0x080022af   Thumb Code     2  stm32g0xx_hal_i2c.o(i.HAL_I2C_SlaveTxCpltCallback)
    HAL_IncTick                              0x080022b1   Thumb Code    12  stm32g0xx_hal.o(i.HAL_IncTick)
    HAL_Init                                 0x080022c1   Thumb Code    36  stm32g0xx_hal.o(i.HAL_Init)
    HAL_InitTick                             0x080022e9   Thumb Code    64  stm32g0xx_hal.o(i.HAL_InitTick)
    HAL_MspInit                              0x08002331   Thumb Code    38  stm32g0xx_hal_msp.o(i.HAL_MspInit)
    HAL_NVIC_DisableIRQ                      0x0800235d   Thumb Code    26  stm32g0xx_hal_cortex.o(i.HAL_NVIC_DisableIRQ)
    HAL_NVIC_EnableIRQ                       0x0800237d   Thumb Code    18  stm32g0xx_hal_cortex.o(i.HAL_NVIC_EnableIRQ)
    HAL_NVIC_SetPriority                     0x08002395   Thumb Code     8  stm32g0xx_hal_cortex.o(i.HAL_NVIC_SetPriority)
    HAL_PWREx_ControlVoltageScaling          0x0800239d   Thumb Code    62  stm32g0xx_hal_pwr_ex.o(i.HAL_PWREx_ControlVoltageScaling)
    HAL_RCC_ClockConfig                      0x080023e9   Thumb Code   318  stm32g0xx_hal_rcc.o(i.HAL_RCC_ClockConfig)
    HAL_RCC_GetPCLK1Freq                     0x08002541   Thumb Code    26  stm32g0xx_hal_rcc.o(i.HAL_RCC_GetPCLK1Freq)
    HAL_RCC_GetSysClockFreq                  0x08002569   Thumb Code   130  stm32g0xx_hal_rcc.o(i.HAL_RCC_GetSysClockFreq)
    HAL_RCC_OscConfig                        0x080025f5   Thumb Code   962  stm32g0xx_hal_rcc.o(i.HAL_RCC_OscConfig)
    HAL_SPI_Init                             0x080029dd   Thumb Code   238  stm32g0xx_hal_spi.o(i.HAL_SPI_Init)
    HAL_SPI_MspInit                          0x08002acd   Thumb Code   102  spi.o(i.HAL_SPI_MspInit)
    HAL_SPI_Transmit                         0x08002b45   Thumb Code   352  stm32g0xx_hal_spi.o(i.HAL_SPI_Transmit)
    HAL_SYSTICK_Config                       0x08002ca5   Thumb Code    38  stm32g0xx_hal_cortex.o(i.HAL_SYSTICK_Config)
    HAL_TIMEx_Break2Callback                 0x08002cd5   Thumb Code     2  stm32g0xx_hal_tim_ex.o(i.HAL_TIMEx_Break2Callback)
    HAL_TIMEx_BreakCallback                  0x08002cd7   Thumb Code     2  stm32g0xx_hal_tim_ex.o(i.HAL_TIMEx_BreakCallback)
    HAL_TIMEx_CommutCallback                 0x08002cd9   Thumb Code     2  stm32g0xx_hal_tim_ex.o(i.HAL_TIMEx_CommutCallback)
    HAL_TIMEx_MasterConfigSynchronization    0x08002cdd   Thumb Code    98  stm32g0xx_hal_tim_ex.o(i.HAL_TIMEx_MasterConfigSynchronization)
    HAL_TIM_Base_Init                        0x08002d49   Thumb Code    76  stm32g0xx_hal_tim.o(i.HAL_TIM_Base_Init)
    HAL_TIM_Base_MspInit                     0x08002d95   Thumb Code   108  tim.o(i.HAL_TIM_Base_MspInit)
    HAL_TIM_Base_Start                       0x08002e0d   Thumb Code    66  stm32g0xx_hal_tim.o(i.HAL_TIM_Base_Start)
    HAL_TIM_Base_Start_IT                    0x08002e5d   Thumb Code    74  stm32g0xx_hal_tim.o(i.HAL_TIM_Base_Start_IT)
    HAL_TIM_Base_Stop                        0x08002eb5   Thumb Code    36  stm32g0xx_hal_tim.o(i.HAL_TIM_Base_Stop)
    HAL_TIM_ConfigClockSource                0x08002edd   Thumb Code   220  stm32g0xx_hal_tim.o(i.HAL_TIM_ConfigClockSource)
    HAL_TIM_IC_CaptureCallback               0x08002fbd   Thumb Code     2  stm32g0xx_hal_tim.o(i.HAL_TIM_IC_CaptureCallback)
    HAL_TIM_IRQHandler                       0x08002fc1   Thumb Code   318  stm32g0xx_hal_tim.o(i.HAL_TIM_IRQHandler)
    HAL_TIM_MspPostInit                      0x08003109   Thumb Code    96  tim.o(i.HAL_TIM_MspPostInit)
    HAL_TIM_OC_ConfigChannel                 0x08003175   Thumb Code   108  stm32g0xx_hal_tim.o(i.HAL_TIM_OC_ConfigChannel)
    HAL_TIM_OC_DelayElapsedCallback          0x080031e1   Thumb Code     2  stm32g0xx_hal_tim.o(i.HAL_TIM_OC_DelayElapsedCallback)
    HAL_TIM_OC_Init                          0x080031e3   Thumb Code    76  stm32g0xx_hal_tim.o(i.HAL_TIM_OC_Init)
    HAL_TIM_OC_MspInit                       0x0800322f   Thumb Code     2  stm32g0xx_hal_tim.o(i.HAL_TIM_OC_MspInit)
    HAL_TIM_PWM_ConfigChannel                0x08003231   Thumb Code   296  stm32g0xx_hal_tim.o(i.HAL_TIM_PWM_ConfigChannel)
    HAL_TIM_PWM_Init                         0x08003359   Thumb Code    76  stm32g0xx_hal_tim.o(i.HAL_TIM_PWM_Init)
    HAL_TIM_PWM_MspInit                      0x080033a5   Thumb Code     2  stm32g0xx_hal_tim.o(i.HAL_TIM_PWM_MspInit)
    HAL_TIM_PWM_PulseFinishedCallback        0x080033a7   Thumb Code     2  stm32g0xx_hal_tim.o(i.HAL_TIM_PWM_PulseFinishedCallback)
    HAL_TIM_PWM_Start                        0x080033a9   Thumb Code   178  stm32g0xx_hal_tim.o(i.HAL_TIM_PWM_Start)
    HAL_TIM_PWM_Stop                         0x08003471   Thumb Code   136  stm32g0xx_hal_tim.o(i.HAL_TIM_PWM_Stop)
    HAL_TIM_PeriodElapsedCallback            0x08003509   Thumb Code   232  key.o(i.HAL_TIM_PeriodElapsedCallback)
    HAL_TIM_TriggerCallback                  0x08003661   Thumb Code     2  stm32g0xx_hal_tim.o(i.HAL_TIM_TriggerCallback)
    HAL_UART_ErrorCallback                   0x08003663   Thumb Code     2  stm32g0xx_hal_uart.o(i.HAL_UART_ErrorCallback)
    HAL_UART_Init                            0x08003665   Thumb Code   108  stm32g0xx_hal_uart.o(i.HAL_UART_Init)
    HAL_UART_MspInit                         0x080036d1   Thumb Code   182  usart.o(i.HAL_UART_MspInit)
    HAL_UART_Transmit                        0x08003799   Thumb Code   206  stm32g0xx_hal_uart.o(i.HAL_UART_Transmit)
    HAL_UART_Transmit_DMA                    0x08003869   Thumb Code   158  stm32g0xx_hal_uart.o(i.HAL_UART_Transmit_DMA)
    HAL_UART_TxCpltCallback                  0x08003915   Thumb Code     2  stm32g0xx_hal_uart.o(i.HAL_UART_TxCpltCallback)
    HAL_UART_TxHalfCpltCallback              0x08003917   Thumb Code     2  stm32g0xx_hal_uart.o(i.HAL_UART_TxHalfCpltCallback)
    HardFault_Handler                        0x08003919   Thumb Code     2  stm32g0xx_it.o(i.HardFault_Handler)
    I2C2_IRQHandler                          0x0800391d   Thumb Code    28  stm32g0xx_it.o(i.I2C2_IRQHandler)
    Key_Scan                                 0x08003f39   Thumb Code   258  key.o(i.Key_Scan)
    MX_ADC1_Init                             0x0800408d   Thumb Code   162  adc.o(i.MX_ADC1_Init)
    MX_DMA_Init                              0x08004149   Thumb Code    52  dma.o(i.MX_DMA_Init)
    MX_GPIO_Init                             0x08004181   Thumb Code   234  gpio.o(i.MX_GPIO_Init)
    MX_I2C2_Init                             0x0800427d   Thumb Code    76  i2c.o(i.MX_I2C2_Init)
    MX_SPI2_Init                             0x080042d5   Thumb Code    66  spi.o(i.MX_SPI2_Init)
    MX_TIM17_Init                            0x08004321   Thumb Code    42  tim.o(i.MX_TIM17_Init)
    MX_TIM2_Init                             0x08004359   Thumb Code   152  tim.o(i.MX_TIM2_Init)
    MX_TIM3_Init                             0x080043f5   Thumb Code   196  tim.o(i.MX_TIM3_Init)
    MX_USART2_UART_Init                      0x080044c1   Thumb Code    50  usart.o(i.MX_USART2_UART_Init)
    NMI_Handler                              0x080044fd   Thumb Code     2  stm32g0xx_it.o(i.NMI_Handler)
    OLED_DrawImage                           0x080044ff   Thumb Code    18  oled.o(i.OLED_DrawImage)
    OLED_Init                                0x08004511   Thumb Code   192  oled.o(i.OLED_Init)
    OLED_NewFrame                            0x080045d9   Thumb Code    14  oled.o(i.OLED_NewFrame)
    OLED_PrintASCIIChar                      0x080045ed   Thumb Code    36  oled.o(i.OLED_PrintASCIIChar)
    OLED_PrintASCIIString                    0x08004611   Thumb Code    44  oled.o(i.OLED_PrintASCIIString)
    OLED_Send                                0x0800463d   Thumb Code    32  oled.o(i.OLED_Send)
    OLED_SendCmd                             0x08004665   Thumb Code    46  oled.o(i.OLED_SendCmd)
    OLED_SetBits                             0x080046a1   Thumb Code    70  oled.o(i.OLED_SetBits)
    OLED_SetBits_Fine                        0x080046e7   Thumb Code   100  oled.o(i.OLED_SetBits_Fine)
    OLED_SetBlock                            0x0800474b   Thumb Code   136  oled.o(i.OLED_SetBlock)
    OLED_SetByte_Fine                        0x080047d5   Thumb Code    66  oled.o(i.OLED_SetByte_Fine)
    OLED_ShowFrame                           0x08004821   Thumb Code    66  oled.o(i.OLED_ShowFrame)
    PWM_CH_Init                              0x08004869   Thumb Code    20  pwm.o(i.PWM_CH_Init)
    PWM_DutySet                              0x08004881   Thumb Code    32  pwm.o(i.PWM_DutySet)
    PWM_OUT_Init                             0x080048a1   Thumb Code    12  pwm.o(i.PWM_OUT_Init)
    PendSV_Handler                           0x080048b1   Thumb Code     2  stm32g0xx_it.o(i.PendSV_Handler)
    SVC_Handler                              0x08004a91   Thumb Code     2  stm32g0xx_it.o(i.SVC_Handler)
    SysTick_Handler                          0x08004a93   Thumb Code     8  stm32g0xx_it.o(i.SysTick_Handler)
    SystemClock_Config                       0x08004a9b   Thumb Code   106  main.o(i.SystemClock_Config)
    SystemInit                               0x08004b05   Thumb Code     2  system_stm32g0xx.o(i.SystemInit)
    TIM17_IRQHandler                         0x08004b09   Thumb Code    10  stm32g0xx_it.o(i.TIM17_IRQHandler)
    TIM3_IRQHandler                          0x08004b19   Thumb Code    10  stm32g0xx_it.o(i.TIM3_IRQHandler)
    TIM_Base_SetConfig                       0x08004b29   Thumb Code   126  stm32g0xx_hal_tim.o(i.TIM_Base_SetConfig)
    TIM_CCxChannelCmd                        0x08004bbd   Thumb Code    26  stm32g0xx_hal_tim.o(i.TIM_CCxChannelCmd)
    TIM_ETR_SetConfig                        0x08004bd7   Thumb Code    22  stm32g0xx_hal_tim.o(i.TIM_ETR_SetConfig)
    TIM_OC2_SetConfig                        0x08004c7d   Thumb Code   106  stm32g0xx_hal_tim.o(i.TIM_OC2_SetConfig)
    UART_AdvFeatureConfig                    0x08004ee5   Thumb Code   202  stm32g0xx_hal_uart.o(i.UART_AdvFeatureConfig)
    UART_CheckIdleState                      0x08004fb1   Thumb Code   180  stm32g0xx_hal_uart.o(i.UART_CheckIdleState)
    UART_SetConfig                           0x080051ad   Thumb Code   482  stm32g0xx_hal_uart.o(i.UART_SetConfig)
    UART_WaitOnFlagUntilTimeout              0x080053b9   Thumb Code   144  stm32g0xx_hal_uart.o(i.UART_WaitOnFlagUntilTimeout)
    VOLT_Init                                0x08005449   Thumb Code    32  volt.o(i.VOLT_Init)
    VOLT_ReadVoltages                        0x08005475   Thumb Code    96  volt.o(i.VOLT_ReadVoltages)
    __0printf                                0x080054e5   Thumb Code    24  printfa.o(i.__0printf)
    __1printf                                0x080054e5   Thumb Code     0  printfa.o(i.__0printf)
    __2printf                                0x080054e5   Thumb Code     0  printfa.o(i.__0printf)
    __c89printf                              0x080054e5   Thumb Code     0  printfa.o(i.__0printf)
    printf                                   0x080054e5   Thumb Code     0  printfa.o(i.__0printf)
    __0snprintf                              0x08005505   Thumb Code    38  printfa.o(i.__0snprintf)
    __1snprintf                              0x08005505   Thumb Code     0  printfa.o(i.__0snprintf)
    __2snprintf                              0x08005505   Thumb Code     0  printfa.o(i.__0snprintf)
    __c89snprintf                            0x08005505   Thumb Code     0  printfa.o(i.__0snprintf)
    snprintf                                 0x08005505   Thumb Code     0  printfa.o(i.__0snprintf)
    __ARM_clz                                0x08005531   Thumb Code    46  depilogue.o(i.__ARM_clz)
    __ARM_common_switch8                     0x0800555f   Thumb Code    26  stm32g0xx_hal_dma.o(i.__ARM_common_switch8)
    __scatterload_copy                       0x080055bd   Thumb Code    14  handlers.o(i.__scatterload_copy)
    __scatterload_null                       0x080055cb   Thumb Code     2  handlers.o(i.__scatterload_null)
    __scatterload_zeroinit                   0x080055cd   Thumb Code    14  handlers.o(i.__scatterload_zeroinit)
    allstop                                  0x08005e85   Thumb Code    58  mode.o(i.allstop)
    fputc                                    0x08005ecd   Thumb Code    18  printf.o(i.fputc)
    init_status                              0x08005ee9   Thumb Code    36  status.o(i.init_status)
    main                                     0x08005f11   Thumb Code    64  main.o(i.main)
    main_status                              0x08005f55   Thumb Code    36  status.o(i.main_status)
    messer_init                              0x08005f7d   Thumb Code    34  mode.o(i.messer_init)
    messer_main                              0x08005fa5   Thumb Code   114  mode.o(i.messer_main)
    mu_init                                  0x08006021   Thumb Code     2  mode.o(i.mu_init)
    mu_main                                  0x08006023   Thumb Code     2  mode.o(i.mu_main)
    scope_init                               0x08006025   Thumb Code    34  mode.o(i.scope_init)
    scope_main                               0x0800604d   Thumb Code    94  mode.o(i.scope_main)
    sendBuffer                               0x080060b5   Thumb Code    14  valuepack.o(i.sendBuffer)
    sendValuePack                            0x080060c9   Thumb Code    94  valuepack.o(i.sendValuePack)
    sendinit                                 0x08006131   Thumb Code     2  send.o(i.sendinit)
    sendres                                  0x08006133   Thumb Code     2  send.o(i.sendres)
    sendvolt                                 0x08006135   Thumb Code    20  send.o(i.sendvolt)
    showinit                                 0x0800614d   Thumb Code    14  show.o(i.showinit)
    showshow                                 0x0800615d   Thumb Code   346  show.o(i.showshow)
    voltage_map                              0x08006335   Thumb Code    84  function.o(i.voltage_map)
    UARTPrescTable                           0x08006394   Data          24  stm32g0xx_hal_uart.o(.constdata)
    AHBPrescTable                            0x080063ac   Data          64  system_stm32g0xx.o(.constdata)
    APBPrescTable                            0x080063ec   Data          32  system_stm32g0xx.o(.constdata)
    ascii_8x6                                0x0800640c   Data         552  font.o(.constdata)
    afont8x6                                 0x08006634   Data           8  font.o(.constdata)
    likeData                                 0x0800663c   Data         400  font.o(.constdata)
    likeImg                                  0x080067cc   Data           8  font.o(.constdata)
    square_wave                              0x080067d4   Data         400  key.o(.constdata)
    Region$$Table$$Base                      0x08006964   Number         0  anon$$obj.o(Region$$Table)
    Region$$Table$$Limit                     0x08006984   Number         0  anon$$obj.o(Region$$Table)
    uwTickFreq                               0x20000000   Data           1  stm32g0xx_hal.o(.data)
    uwTickPrio                               0x20000004   Data           4  stm32g0xx_hal.o(.data)
    uwTick                                   0x20000008   Data           4  stm32g0xx_hal.o(.data)
    SystemCoreClock                          0x2000000c   Data           4  system_stm32g0xx.o(.data)
    B_level                                  0x20000010   Data           1  key.o(.data)
    encoder_value                            0x20000011   Data           1  key.o(.data)
    select                                   0x20000012   Data           2  key.o(.data)
    keycount                                 0x20000014   Data           4  key.o(.data)
    sample_index                             0x20000018   Data           4  key.o(.data)
    sample_indexf                            0x2000001c   Data           4  key.o(.data)
    paramlist                                0x20000020   Data           5  key.o(.data)
    USE_HORIZONTAL                           0x20000048   Data           4  oled.o(.data)
    sum                                      0x2000004c   Data           1  valuepack.o(.data)
    isok                                     0x2000004d   Data           1  valuepack.o(.data)
    valuepack_tx_bit_index                   0x2000004e   Data           1  valuepack.o(.data)
    valuepack_tx_index                       0x2000004f   Data           1  valuepack.o(.data)
    rx_pack_length                           0x20000050   Data           2  valuepack.o(.data)
    this_index                               0x20000052   Data           2  valuepack.o(.data)
    last_index                               0x20000054   Data           2  valuepack.o(.data)
    rdi                                      0x20000056   Data           2  valuepack.o(.data)
    rdii                                     0x20000058   Data           2  valuepack.o(.data)
    idl                                      0x2000005a   Data           2  valuepack.o(.data)
    idi                                      0x2000005c   Data           2  valuepack.o(.data)
    loop                                     0x2000005e   Data           2  valuepack.o(.data)
    rxIndex                                  0x20000060   Data           4  valuepack.o(.data)
    rdIndex                                  0x20000064   Data           4  valuepack.o(.data)
    err                                      0x20000068   Data           4  valuepack.o(.data)
    idc                                      0x2000006c   Data           4  valuepack.o(.data)
    adcValues                                0x20000070   Data           6  volt.o(.data)
    statuschar                               0x20000078   Data          40  show.o(.data)
    functionshowchar                         0x200000a0   Data          50  show.o(.data)
    paramshowchar                            0x200000d2   Data          50  show.o(.data)
    showparamlist                            0x20000104   Data          20  show.o(.data)
    status                                   0x20000118   Data           4  status.o(.data)
    res                                      0x20000120   Data           8  mode.o(.data)
    functionshow                             0x20000128   Data          20  mode.o(.data)
    paramshow                                0x2000013c   Data          20  mode.o(.data)
    __stdout                                 0x20000150   Data           4  stdout.o(.data)
    hadc1                                    0x20000154   Data         100  adc.o(.bss)
    hdma_adc1                                0x200001b8   Data          92  adc.o(.bss)
    hi2c2                                    0x20000214   Data          84  i2c.o(.bss)
    hspi2                                    0x20000268   Data         100  spi.o(.bss)
    htim2                                    0x200002cc   Data          76  tim.o(.bss)
    htim3                                    0x20000318   Data          76  tim.o(.bss)
    htim17                                   0x20000364   Data          76  tim.o(.bss)
    huart2                                   0x200003b0   Data         148  usart.o(.bss)
    hdma_usart2_rx                           0x20000444   Data          92  usart.o(.bss)
    hdma_usart2_tx                           0x200004a0   Data          92  usart.o(.bss)
    OLED_GRAM                                0x2000057d   Data        2048  oled.o(.bss)
    vp_rxbuff                                0x20000d7d   Data        1024  valuepack.o(.bss)
    vp_txbuff                                0x2000117d   Data          11  valuepack.o(.bss)
    tx_pack                                  0x20001188   Data          12  send.o(.bss)
    voltages                                 0x20001194   Data          12  mode.o(.bss)
    __initial_sp                             0x200015a0   Data           0  startup_stm32g031xx.o(STACK)



==============================================================================

Memory Map of the image

  Image Entry point : 0x080000c1

  Load Region LR_IROM1 (Base: 0x08000000, Size: 0x00006ad8, Max: 0x00010000, ABSOLUTE, COMPRESSED[0x00006a08])

    Execution Region ER_IROM1 (Exec base: 0x08000000, Load base: 0x08000000, Size: 0x00006984, Max: 0x00010000, ABSOLUTE)

    Exec Addr    Load Addr    Size         Type   Attr      Idx    E Section Name        Object

    0x08000000   0x08000000   0x000000c0   Data   RO            3    RESET               startup_stm32g031xx.o
    0x080000c0   0x080000c0   0x00000000   Code   RO         5234  * .ARM.Collect$$$$00000000  mc_p.l(entry.o)
    0x080000c0   0x080000c0   0x00000004   Code   RO         5544    .ARM.Collect$$$$00000001  mc_p.l(entry2.o)
    0x080000c4   0x080000c4   0x00000004   Code   RO         5547    .ARM.Collect$$$$00000004  mc_p.l(entry5.o)
    0x080000c8   0x080000c8   0x00000000   Code   RO         5549    .ARM.Collect$$$$00000008  mc_p.l(entry7b.o)
    0x080000c8   0x080000c8   0x00000000   Code   RO         5551    .ARM.Collect$$$$0000000A  mc_p.l(entry8b.o)
    0x080000c8   0x080000c8   0x00000008   Code   RO         5552    .ARM.Collect$$$$0000000B  mc_p.l(entry9a.o)
    0x080000d0   0x080000d0   0x00000000   Code   RO         5554    .ARM.Collect$$$$0000000D  mc_p.l(entry10a.o)
    0x080000d0   0x080000d0   0x00000000   Code   RO         5556    .ARM.Collect$$$$0000000F  mc_p.l(entry11a.o)
    0x080000d0   0x080000d0   0x00000004   Code   RO         5545    .ARM.Collect$$$$00002712  mc_p.l(entry2.o)
    0x080000d4   0x080000d4   0x0000001c   Code   RO            4    .text               startup_stm32g031xx.o
    0x080000f0   0x080000f0   0x0000002c   Code   RO         5237    .text               mc_p.l(uidiv.o)
    0x0800011c   0x0800011c   0x00000028   Code   RO         5239    .text               mc_p.l(idiv.o)
    0x08000144   0x08000144   0x00000060   Code   RO         5241    .text               mc_p.l(uldiv.o)
    0x080001a4   0x080001a4   0x00000024   Code   RO         5243    .text               mc_p.l(memcpya.o)
    0x080001c8   0x080001c8   0x00000024   Code   RO         5245    .text               mc_p.l(memseta.o)
    0x080001ec   0x080001ec   0x000000b2   Code   RO         5512    .text               mf_p.l(fadd.o)
    0x0800029e   0x0800029e   0x0000007a   Code   RO         5514    .text               mf_p.l(fmul.o)
    0x08000318   0x08000318   0x0000007c   Code   RO         5516    .text               mf_p.l(fdiv.o)
    0x08000394   0x08000394   0x00000164   Code   RO         5518    .text               mf_p.l(dadd.o)
    0x080004f8   0x080004f8   0x000000d0   Code   RO         5520    .text               mf_p.l(dmul.o)
    0x080005c8   0x080005c8   0x000000f0   Code   RO         5522    .text               mf_p.l(ddiv.o)
    0x080006b8   0x080006b8   0x00000016   Code   RO         5524    .text               mf_p.l(fflti.o)
    0x080006ce   0x080006ce   0x0000000e   Code   RO         5526    .text               mf_p.l(ffltui.o)
    0x080006dc   0x080006dc   0x00000028   Code   RO         5528    .text               mf_p.l(dflti.o)
    0x08000704   0x08000704   0x0000001c   Code   RO         5530    .text               mf_p.l(dfltui.o)
    0x08000720   0x08000720   0x00000032   Code   RO         5532    .text               mf_p.l(ffixi.o)
    0x08000752   0x08000752   0x00000028   Code   RO         5534    .text               mf_p.l(ffixui.o)
    0x0800077a   0x0800077a   0x00000002   PAD
    0x0800077c   0x0800077c   0x0000003c   Code   RO         5538    .text               mf_p.l(dfixui.o)
    0x080007b8   0x080007b8   0x00000028   Code   RO         5540    .text               mf_p.l(f2d.o)
    0x080007e0   0x080007e0   0x00000038   Code   RO         5542    .text               mf_p.l(d2f.o)
    0x08000818   0x08000818   0x00000020   Code   RO         5559    .text               mc_p.l(llshl.o)
    0x08000838   0x08000838   0x00000022   Code   RO         5561    .text               mc_p.l(llushr.o)
    0x0800085a   0x0800085a   0x00000026   Code   RO         5563    .text               mc_p.l(llsshr.o)
    0x08000880   0x08000880   0x00000000   Code   RO         5565    .text               mc_p.l(iusefp.o)
    0x08000880   0x08000880   0x00000082   Code   RO         5566    .text               mf_p.l(fepilogue.o)
    0x08000902   0x08000902   0x000000be   Code   RO         5568    .text               mf_p.l(depilogue.o)
    0x080009c0   0x080009c0   0x00000040   Code   RO         5572    .text               mf_p.l(dfixul.o)
    0x08000a00   0x08000a00   0x00000028   Code   RO         5574    .text               mf_p.l(cdrcmple.o)
    0x08000a28   0x08000a28   0x00000024   Code   RO         5576    .text               mc_p.l(init.o)
    0x08000a4c   0x08000a4c   0x00000056   Code   RO         5586    .text               mc_p.l(__dczerorl2.o)
    0x08000aa2   0x08000aa2   0x00000002   PAD
    0x08000aa4   0x08000aa4   0x00000010   Code   RO          477    i.ADC1_IRQHandler   stm32g0xx_it.o
    0x08000ab4   0x08000ab4   0x00000060   Code   RO          587    i.ADC_ConversionStop  stm32g0xx_hal_adc.o
    0x08000b14   0x08000b14   0x00000080   Code   RO          588    i.ADC_DMAConvCplt   stm32g0xx_hal_adc.o
    0x08000b94   0x08000b94   0x0000001a   Code   RO          589    i.ADC_DMAError      stm32g0xx_hal_adc.o
    0x08000bae   0x08000bae   0x0000000a   Code   RO          590    i.ADC_DMAHalfConvCplt  stm32g0xx_hal_adc.o
    0x08000bb8   0x08000bb8   0x00000074   Code   RO          591    i.ADC_Disable       stm32g0xx_hal_adc.o
    0x08000c2c   0x08000c2c   0x000000b4   Code   RO          592    i.ADC_Enable        stm32g0xx_hal_adc.o
    0x08000ce0   0x08000ce0   0x00000074   Code   RO         5107    i.CH_control        function.o
    0x08000d54   0x08000d54   0x000000a0   Code   RO         5108    i.CH_fcontrol       function.o
    0x08000df4   0x08000df4   0x0000009c   Code   RO         5109    i.CH_vcontrol       function.o
    0x08000e90   0x08000e90   0x00000044   Code   RO         4870    i.DC_OUT            pwm.o
    0x08000ed4   0x08000ed4   0x00000040   Code   RO         5110    i.DC_control        function.o
    0x08000f14   0x08000f14   0x00000024   Code   RO         5111    i.DC_vcontrol       function.o
    0x08000f38   0x08000f38   0x00000010   Code   RO          478    i.DMA1_Channel1_IRQHandler  stm32g0xx_it.o
    0x08000f48   0x08000f48   0x00000018   Code   RO          479    i.DMA1_Channel2_3_IRQHandler  stm32g0xx_it.o
    0x08000f60   0x08000f60   0x00000030   Code   RO         1305    i.DMA_CalcDMAMUXChannelBaseAndMask  stm32g0xx_hal_dma.o
    0x08000f90   0x08000f90   0x00000028   Code   RO         1306    i.DMA_CalcDMAMUXRequestGenBaseAndMask  stm32g0xx_hal_dma.o
    0x08000fb8   0x08000fb8   0x00000048   Code   RO         1307    i.DMA_SetConfig     stm32g0xx_hal_dma.o
    0x08001000   0x08001000   0x0000000c   Code   RO          480    i.EXTI4_15_IRQHandler  stm32g0xx_it.o
    0x0800100c   0x0800100c   0x00000014   Code   RO           12    i.Error_Handler     main.o
    0x08001020   0x08001020   0x000000f4   Code   RO         5112    i.Get_Res           function.o
    0x08001114   0x08001114   0x00000160   Code   RO          801    i.HAL_ADCEx_Calibration_Start  stm32g0xx_hal_adc_ex.o
    0x08001274   0x08001274   0x00000002   Code   RO          802    i.HAL_ADCEx_ChannelConfigReadyCallback  stm32g0xx_hal_adc_ex.o
    0x08001276   0x08001276   0x00000002   Code   RO          804    i.HAL_ADCEx_EndOfSamplingCallback  stm32g0xx_hal_adc_ex.o
    0x08001278   0x08001278   0x00000002   Code   RO          805    i.HAL_ADCEx_LevelOutOfWindow2Callback  stm32g0xx_hal_adc_ex.o
    0x0800127a   0x0800127a   0x00000002   Code   RO          806    i.HAL_ADCEx_LevelOutOfWindow3Callback  stm32g0xx_hal_adc_ex.o
    0x0800127c   0x0800127c   0x00000224   Code   RO          594    i.HAL_ADC_ConfigChannel  stm32g0xx_hal_adc.o
    0x080014a0   0x080014a0   0x00000002   Code   RO          595    i.HAL_ADC_ConvCpltCallback  stm32g0xx_hal_adc.o
    0x080014a2   0x080014a2   0x00000002   Code   RO          596    i.HAL_ADC_ConvHalfCpltCallback  stm32g0xx_hal_adc.o
    0x080014a4   0x080014a4   0x00000002   Code   RO          598    i.HAL_ADC_ErrorCallback  stm32g0xx_hal_adc.o
    0x080014a6   0x080014a6   0x00000002   PAD
    0x080014a8   0x080014a8   0x00000150   Code   RO          602    i.HAL_ADC_IRQHandler  stm32g0xx_hal_adc.o
    0x080015f8   0x080015f8   0x0000021c   Code   RO          603    i.HAL_ADC_Init      stm32g0xx_hal_adc.o
    0x08001814   0x08001814   0x00000002   Code   RO          604    i.HAL_ADC_LevelOutOfWindowCallback  stm32g0xx_hal_adc.o
    0x08001816   0x08001816   0x00000002   PAD
    0x08001818   0x08001818   0x000000a8   Code   RO          250    i.HAL_ADC_MspInit   adc.o
    0x080018c0   0x080018c0   0x000000b4   Code   RO          610    i.HAL_ADC_Start_DMA  stm32g0xx_hal_adc.o
    0x08001974   0x08001974   0x00000078   Code   RO          613    i.HAL_ADC_Stop_DMA  stm32g0xx_hal_adc.o
    0x080019ec   0x080019ec   0x00000074   Code   RO         1308    i.HAL_DMA_Abort     stm32g0xx_hal_dma.o
    0x08001a60   0x08001a60   0x0000007c   Code   RO         1309    i.HAL_DMA_Abort_IT  stm32g0xx_hal_dma.o
    0x08001adc   0x08001adc   0x00000006   Code   RO         1312    i.HAL_DMA_GetState  stm32g0xx_hal_dma.o
    0x08001ae2   0x08001ae2   0x00000002   PAD
    0x08001ae4   0x08001ae4   0x000000b8   Code   RO         1313    i.HAL_DMA_IRQHandler  stm32g0xx_hal_dma.o
    0x08001b9c   0x08001b9c   0x000000a4   Code   RO         1314    i.HAL_DMA_Init      stm32g0xx_hal_dma.o
    0x08001c40   0x08001c40   0x0000008c   Code   RO         1318    i.HAL_DMA_Start_IT  stm32g0xx_hal_dma.o
    0x08001ccc   0x08001ccc   0x00000024   Code   RO         1843    i.HAL_Delay         stm32g0xx_hal.o
    0x08001cf0   0x08001cf0   0x00000018   Code   RO         4591    i.HAL_GPIO_EXTI_Falling_Callback  key.o
    0x08001d08   0x08001d08   0x00000028   Code   RO         1239    i.HAL_GPIO_EXTI_IRQHandler  stm32g0xx_hal_gpio.o
    0x08001d30   0x08001d30   0x000001c4   Code   RO         4592    i.HAL_GPIO_EXTI_Rising_Callback  key.o
    0x08001ef4   0x08001ef4   0x0000015c   Code   RO         1241    i.HAL_GPIO_Init     stm32g0xx_hal_gpio.o
    0x08002050   0x08002050   0x0000000a   Code   RO         1243    i.HAL_GPIO_ReadPin  stm32g0xx_hal_gpio.o
    0x0800205a   0x0800205a   0x0000000c   Code   RO         1245    i.HAL_GPIO_WritePin  stm32g0xx_hal_gpio.o
    0x08002066   0x08002066   0x00000002   PAD
    0x08002068   0x08002068   0x0000000c   Code   RO         1847    i.HAL_GetTick       stm32g0xx_hal.o
    0x08002074   0x08002074   0x0000004a   Code   RO         2598    i.HAL_I2CEx_ConfigAnalogFilter  stm32g0xx_hal_i2c_ex.o
    0x080020be   0x080020be   0x00000048   Code   RO         2599    i.HAL_I2CEx_ConfigDigitalFilter  stm32g0xx_hal_i2c_ex.o
    0x08002106   0x08002106   0x00000002   Code   RO         2130    i.HAL_I2C_AbortCpltCallback  stm32g0xx_hal_i2c.o
    0x08002108   0x08002108   0x00000002   Code   RO         2131    i.HAL_I2C_AddrCallback  stm32g0xx_hal_i2c.o
    0x0800210a   0x0800210a   0x0000005e   Code   RO         2134    i.HAL_I2C_ER_IRQHandler  stm32g0xx_hal_i2c.o
    0x08002168   0x08002168   0x00000010   Code   RO         2135    i.HAL_I2C_EV_IRQHandler  stm32g0xx_hal_i2c.o
    0x08002178   0x08002178   0x00000002   Code   RO         2137    i.HAL_I2C_ErrorCallback  stm32g0xx_hal_i2c.o
    0x0800217a   0x0800217a   0x00000002   PAD
    0x0800217c   0x0800217c   0x000000bc   Code   RO         2141    i.HAL_I2C_Init      stm32g0xx_hal_i2c.o
    0x08002238   0x08002238   0x00000002   Code   RO         2143    i.HAL_I2C_ListenCpltCallback  stm32g0xx_hal_i2c.o
    0x0800223a   0x0800223a   0x00000002   PAD
    0x0800223c   0x0800223c   0x00000070   Code   RO          308    i.HAL_I2C_MspInit   i2c.o
    0x080022ac   0x080022ac   0x00000002   Code   RO         2167    i.HAL_I2C_SlaveRxCpltCallback  stm32g0xx_hal_i2c.o
    0x080022ae   0x080022ae   0x00000002   Code   RO         2168    i.HAL_I2C_SlaveTxCpltCallback  stm32g0xx_hal_i2c.o
    0x080022b0   0x080022b0   0x00000010   Code   RO         1853    i.HAL_IncTick       stm32g0xx_hal.o
    0x080022c0   0x080022c0   0x00000028   Code   RO         1854    i.HAL_Init          stm32g0xx_hal.o
    0x080022e8   0x080022e8   0x00000048   Code   RO         1855    i.HAL_InitTick      stm32g0xx_hal.o
    0x08002330   0x08002330   0x0000002c   Code   RO          567    i.HAL_MspInit       stm32g0xx_hal_msp.o
    0x0800235c   0x0800235c   0x00000020   Code   RO         1720    i.HAL_NVIC_DisableIRQ  stm32g0xx_hal_cortex.o
    0x0800237c   0x0800237c   0x00000018   Code   RO         1721    i.HAL_NVIC_EnableIRQ  stm32g0xx_hal_cortex.o
    0x08002394   0x08002394   0x00000008   Code   RO         1725    i.HAL_NVIC_SetPriority  stm32g0xx_hal_cortex.o
    0x0800239c   0x0800239c   0x0000004c   Code   RO         1539    i.HAL_PWREx_ControlVoltageScaling  stm32g0xx_hal_pwr_ex.o
    0x080023e8   0x080023e8   0x00000158   Code   RO          873    i.HAL_RCC_ClockConfig  stm32g0xx_hal_rcc.o
    0x08002540   0x08002540   0x00000028   Code   RO          881    i.HAL_RCC_GetPCLK1Freq  stm32g0xx_hal_rcc.o
    0x08002568   0x08002568   0x0000008c   Code   RO          883    i.HAL_RCC_GetSysClockFreq  stm32g0xx_hal_rcc.o
    0x080025f4   0x080025f4   0x000003e8   Code   RO          887    i.HAL_RCC_OscConfig  stm32g0xx_hal_rcc.o
    0x080029dc   0x080029dc   0x000000ee   Code   RO         2659    i.HAL_SPI_Init      stm32g0xx_hal_spi.o
    0x08002aca   0x08002aca   0x00000002   PAD
    0x08002acc   0x08002acc   0x00000078   Code   RO          346    i.HAL_SPI_MspInit   spi.o
    0x08002b44   0x08002b44   0x00000160   Code   RO         2667    i.HAL_SPI_Transmit  stm32g0xx_hal_spi.o
    0x08002ca4   0x08002ca4   0x00000030   Code   RO         1729    i.HAL_SYSTICK_Config  stm32g0xx_hal_cortex.o
    0x08002cd4   0x08002cd4   0x00000002   Code   RO         3703    i.HAL_TIMEx_Break2Callback  stm32g0xx_hal_tim_ex.o
    0x08002cd6   0x08002cd6   0x00000002   Code   RO         3704    i.HAL_TIMEx_BreakCallback  stm32g0xx_hal_tim_ex.o
    0x08002cd8   0x08002cd8   0x00000002   Code   RO         3705    i.HAL_TIMEx_CommutCallback  stm32g0xx_hal_tim_ex.o
    0x08002cda   0x08002cda   0x00000002   PAD
    0x08002cdc   0x08002cdc   0x0000006c   Code   RO         3726    i.HAL_TIMEx_MasterConfigSynchronization  stm32g0xx_hal_tim_ex.o
    0x08002d48   0x08002d48   0x0000004c   Code   RO         2993    i.HAL_TIM_Base_Init  stm32g0xx_hal_tim.o
    0x08002d94   0x08002d94   0x00000078   Code   RO          384    i.HAL_TIM_Base_MspInit  tim.o
    0x08002e0c   0x08002e0c   0x00000050   Code   RO         2996    i.HAL_TIM_Base_Start  stm32g0xx_hal_tim.o
    0x08002e5c   0x08002e5c   0x00000058   Code   RO         2998    i.HAL_TIM_Base_Start_IT  stm32g0xx_hal_tim.o
    0x08002eb4   0x08002eb4   0x00000028   Code   RO         2999    i.HAL_TIM_Base_Stop  stm32g0xx_hal_tim.o
    0x08002edc   0x08002edc   0x000000e0   Code   RO         3002    i.HAL_TIM_ConfigClockSource  stm32g0xx_hal_tim.o
    0x08002fbc   0x08002fbc   0x00000002   Code   RO         3027    i.HAL_TIM_IC_CaptureCallback  stm32g0xx_hal_tim.o
    0x08002fbe   0x08002fbe   0x00000002   PAD
    0x08002fc0   0x08002fc0   0x00000148   Code   RO         3041    i.HAL_TIM_IRQHandler  stm32g0xx_hal_tim.o
    0x08003108   0x08003108   0x0000006c   Code   RO          385    i.HAL_TIM_MspPostInit  tim.o
    0x08003174   0x08003174   0x0000006c   Code   RO         3042    i.HAL_TIM_OC_ConfigChannel  stm32g0xx_hal_tim.o
    0x080031e0   0x080031e0   0x00000002   Code   RO         3044    i.HAL_TIM_OC_DelayElapsedCallback  stm32g0xx_hal_tim.o
    0x080031e2   0x080031e2   0x0000004c   Code   RO         3046    i.HAL_TIM_OC_Init   stm32g0xx_hal_tim.o
    0x0800322e   0x0800322e   0x00000002   Code   RO         3048    i.HAL_TIM_OC_MspInit  stm32g0xx_hal_tim.o
    0x08003230   0x08003230   0x00000128   Code   RO         3065    i.HAL_TIM_PWM_ConfigChannel  stm32g0xx_hal_tim.o
    0x08003358   0x08003358   0x0000004c   Code   RO         3068    i.HAL_TIM_PWM_Init  stm32g0xx_hal_tim.o
    0x080033a4   0x080033a4   0x00000002   Code   RO         3070    i.HAL_TIM_PWM_MspInit  stm32g0xx_hal_tim.o
    0x080033a6   0x080033a6   0x00000002   Code   RO         3071    i.HAL_TIM_PWM_PulseFinishedCallback  stm32g0xx_hal_tim.o
    0x080033a8   0x080033a8   0x000000c8   Code   RO         3073    i.HAL_TIM_PWM_Start  stm32g0xx_hal_tim.o
    0x08003470   0x08003470   0x00000098   Code   RO         3076    i.HAL_TIM_PWM_Stop  stm32g0xx_hal_tim.o
    0x08003508   0x08003508   0x00000158   Code   RO         4593    i.HAL_TIM_PeriodElapsedCallback  key.o
    0x08003660   0x08003660   0x00000002   Code   RO         3084    i.HAL_TIM_TriggerCallback  stm32g0xx_hal_tim.o
    0x08003662   0x08003662   0x00000002   Code   RO         4027    i.HAL_UART_ErrorCallback  stm32g0xx_hal_uart.o
    0x08003664   0x08003664   0x0000006c   Code   RO         4031    i.HAL_UART_Init     stm32g0xx_hal_uart.o
    0x080036d0   0x080036d0   0x000000c8   Code   RO          440    i.HAL_UART_MspInit  usart.o
    0x08003798   0x08003798   0x000000ce   Code   RO         4040    i.HAL_UART_Transmit  stm32g0xx_hal_uart.o
    0x08003866   0x08003866   0x00000002   PAD
    0x08003868   0x08003868   0x000000ac   Code   RO         4041    i.HAL_UART_Transmit_DMA  stm32g0xx_hal_uart.o
    0x08003914   0x08003914   0x00000002   Code   RO         4043    i.HAL_UART_TxCpltCallback  stm32g0xx_hal_uart.o
    0x08003916   0x08003916   0x00000002   Code   RO         4044    i.HAL_UART_TxHalfCpltCallback  stm32g0xx_hal_uart.o
    0x08003918   0x08003918   0x00000002   Code   RO          481    i.HardFault_Handler  stm32g0xx_it.o
    0x0800391a   0x0800391a   0x00000002   PAD
    0x0800391c   0x0800391c   0x00000020   Code   RO          482    i.I2C2_IRQHandler   stm32g0xx_it.o
    0x0800393c   0x0800393c   0x0000001c   Code   RO         2180    i.I2C_DMAAbort      stm32g0xx_hal_i2c.o
    0x08003958   0x08003958   0x00000052   Code   RO         2186    i.I2C_Disable_IRQ   stm32g0xx_hal_i2c.o
    0x080039aa   0x080039aa   0x00000022   Code   RO         2188    i.I2C_Flush_TXDR    stm32g0xx_hal_i2c.o
    0x080039cc   0x080039cc   0x0000007c   Code   RO         2189    i.I2C_ITAddrCplt    stm32g0xx_hal_i2c.o
    0x08003a48   0x08003a48   0x00000114   Code   RO         2190    i.I2C_ITError       stm32g0xx_hal_i2c.o
    0x08003b5c   0x08003b5c   0x00000068   Code   RO         2191    i.I2C_ITListenCplt  stm32g0xx_hal_i2c.o
    0x08003bc4   0x08003bc4   0x000001c0   Code   RO         2194    i.I2C_ITSlaveCplt   stm32g0xx_hal_i2c.o
    0x08003d84   0x08003d84   0x0000006a   Code   RO         2195    i.I2C_ITSlaveSeqCplt  stm32g0xx_hal_i2c.o
    0x08003dee   0x08003dee   0x00000002   PAD
    0x08003df0   0x08003df0   0x00000120   Code   RO         2204    i.I2C_Slave_ISR_IT  stm32g0xx_hal_i2c.o
    0x08003f10   0x08003f10   0x00000026   Code   RO         2206    i.I2C_TreatErrorCallback  stm32g0xx_hal_i2c.o
    0x08003f36   0x08003f36   0x00000002   PAD
    0x08003f38   0x08003f38   0x00000108   Code   RO         4594    i.Key_Scan          key.o
    0x08004040   0x08004040   0x00000008   Code   RO          615    i.LL_ADC_IsEnabled  stm32g0xx_hal_adc.o
    0x08004048   0x08004048   0x00000008   Code   RO          807    i.LL_ADC_IsEnabled  stm32g0xx_hal_adc_ex.o
    0x08004050   0x08004050   0x00000008   Code   RO          616    i.LL_ADC_REG_IsConversionOngoing  stm32g0xx_hal_adc.o
    0x08004058   0x08004058   0x00000010   Code   RO          617    i.LL_ADC_REG_IsTriggerSourceSWStart  stm32g0xx_hal_adc.o
    0x08004068   0x08004068   0x0000000e   Code   RO          619    i.LL_ADC_SetCommonPathInternalCh  stm32g0xx_hal_adc.o
    0x08004076   0x08004076   0x00000016   Code   RO          620    i.LL_ADC_SetSamplingTimeCommonChannels  stm32g0xx_hal_adc.o
    0x0800408c   0x0800408c   0x000000bc   Code   RO          251    i.MX_ADC1_Init      adc.o
    0x08004148   0x08004148   0x00000038   Code   RO          287    i.MX_DMA_Init       dma.o
    0x08004180   0x08004180   0x000000fc   Code   RO          229    i.MX_GPIO_Init      gpio.o
    0x0800427c   0x0800427c   0x00000058   Code   RO          309    i.MX_I2C2_Init      i2c.o
    0x080042d4   0x080042d4   0x0000004c   Code   RO          347    i.MX_SPI2_Init      spi.o
    0x08004320   0x08004320   0x00000038   Code   RO          386    i.MX_TIM17_Init     tim.o
    0x08004358   0x08004358   0x0000009c   Code   RO          387    i.MX_TIM2_Init      tim.o
    0x080043f4   0x080043f4   0x000000cc   Code   RO          388    i.MX_TIM3_Init      tim.o
    0x080044c0   0x080044c0   0x0000003c   Code   RO          441    i.MX_USART2_UART_Init  usart.o
    0x080044fc   0x080044fc   0x00000002   Code   RO          483    i.NMI_Handler       stm32g0xx_it.o
    0x080044fe   0x080044fe   0x00000012   Code   RO         4656    i.OLED_DrawImage    oled.o
    0x08004510   0x08004510   0x000000c8   Code   RO         4660    i.OLED_Init         oled.o
    0x080045d8   0x080045d8   0x00000014   Code   RO         4661    i.OLED_NewFrame     oled.o
    0x080045ec   0x080045ec   0x00000024   Code   RO         4662    i.OLED_PrintASCIIChar  oled.o
    0x08004610   0x08004610   0x0000002c   Code   RO         4663    i.OLED_PrintASCIIString  oled.o
    0x0800463c   0x0800463c   0x00000028   Code   RO         4665    i.OLED_Send         oled.o
    0x08004664   0x08004664   0x0000003c   Code   RO         4666    i.OLED_SendCmd      oled.o
    0x080046a0   0x080046a0   0x00000046   Code   RO         4667    i.OLED_SetBits      oled.o
    0x080046e6   0x080046e6   0x00000064   Code   RO         4668    i.OLED_SetBits_Fine  oled.o
    0x0800474a   0x0800474a   0x00000088   Code   RO         4669    i.OLED_SetBlock     oled.o
    0x080047d2   0x080047d2   0x00000002   PAD
    0x080047d4   0x080047d4   0x0000004c   Code   RO         4671    i.OLED_SetByte_Fine  oled.o
    0x08004820   0x08004820   0x00000048   Code   RO         4674    i.OLED_ShowFrame    oled.o
    0x08004868   0x08004868   0x00000018   Code   RO         4871    i.PWM_CH_Init       pwm.o
    0x08004880   0x08004880   0x00000020   Code   RO         4872    i.PWM_DutySet       pwm.o
    0x080048a0   0x080048a0   0x00000010   Code   RO         4873    i.PWM_OUT_Init      pwm.o
    0x080048b0   0x080048b0   0x00000002   Code   RO          484    i.PendSV_Handler    stm32g0xx_it.o
    0x080048b2   0x080048b2   0x0000004c   Code   RO         2697    i.SPI_EndRxTxTransaction  stm32g0xx_hal_spi.o
    0x080048fe   0x080048fe   0x00000002   PAD
    0x08004900   0x08004900   0x000000d8   Code   RO         2702    i.SPI_WaitFifoStateUntilTimeout  stm32g0xx_hal_spi.o
    0x080049d8   0x080049d8   0x000000b8   Code   RO         2703    i.SPI_WaitFlagStateUntilTimeout  stm32g0xx_hal_spi.o
    0x08004a90   0x08004a90   0x00000002   Code   RO          485    i.SVC_Handler       stm32g0xx_it.o
    0x08004a92   0x08004a92   0x00000008   Code   RO          486    i.SysTick_Handler   stm32g0xx_it.o
    0x08004a9a   0x08004a9a   0x0000006a   Code   RO           13    i.SystemClock_Config  main.o
    0x08004b04   0x08004b04   0x00000002   Code   RO         4533    i.SystemInit        system_stm32g0xx.o
    0x08004b06   0x08004b06   0x00000002   PAD
    0x08004b08   0x08004b08   0x00000010   Code   RO          487    i.TIM17_IRQHandler  stm32g0xx_it.o
    0x08004b18   0x08004b18   0x00000010   Code   RO          488    i.TIM3_IRQHandler   stm32g0xx_it.o
    0x08004b28   0x08004b28   0x00000094   Code   RO         3086    i.TIM_Base_SetConfig  stm32g0xx_hal_tim.o
    0x08004bbc   0x08004bbc   0x0000001a   Code   RO         3087    i.TIM_CCxChannelCmd  stm32g0xx_hal_tim.o
    0x08004bd6   0x08004bd6   0x00000016   Code   RO         3097    i.TIM_ETR_SetConfig  stm32g0xx_hal_tim.o
    0x08004bec   0x08004bec   0x00000014   Code   RO         3098    i.TIM_ITRx_SetConfig  stm32g0xx_hal_tim.o
    0x08004c00   0x08004c00   0x0000007c   Code   RO         3099    i.TIM_OC1_SetConfig  stm32g0xx_hal_tim.o
    0x08004c7c   0x08004c7c   0x0000007c   Code   RO         3100    i.TIM_OC2_SetConfig  stm32g0xx_hal_tim.o
    0x08004cf8   0x08004cf8   0x0000007c   Code   RO         3101    i.TIM_OC3_SetConfig  stm32g0xx_hal_tim.o
    0x08004d74   0x08004d74   0x00000068   Code   RO         3102    i.TIM_OC4_SetConfig  stm32g0xx_hal_tim.o
    0x08004ddc   0x08004ddc   0x0000005c   Code   RO         3103    i.TIM_OC5_SetConfig  stm32g0xx_hal_tim.o
    0x08004e38   0x08004e38   0x00000064   Code   RO         3104    i.TIM_OC6_SetConfig  stm32g0xx_hal_tim.o
    0x08004e9c   0x08004e9c   0x00000022   Code   RO         3106    i.TIM_TI1_ConfigInputStage  stm32g0xx_hal_tim.o
    0x08004ebe   0x08004ebe   0x00000026   Code   RO         3108    i.TIM_TI2_ConfigInputStage  stm32g0xx_hal_tim.o
    0x08004ee4   0x08004ee4   0x000000ca   Code   RO         4045    i.UART_AdvFeatureConfig  stm32g0xx_hal_uart.o
    0x08004fae   0x08004fae   0x00000002   PAD
    0x08004fb0   0x08004fb0   0x000000b8   Code   RO         4046    i.UART_CheckIdleState  stm32g0xx_hal_uart.o
    0x08005068   0x08005068   0x0000004e   Code   RO         4048    i.UART_DMAError     stm32g0xx_hal_uart.o
    0x080050b6   0x080050b6   0x0000004c   Code   RO         4053    i.UART_DMATransmitCplt  stm32g0xx_hal_uart.o
    0x08005102   0x08005102   0x0000000a   Code   RO         4055    i.UART_DMATxHalfCplt  stm32g0xx_hal_uart.o
    0x0800510c   0x0800510c   0x00000064   Code   RO         4057    i.UART_EndRxTransfer  stm32g0xx_hal_uart.o
    0x08005170   0x08005170   0x0000003c   Code   RO         4058    i.UART_EndTxTransfer  stm32g0xx_hal_uart.o
    0x080051ac   0x080051ac   0x0000020c   Code   RO         4063    i.UART_SetConfig    stm32g0xx_hal_uart.o
    0x080053b8   0x080053b8   0x00000090   Code   RO         4070    i.UART_WaitOnFlagUntilTimeout  stm32g0xx_hal_uart.o
    0x08005448   0x08005448   0x0000002c   Code   RO         4982    i.VOLT_Init         volt.o
    0x08005474   0x08005474   0x00000070   Code   RO         4983    i.VOLT_ReadVoltages  volt.o
    0x080054e4   0x080054e4   0x00000020   Code   RO         5484    i.__0printf         mc_p.l(printfa.o)
    0x08005504   0x08005504   0x0000002c   Code   RO         5485    i.__0snprintf       mc_p.l(printfa.o)
    0x08005530   0x08005530   0x0000002e   Code   RO         5570    i.__ARM_clz         mf_p.l(depilogue.o)
    0x0800555e   0x0800555e   0x0000001a   Code   RO         1401    i.__ARM_common_switch8  stm32g0xx_hal_dma.o
    0x08005578   0x08005578   0x00000044   Code   RO         1731    i.__NVIC_SetPriority  stm32g0xx_hal_cortex.o
    0x080055bc   0x080055bc   0x0000000e   Code   RO         5580    i.__scatterload_copy  mc_p.l(handlers.o)
    0x080055ca   0x080055ca   0x00000002   Code   RO         5581    i.__scatterload_null  mc_p.l(handlers.o)
    0x080055cc   0x080055cc   0x0000000e   Code   RO         5582    i.__scatterload_zeroinit  mc_p.l(handlers.o)
    0x080055da   0x080055da   0x00000002   PAD
    0x080055dc   0x080055dc   0x00000158   Code   RO         5491    i._fp_digits        mc_p.l(printfa.o)
    0x08005734   0x08005734   0x000006ec   Code   RO         5492    i._printf_core      mc_p.l(printfa.o)
    0x08005e20   0x08005e20   0x00000020   Code   RO         5493    i._printf_post_padding  mc_p.l(printfa.o)
    0x08005e40   0x08005e40   0x0000002c   Code   RO         5494    i._printf_pre_padding  mc_p.l(printfa.o)
    0x08005e6c   0x08005e6c   0x00000016   Code   RO         5495    i._snputc           mc_p.l(printfa.o)
    0x08005e82   0x08005e82   0x00000002   PAD
    0x08005e84   0x08005e84   0x00000048   Code   RO         5168    i.allstop           mode.o
    0x08005ecc   0x08005ecc   0x0000001c   Code   RO         4838    i.fputc             printf.o
    0x08005ee8   0x08005ee8   0x00000028   Code   RO         5084    i.init_status       status.o
    0x08005f10   0x08005f10   0x00000044   Code   RO           14    i.main              main.o
    0x08005f54   0x08005f54   0x00000028   Code   RO         5085    i.main_status       status.o
    0x08005f7c   0x08005f7c   0x00000028   Code   RO         5169    i.messer_init       mode.o
    0x08005fa4   0x08005fa4   0x0000007c   Code   RO         5170    i.messer_main       mode.o
    0x08006020   0x08006020   0x00000002   Code   RO         5171    i.mu_init           mode.o
    0x08006022   0x08006022   0x00000002   Code   RO         5172    i.mu_main           mode.o
    0x08006024   0x08006024   0x00000028   Code   RO         5173    i.scope_init        mode.o
    0x0800604c   0x0800604c   0x00000068   Code   RO         5174    i.scope_main        mode.o
    0x080060b4   0x080060b4   0x00000014   Code   RO         4912    i.sendBuffer        valuepack.o
    0x080060c8   0x080060c8   0x00000068   Code   RO         4913    i.sendValuePack     valuepack.o
    0x08006130   0x08006130   0x00000002   Code   RO         5015    i.sendinit          send.o
    0x08006132   0x08006132   0x00000002   Code   RO         5016    i.sendres           send.o
    0x08006134   0x08006134   0x00000018   Code   RO         5017    i.sendvolt          send.o
    0x0800614c   0x0800614c   0x0000000e   Code   RO         5053    i.showinit          show.o
    0x0800615a   0x0800615a   0x00000002   PAD
    0x0800615c   0x0800615c   0x000001d8   Code   RO         5054    i.showshow          show.o
    0x08006334   0x08006334   0x00000060   Code   RO         5113    i.voltage_map       function.o
    0x08006394   0x08006394   0x00000018   Data   RO         4071    .constdata          stm32g0xx_hal_uart.o
    0x080063ac   0x080063ac   0x00000040   Data   RO         4534    .constdata          system_stm32g0xx.o
    0x080063ec   0x080063ec   0x00000020   Data   RO         4535    .constdata          system_stm32g0xx.o
    0x0800640c   0x0800640c   0x00000228   Data   RO         4564    .constdata          font.o
    0x08006634   0x08006634   0x00000008   Data   RO         4565    .constdata          font.o
    0x0800663c   0x0800663c   0x00000190   Data   RO         4572    .constdata          font.o
    0x080067cc   0x080067cc   0x00000008   Data   RO         4573    .constdata          font.o
    0x080067d4   0x080067d4   0x00000190   Data   RO         4598    .constdata          key.o
    0x08006964   0x08006964   0x00000020   Data   RO         5578    Region$$Table       anon$$obj.o


    Execution Region RW_IRAM1 (Exec base: 0x20000000, Load base: 0x08006984, Size: 0x000015a0, Max: 0x00002000, ABSOLUTE, COMPRESSED[0x00000084])

    Exec Addr    Load Addr    Size         Type   Attr      Idx    E Section Name        Object

    0x20000000   COMPRESSED   0x0000000c   Data   RW         1872    .data               stm32g0xx_hal.o
    0x2000000c   COMPRESSED   0x00000004   Data   RW         4536    .data               system_stm32g0xx.o
    0x20000010   COMPRESSED   0x00000033   Data   RW         4599    .data               key.o
    0x20000043   COMPRESSED   0x00000001   PAD
    0x20000044   COMPRESSED   0x00000008   Data   RW         4677    .data               oled.o
    0x2000004c   COMPRESSED   0x00000024   Data   RW         4917    .data               valuepack.o
    0x20000070   COMPRESSED   0x00000006   Data   RW         4985    .data               volt.o
    0x20000076   COMPRESSED   0x00000002   PAD
    0x20000078   COMPRESSED   0x000000a0   Data   RW         5055    .data               show.o
    0x20000118   COMPRESSED   0x00000004   Data   RW         5086    .data               status.o
    0x2000011c   COMPRESSED   0x00000002   Data   RW         5114    .data               function.o
    0x2000011e   COMPRESSED   0x00000002   PAD
    0x20000120   COMPRESSED   0x00000030   Data   RW         5176    .data               mode.o
    0x20000150   COMPRESSED   0x00000004   Data   RW         5558    .data               mc_p.l(stdout.o)
    0x20000154        -       0x000000c0   Zero   RW          252    .bss                adc.o
    0x20000214        -       0x00000054   Zero   RW          310    .bss                i2c.o
    0x20000268        -       0x00000064   Zero   RW          348    .bss                spi.o
    0x200002cc        -       0x000000e4   Zero   RW          389    .bss                tim.o
    0x200003b0        -       0x0000014c   Zero   RW          442    .bss                usart.o
    0x200004fc        -       0x00000881   Zero   RW         4676    .bss                oled.o
    0x20000d7d        -       0x0000040b   Zero   RW         4914    .bss                valuepack.o
    0x20001188        -       0x0000000c   Zero   RW         5018    .bss                send.o
    0x20001194        -       0x0000000c   Zero   RW         5175    .bss                mode.o
    0x200011a0        -       0x00000400   Zero   RW            1    STACK               startup_stm32g031xx.o


==============================================================================

Image component sizes


      Code (inc. data)   RO Data    RW Data    ZI Data      Debug   Object Name

       356         44          0          0        192       1711   adc.o
        56          4          0          0          0        694   dma.o
         0          0        968          0          0       1523   font.o
       872        128          0          2          0       4192   function.o
       252         18          0          0          0        915   gpio.o
       200         20          0          0         84       1517   i2c.o
      1084        186        400         51          0       5291   key.o
       194         14          0          0          0     446977   main.o
       384         46          0         48         12       3730   mode.o
       872         52          0          8       2177       9845   oled.o
        28         10          0          0          0       1676   printf.o
       140         18          0          0          0       2296   pwm.o
        28          4          0          0         12       1434   send.o
       486        126          0        160          0       2060   show.o
       196         28          0          0        100       1513   spi.o
        28          8        192          0       1024        600   startup_stm32g031xx.o
        80          8          0          4          0       1109   status.o
       176         26          0         12          0      17525   stm32g0xx_hal.o
      2356        112          0          0          0      47112   stm32g0xx_hal_adc.o
       368         16          0          0          0      36555   stm32g0xx_hal_adc_ex.o
       180         30          0          0          0      12595   stm32g0xx_hal_cortex.o
       920         42          0          0          0       6589   stm32g0xx_hal_dma.o
         0          0          0          0          0       2688   stm32g0xx_hal_flash.o
       410         22          0          0          0       3046   stm32g0xx_hal_gpio.o
      1838         52          0          0          0      14871   stm32g0xx_hal_i2c.o
       146          0          0          0          0       1811   stm32g0xx_hal_i2c_ex.o
        44          6          0          0          0        774   stm32g0xx_hal_msp.o
        76         14          0          0          0        714   stm32g0xx_hal_pwr_ex.o
      1524         88          0          0          0      22681   stm32g0xx_hal_rcc.o
      1066          8          0          0          0       5806   stm32g0xx_hal_spi.o
      2712        210          0          0          0      20552   stm32g0xx_hal_tim.o
       114         10          0          0          0       2840   stm32g0xx_hal_tim_ex.o
      1870         64         24          0          0      32315   stm32g0xx_hal_uart.o
       148         36          0          0          0       5054   stm32g0xx_it.o
         2          0         96          4          0       1027   system_stm32g0xx.o
       644         50          0          0        228       3476   tim.o
       260         28          0          0        332       1708   usart.o
       124         16          0         36       1035       3484   valuepack.o
       156         28          0          6          0       1596   volt.o

    ----------------------------------------------------------------------
     20426       1572       1712        336       5196     731902   Object Totals
         0          0         32          0          0          0   (incl. Generated)
        36          0          0          5          0          0   (incl. Padding)

    ----------------------------------------------------------------------

      Code (inc. data)   RO Data    RW Data    ZI Data      Debug   Library Member Name

        86          0          0          0          0          0   __dczerorl2.o
         0          0          0          0          0          0   entry.o
         0          0          0          0          0          0   entry10a.o
         0          0          0          0          0          0   entry11a.o
         8          4          0          0          0          0   entry2.o
         4          0          0          0          0          0   entry5.o
         0          0          0          0          0          0   entry7b.o
         0          0          0          0          0          0   entry8b.o
         8          4          0          0          0          0   entry9a.o
        30          0          0          0          0          0   handlers.o
        40          0          0          0          0         72   idiv.o
        36          8          0          0          0         68   init.o
         0          0          0          0          0          0   iusefp.o
        32          0          0          0          0         68   llshl.o
        38          0          0          0          0         68   llsshr.o
        34          0          0          0          0         68   llushr.o
        36          0          0          0          0         60   memcpya.o
        36          0          0          0          0        100   memseta.o
      2290        104          0          0          0        556   printfa.o
         0          0          0          4          0          0   stdout.o
        44          0          0          0          0         72   uidiv.o
        96          0          0          0          0         84   uldiv.o
        40          2          0          0          0         68   cdrcmple.o
        56          0          0          0          0         68   d2f.o
       356          4          0          0          0        140   dadd.o
       240          6          0          0          0         84   ddiv.o
       236          0          0          0          0        216   depilogue.o
        60         10          0          0          0         68   dfixui.o
        64         10          0          0          0         68   dfixul.o
        40          6          0          0          0         68   dflti.o
        28          4          0          0          0         68   dfltui.o
       208          6          0          0          0         88   dmul.o
        40          0          0          0          0         60   f2d.o
       178          0          0          0          0        108   fadd.o
       124          0          0          0          0         72   fdiv.o
       130          0          0          0          0        144   fepilogue.o
        50          0          0          0          0         60   ffixi.o
        40          0          0          0          0         60   ffixui.o
        22          0          0          0          0         68   fflti.o
        14          0          0          0          0         68   ffltui.o
       122          0          0          0          0         72   fmul.o

    ----------------------------------------------------------------------
      4874        168          0          4          0       2864   Library Totals
         8          0          0          0          0          0   (incl. Padding)

    ----------------------------------------------------------------------

      Code (inc. data)   RO Data    RW Data    ZI Data      Debug   Library Name

      2818        120          0          4          0       1216   mc_p.l
      2048         48          0          0          0       1648   mf_p.l

    ----------------------------------------------------------------------
      4874        168          0          4          0       2864   Library Totals

    ----------------------------------------------------------------------

==============================================================================


      Code (inc. data)   RO Data    RW Data    ZI Data      Debug   

     25300       1740       1712        340       5196     724466   Grand Totals
     25300       1740       1712        132       5196     724466   ELF Image Totals (compressed)
     25300       1740       1712        132          0          0   ROM Totals

==============================================================================

    Total RO  Size (Code + RO Data)                27012 (  26.38kB)
    Total RW  Size (RW Data + ZI Data)              5536 (   5.41kB)
    Total ROM Size (Code + RO Data + RW Data)      27144 (  26.51kB)

==============================================================================

