Component: ARM Compiler 5.06 update 1 (build 61) Tool: armlink [4d35a8]

==============================================================================

Section Cross References

    startup_stm32g031xx.o(RESET) refers to startup_stm32g031xx.o(STACK) for __initial_sp
    startup_stm32g031xx.o(RESET) refers to startup_stm32g031xx.o(.text) for Reset_Handler
    startup_stm32g031xx.o(RESET) refers to stm32g0xx_it.o(i.NMI_Handler) for NMI_Handler
    startup_stm32g031xx.o(RESET) refers to stm32g0xx_it.o(i.HardFault_Handler) for HardFault_Handler
    startup_stm32g031xx.o(RESET) refers to stm32g0xx_it.o(i.SVC_Handler) for SVC_Handler
    startup_stm32g031xx.o(RESET) refers to stm32g0xx_it.o(i.PendSV_Handler) for PendSV_Handler
    startup_stm32g031xx.o(RESET) refers to stm32g0xx_it.o(i.SysTick_Handler) for SysTick_Handler
    startup_stm32g031xx.o(RESET) refers to stm32g0xx_it.o(i.EXTI4_15_IRQHandler) for EXTI4_15_IRQHandler
    startup_stm32g031xx.o(RESET) refers to stm32g0xx_it.o(i.DMA1_Channel1_IRQHandler) for DMA1_Channel1_IRQHandler
    startup_stm32g031xx.o(RESET) refers to stm32g0xx_it.o(i.DMA1_Channel2_3_IRQHandler) for DMA1_Channel2_3_IRQHandler
    startup_stm32g031xx.o(RESET) refers to stm32g0xx_it.o(i.ADC1_IRQHandler) for ADC1_IRQHandler
    startup_stm32g031xx.o(RESET) refers to stm32g0xx_it.o(i.TIM1_BRK_UP_TRG_COM_IRQHandler) for TIM1_BRK_UP_TRG_COM_IRQHandler
    startup_stm32g031xx.o(RESET) refers to stm32g0xx_it.o(i.TIM17_IRQHandler) for TIM17_IRQHandler
    startup_stm32g031xx.o(RESET) refers to stm32g0xx_it.o(i.I2C2_IRQHandler) for I2C2_IRQHandler
    startup_stm32g031xx.o(.text) refers to system_stm32g0xx.o(i.SystemInit) for SystemInit
    startup_stm32g031xx.o(.text) refers to entry.o(.ARM.Collect$$$$00000000) for __main
    main.o(i.Error_Handler) refers to printfa.o(i.__0printf) for __2printf
    main.o(i.SystemClock_Config) refers to memseta.o(.text) for __aeabi_memclr4
    main.o(i.SystemClock_Config) refers to stm32g0xx_hal_pwr_ex.o(i.HAL_PWREx_ControlVoltageScaling) for HAL_PWREx_ControlVoltageScaling
    main.o(i.SystemClock_Config) refers to stm32g0xx_hal_rcc.o(i.HAL_RCC_OscConfig) for HAL_RCC_OscConfig
    main.o(i.SystemClock_Config) refers to stm32g0xx_hal_rcc.o(i.HAL_RCC_ClockConfig) for HAL_RCC_ClockConfig
    main.o(i.SystemClock_Config) refers to main.o(i.Error_Handler) for Error_Handler
    main.o(i.main) refers to stm32g0xx_hal.o(i.HAL_Init) for HAL_Init
    main.o(i.main) refers to main.o(i.SystemClock_Config) for SystemClock_Config
    main.o(i.main) refers to gpio.o(i.MX_GPIO_Init) for MX_GPIO_Init
    main.o(i.main) refers to dma.o(i.MX_DMA_Init) for MX_DMA_Init
    main.o(i.main) refers to adc.o(i.MX_ADC1_Init) for MX_ADC1_Init
    main.o(i.main) refers to i2c.o(i.MX_I2C2_Init) for MX_I2C2_Init
    main.o(i.main) refers to spi.o(i.MX_SPI2_Init) for MX_SPI2_Init
    main.o(i.main) refers to usart.o(i.MX_USART2_UART_Init) for MX_USART2_UART_Init
    main.o(i.main) refers to tim.o(i.MX_TIM2_Init) for MX_TIM2_Init
    main.o(i.main) refers to tim.o(i.MX_TIM1_Init) for MX_TIM1_Init
    main.o(i.main) refers to tim.o(i.MX_TIM3_Init) for MX_TIM3_Init
    main.o(i.main) refers to tim.o(i.MX_TIM17_Init) for MX_TIM17_Init
    main.o(i.main) refers to stm32g0xx_hal_tim.o(i.HAL_TIM_Base_Start_IT) for HAL_TIM_Base_Start_IT
    main.o(i.main) refers to show.o(i.showinit) for showinit
    main.o(i.main) refers to status.o(i.init_status) for init_status
    main.o(i.main) refers to status.o(i.main_status) for main_status
    main.o(i.main) refers to tim.o(.bss) for htim17
    gpio.o(i.MX_GPIO_Init) refers to memseta.o(.text) for __aeabi_memclr4
    gpio.o(i.MX_GPIO_Init) refers to stm32g0xx_hal_gpio.o(i.HAL_GPIO_WritePin) for HAL_GPIO_WritePin
    gpio.o(i.MX_GPIO_Init) refers to stm32g0xx_hal_gpio.o(i.HAL_GPIO_Init) for HAL_GPIO_Init
    gpio.o(i.MX_GPIO_Init) refers to stm32g0xx_hal_cortex.o(i.HAL_NVIC_SetPriority) for HAL_NVIC_SetPriority
    gpio.o(i.MX_GPIO_Init) refers to stm32g0xx_hal_cortex.o(i.HAL_NVIC_EnableIRQ) for HAL_NVIC_EnableIRQ
    adc.o(i.HAL_ADC_MspDeInit) refers to stm32g0xx_hal_gpio.o(i.HAL_GPIO_DeInit) for HAL_GPIO_DeInit
    adc.o(i.HAL_ADC_MspDeInit) refers to stm32g0xx_hal_dma.o(i.HAL_DMA_DeInit) for HAL_DMA_DeInit
    adc.o(i.HAL_ADC_MspDeInit) refers to stm32g0xx_hal_cortex.o(i.HAL_NVIC_DisableIRQ) for HAL_NVIC_DisableIRQ
    adc.o(i.HAL_ADC_MspInit) refers to memseta.o(.text) for __aeabi_memclr4
    adc.o(i.HAL_ADC_MspInit) refers to stm32g0xx_hal_gpio.o(i.HAL_GPIO_Init) for HAL_GPIO_Init
    adc.o(i.HAL_ADC_MspInit) refers to stm32g0xx_hal_dma.o(i.HAL_DMA_Init) for HAL_DMA_Init
    adc.o(i.HAL_ADC_MspInit) refers to main.o(i.Error_Handler) for Error_Handler
    adc.o(i.HAL_ADC_MspInit) refers to stm32g0xx_hal_cortex.o(i.HAL_NVIC_SetPriority) for HAL_NVIC_SetPriority
    adc.o(i.HAL_ADC_MspInit) refers to stm32g0xx_hal_cortex.o(i.HAL_NVIC_EnableIRQ) for HAL_NVIC_EnableIRQ
    adc.o(i.HAL_ADC_MspInit) refers to adc.o(.bss) for .bss
[...]
    i.HAL_TIM_PWM_ConfigChannel              0x08003364   Section        0  stm32g0xx_hal_tim.o(i.HAL_TIM_PWM_ConfigChannel)
    i.HAL_TIM_PWM_Init                       0x0800348c   Section        0  stm32g0xx_hal_tim.o(i.HAL_TIM_PWM_Init)
    i.HAL_TIM_PWM_MspInit                    0x080034d8   Section        0  stm32g0xx_hal_tim.o(i.HAL_TIM_PWM_MspInit)
    i.HAL_TIM_PWM_PulseFinishedCallback      0x080034da   Section        0  stm32g0xx_hal_tim.o(i.HAL_TIM_PWM_PulseFinishedCallback)
    i.HAL_TIM_PWM_Start                      0x080034dc   Section        0  stm32g0xx_hal_tim.o(i.HAL_TIM_PWM_Start)
    i.HAL_TIM_PWM_Stop                       0x080035a4   Section        0  stm32g0xx_hal_tim.o(i.HAL_TIM_PWM_Stop)
    i.HAL_TIM_PeriodElapsedCallback          0x0800363c   Section        0  key.o(i.HAL_TIM_PeriodElapsedCallback)
    i.HAL_TIM_TriggerCallback                0x08003700   Section        0  stm32g0xx_hal_tim.o(i.HAL_TIM_TriggerCallback)
    i.HAL_UART_Init                          0x08003702   Section        0  stm32g0xx_hal_uart.o(i.HAL_UART_Init)
    i.HAL_UART_MspInit                       0x08003770   Section        0  usart.o(i.HAL_UART_MspInit)
    i.HAL_UART_Transmit                      0x08003838   Section        0  stm32g0xx_hal_uart.o(i.HAL_UART_Transmit)
    i.HardFault_Handler                      0x08003906   Section        0  stm32g0xx_it.o(i.HardFault_Handler)
    i.I2C2_IRQHandler                        0x08003908   Section        0  stm32g0xx_it.o(i.I2C2_IRQHandler)
    i.I2C_DMAAbort                           0x08003928   Section        0  stm32g0xx_hal_i2c.o(i.I2C_DMAAbort)
    I2C_DMAAbort                             0x08003929   Thumb Code    28  stm32g0xx_hal_i2c.o(i.I2C_DMAAbort)
    i.I2C_Disable_IRQ                        0x08003944   Section        0  stm32g0xx_hal_i2c.o(i.I2C_Disable_IRQ)
    I2C_Disable_IRQ                          0x08003945   Thumb Code    82  stm32g0xx_hal_i2c.o(i.I2C_Disable_IRQ)
    i.I2C_Flush_TXDR                         0x08003996   Section        0  stm32g0xx_hal_i2c.o(i.I2C_Flush_TXDR)
    I2C_Flush_TXDR                           0x08003997   Thumb Code    34  stm32g0xx_hal_i2c.o(i.I2C_Flush_TXDR)
    i.I2C_ITAddrCplt                         0x080039b8   Section        0  stm32g0xx_hal_i2c.o(i.I2C_ITAddrCplt)
    I2C_ITAddrCplt                           0x080039b9   Thumb Code   124  stm32g0xx_hal_i2c.o(i.I2C_ITAddrCplt)
    i.I2C_ITError                            0x08003a34   Section        0  stm32g0xx_hal_i2c.o(i.I2C_ITError)
    I2C_ITError                              0x08003a35   Thumb Code   258  stm32g0xx_hal_i2c.o(i.I2C_ITError)
    i.I2C_ITListenCplt                       0x08003b48   Section        0  stm32g0xx_hal_i2c.o(i.I2C_ITListenCplt)
    I2C_ITListenCplt                         0x08003b49   Thumb Code    94  stm32g0xx_hal_i2c.o(i.I2C_ITListenCplt)
    i.I2C_ITSlaveCplt                        0x08003bb0   Section        0  stm32g0xx_hal_i2c.o(i.I2C_ITSlaveCplt)
    I2C_ITSlaveCplt                          0x08003bb1   Thumb Code   436  stm32g0xx_hal_i2c.o(i.I2C_ITSlaveCplt)
    i.I2C_ITSlaveSeqCplt                     0x08003d70   Section        0  stm32g0xx_hal_i2c.o(i.I2C_ITSlaveSeqCplt)
    I2C_ITSlaveSeqCplt                       0x08003d71   Thumb Code   106  stm32g0xx_hal_i2c.o(i.I2C_ITSlaveSeqCplt)
    i.I2C_Slave_ISR_IT                       0x08003ddc   Section        0  stm32g0xx_hal_i2c.o(i.I2C_Slave_ISR_IT)
    I2C_Slave_ISR_IT                         0x08003ddd   Thumb Code   282  stm32g0xx_hal_i2c.o(i.I2C_Slave_ISR_IT)
    i.I2C_TreatErrorCallback                 0x08003efc   Section        0  stm32g0xx_hal_i2c.o(i.I2C_TreatErrorCallback)
    I2C_TreatErrorCallback                   0x08003efd   Thumb Code    38  stm32g0xx_hal_i2c.o(i.I2C_TreatErrorCallback)
    i.Key_Scan                               0x08003f24   Section        0  key.o(i.Key_Scan)
    i.LL_ADC_IsEnabled                       0x0800402c   Section        0  stm32g0xx_hal_adc.o(i.LL_ADC_IsEnabled)
    LL_ADC_IsEnabled                         0x0800402d   Thumb Code     8  stm32g0xx_hal_adc.o(i.LL_ADC_IsEnabled)
    i.LL_ADC_IsEnabled                       0x08004034   Section        0  stm32g0xx_hal_adc_ex.o(i.LL_ADC_IsEnabled)
    LL_ADC_IsEnabled                         0x08004035   Thumb Code     8  stm32g0xx_hal_adc_ex.o(i.LL_ADC_IsEnabled)
    i.LL_ADC_REG_IsConversionOngoing         0x0800403c   Section        0  stm32g0xx_hal_adc.o(i.LL_ADC_REG_IsConversionOngoing)
    LL_ADC_REG_IsConversionOngoing           0x0800403d   Thumb Code     8  stm32g0xx_hal_adc.o(i.LL_ADC_REG_IsConversionOngoing)
    i.LL_ADC_REG_IsTriggerSourceSWStart      0x08004044   Section        0  stm32g0xx_hal_adc.o(i.LL_ADC_REG_IsTriggerSourceSWStart)
    LL_ADC_REG_IsTriggerSourceSWStart        0x08004045   Thumb Code    16  stm32g0xx_hal_adc.o(i.LL_ADC_REG_IsTriggerSourceSWStart)
    i.LL_ADC_SetCommonPathInternalCh         0x08004054   Section        0  stm32g0xx_hal_adc.o(i.LL_ADC_SetCommonPathInternalCh)
    LL_ADC_SetCommonPathInternalCh           0x08004055   Thumb Code    14  stm32g0xx_hal_adc.o(i.LL_ADC_SetCommonPathInternalCh)
    i.LL_ADC_SetSamplingTimeCommonChannels   0x08004062   Section        0  stm32g0xx_hal_adc.o(i.LL_ADC_SetSamplingTimeCommonChannels)
    LL_ADC_SetSamplingTimeCommonChannels     0x08004063   Thumb Code    22  stm32g0xx_hal_adc.o(i.LL_ADC_SetSamplingTimeCommonChannels)
    i.MX_ADC1_Init                           0x08004078   Section        0  adc.o(i.MX_ADC1_Init)
    i.MX_DMA_Init                            0x08004134   Section        0  dma.o(i.MX_DMA_Init)
    i.MX_GPIO_Init                           0x0800416c   Section        0  gpio.o(i.MX_GPIO_Init)
    i.MX_I2C2_Init                           0x08004268   Section        0  i2c.o(i.MX_I2C2_Init)
    i.MX_SPI2_Init                           0x080042c0   Section        0  spi.o(i.MX_SPI2_Init)
    i.MX_TIM17_Init                          0x0800430c   Section        0  tim.o(i.MX_TIM17_Init)
    i.MX_TIM1_Init                           0x08004344   Section        0  tim.o(i.MX_TIM1_Init)
    i.MX_TIM2_Init                           0x08004428   Section        0  tim.o(i.MX_TIM2_Init)
    i.MX_TIM3_Init                           0x080044c4   Section        0  tim.o(i.MX_TIM3_Init)
    i.MX_USART2_UART_Init                    0x08004578   Section        0  usart.o(i.MX_USART2_UART_Init)
    i.NMI_Handler                            0x080045b4   Section        0  stm32g0xx_it.o(i.NMI_Handler)
    i.OLED_Init                              0x080045b8   Section        0  oled.o(i.OLED_Init)
    i.OLED_NewFrame                          0x08004680   Section        0  oled.o(i.OLED_NewFrame)
    i.OLED_PrintASCIIChar                    0x08004694   Section        0  oled.o(i.OLED_PrintASCIIChar)
    i.OLED_PrintASCIIString                  0x080046b8   Section        0  oled.o(i.OLED_PrintASCIIString)
    i.OLED_Send                              0x080046e4   Section        0  oled.o(i.OLED_Send)
    i.OLED_SendCmd                           0x0800470c   Section        0  oled.o(i.OLED_SendCmd)
    i.OLED_SetBits                           0x08004748   Section        0  oled.o(i.OLED_SetBits)
    i.OLED_SetBits_Fine                      0x0800478e   Section        0  oled.o(i.OLED_SetBits_Fine)
    i.OLED_SetBlock                          0x080047f2   Section        0  oled.o(i.OLED_SetBlock)
    i.OLED_SetByte_Fine                      0x0800487c   Section        0  oled.o(i.OLED_SetByte_Fine)
    i.OLED_ShowFrame                         0x080048c8   Section        0  oled.o(i.OLED_ShowFrame)
    i.PWM_CH_Init                            0x08004910   Section        0  pwm.o(i.PWM_CH_Init)
    i.PWM_DutySet                            0x08004928   Section        0  pwm.o(i.PWM_DutySet)
    i.PWM_OUT_Init                           0x08004948   Section        0  pwm.o(i.PWM_OUT_Init)
    i.PendSV_Handler                         0x08004958   Section        0  stm32g0xx_it.o(i.PendSV_Handler)
    i.SPI_EndRxTxTransaction                 0x0800495a   Section        0  stm32g0xx_hal_spi.o(i.SPI_EndRxTxTransaction)
    SPI_EndRxTxTransaction                   0x0800495b   Thumb Code    76  stm32g0xx_hal_spi.o(i.SPI_EndRxTxTransaction)
    i.SPI_WaitFifoStateUntilTimeout          0x080049a8   Section        0  stm32g0xx_hal_spi.o(i.SPI_WaitFifoStateUntilTimeout)
    SPI_WaitFifoStateUntilTimeout            0x080049a9   Thumb Code   212  stm32g0xx_hal_spi.o(i.SPI_WaitFifoStateUntilTimeout)
    i.SPI_WaitFlagStateUntilTimeout          0x08004a80   Section        0  stm32g0xx_hal_spi.o(i.SPI_WaitFlagStateUntilTimeout)
    SPI_WaitFlagStateUntilTimeout            0x08004a81   Thumb Code   180  stm32g0xx_hal_spi.o(i.SPI_WaitFlagStateUntilTimeout)
    i.SVC_Handler                            0x08004b38   Section        0  stm32g0xx_it.o(i.SVC_Handler)
    i.SysTick_Handler                        0x08004b3a   Section        0  stm32g0xx_it.o(i.SysTick_Handler)
    i.SystemClock_Config                     0x08004b42   Section        0  main.o(i.SystemClock_Config)
    i.SystemInit                             0x08004bac   Section        0  system_stm32g0xx.o(i.SystemInit)
    i.TIM17_IRQHandler                       0x08004bb0   Section        0  stm32g0xx_it.o(i.TIM17_IRQHandler)
    i.TIM1_BRK_UP_TRG_COM_IRQHandler         0x08004bc0   Section        0  stm32g0xx_it.o(i.TIM1_BRK_UP_TRG_COM_IRQHandler)
    i.TIM_Base_SetConfig                     0x08004bd0   Section        0  stm32g0xx_hal_tim.o(i.TIM_Base_SetConfig)
    i.TIM_CCxChannelCmd                      0x08004c64   Section        0  stm32g0xx_hal_tim.o(i.TIM_CCxChannelCmd)
    i.TIM_ETR_SetConfig                      0x08004c7e   Section        0  stm32g0xx_hal_tim.o(i.TIM_ETR_SetConfig)
    i.TIM_ITRx_SetConfig                     0x08004c94   Section        0  stm32g0xx_hal_tim.o(i.TIM_ITRx_SetConfig)
    TIM_ITRx_SetConfig                       0x08004c95   Thumb Code    16  stm32g0xx_hal_tim.o(i.TIM_ITRx_SetConfig)
    i.TIM_OC1_SetConfig                      0x08004ca8   Section        0  stm32g0xx_hal_tim.o(i.TIM_OC1_SetConfig)
    TIM_OC1_SetConfig                        0x08004ca9   Thumb Code   108  stm32g0xx_hal_tim.o(i.TIM_OC1_SetConfig)
    i.TIM_OC2_SetConfig                      0x08004d24   Section        0  stm32g0xx_hal_tim.o(i.TIM_OC2_SetConfig)
    i.TIM_OC3_SetConfig                      0x08004da0   Section        0  stm32g0xx_hal_tim.o(i.TIM_OC3_SetConfig)
    TIM_OC3_SetConfig                        0x08004da1   Thumb Code   108  stm32g0xx_hal_tim.o(i.TIM_OC3_SetConfig)
    i.TIM_OC4_SetConfig                      0x08004e1c   Section        0  stm32g0xx_hal_tim.o(i.TIM_OC4_SetConfig)
    TIM_OC4_SetConfig                        0x08004e1d   Thumb Code    88  stm32g0xx_hal_tim.o(i.TIM_OC4_SetConfig)
    i.TIM_OC5_SetConfig                      0x08004e84   Section        0  stm32g0xx_hal_tim.o(i.TIM_OC5_SetConfig)
    TIM_OC5_SetConfig                        0x08004e85   Thumb Code    74  stm32g0xx_hal_tim.o(i.TIM_OC5_SetConfig)
    i.TIM_OC6_SetConfig                      0x08004ee0   Section        0  stm32g0xx_hal_tim.o(i.TIM_OC6_SetConfig)
    TIM_OC6_SetConfig                        0x08004ee1   Thumb Code    84  stm32g0xx_hal_tim.o(i.TIM_OC6_SetConfig)
    i.TIM_TI1_ConfigInputStage               0x08004f44   Section        0  stm32g0xx_hal_tim.o(i.TIM_TI1_ConfigInputStage)
    TIM_TI1_ConfigInputStage                 0x08004f45   Thumb Code    34  stm32g0xx_hal_tim.o(i.TIM_TI1_ConfigInputStage)
    i.TIM_TI2_ConfigInputStage               0x08004f66   Section        0  stm32g0xx_hal_tim.o(i.TIM_TI2_ConfigInputStage)
    TIM_TI2_ConfigInputStage                 0x08004f67   Thumb Code    38  stm32g0xx_hal_tim.o(i.TIM_TI2_ConfigInputStage)
    i.UART_AdvFeatureConfig                  0x08004f8c   Section        0  stm32g0xx_hal_uart.o(i.UART_AdvFeatureConfig)
    i.UART_CheckIdleState                    0x08005058   Section        0  stm32g0xx_hal_uart.o(i.UART_CheckIdleState)
    i.UART_EndRxTransfer                     0x08005110   Section        0  stm32g0xx_hal_uart.o(i.UART_EndRxTransfer)
    UART_EndRxTransfer                       0x08005111   Thumb Code    96  stm32g0xx_hal_uart.o(i.UART_EndRxTransfer)
    i.UART_SetConfig                         0x08005174   Section        0  stm32g0xx_hal_uart.o(i.UART_SetConfig)
    i.UART_WaitOnFlagUntilTimeout            0x08005380   Section        0  stm32g0xx_hal_uart.o(i.UART_WaitOnFlagUntilTimeout)
    i.VOLT_Init                              0x08005410   Section        0  volt.o(i.VOLT_Init)
    i.VOLT_ReadVoltages                      0x0800543c   Section        0  volt.o(i.VOLT_ReadVoltages)
    i.__0printf                              0x080054ac   Section        0  printfa.o(i.__0printf)
    i.__0snprintf                            0x080054cc   Section        0  printfa.o(i.__0snprintf)
    i.__ARM_clz                              0x080054f8   Section        0  depilogue.o(i.__ARM_clz)
    i.__ARM_common_switch8                   0x08005526   Section        0  stm32g0xx_hal_dma.o(i.__ARM_common_switch8)
    i.__NVIC_SetPriority                     0x08005540   Section        0  stm32g0xx_hal_cortex.o(i.__NVIC_SetPriority)
    __NVIC_SetPriority                       0x08005541   Thumb Code    60  stm32g0xx_hal_cortex.o(i.__NVIC_SetPriority)
    i.__scatterload_copy                     0x08005584   Section       14  handlers.o(i.__scatterload_copy)
    i.__scatterload_null                     0x08005592   Section        2  handlers.o(i.__scatterload_null)
    i.__scatterload_zeroinit                 0x08005594   Section       14  handlers.o(i.__scatterload_zeroinit)
    i._fp_digits                             0x080055a4   Section        0  printfa.o(i._fp_digits)
    _fp_digits                               0x080055a5   Thumb Code   316  printfa.o(i._fp_digits)
    i._printf_core                           0x080056fc   Section        0  printfa.o(i._printf_core)
    _printf_core                             0x080056fd   Thumb Code  1754  printfa.o(i._printf_core)
    i._printf_post_padding                   0x08005de8   Section        0  printfa.o(i._printf_post_padding)
    _printf_post_padding                     0x08005de9   Thumb Code    32  printfa.o(i._printf_post_padding)
    i._printf_pre_padding                    0x08005e08   Section        0  printfa.o(i._printf_pre_padding)
    _printf_pre_padding                      0x08005e09   Thumb Code    44  printfa.o(i._printf_pre_padding)
    i._snputc                                0x08005e34   Section        0  printfa.o(i._snputc)
    _snputc                                  0x08005e35   Thumb Code    22  printfa.o(i._snputc)
    i.allstop                                0x08005e4c   Section        0  mode.o(i.allstop)
    i.fputc                                  0x08005e98   Section        0  printf.o(i.fputc)
    i.init_status                            0x08005eb4   Section        0  status.o(i.init_status)
    i.main                                   0x08005edc   Section        0  main.o(i.main)
    i.main_status                            0x08005f24   Section        0  status.o(i.main_status)
    i.messer_init                            0x08005f4c   Section        0  mode.o(i.messer_init)
    i.messer_main                            0x08005f74   Section        0  mode.o(i.messer_main)
    i.mu_init                                0x08005fd4   Section        0  mode.o(i.mu_init)
    i.mu_main                                0x08005fd6   Section        0  mode.o(i.mu_main)
    i.scope_init                             0x08005fd8   Section        0  mode.o(i.scope_init)
    i.scope_main                             0x08006000   Section        0  mode.o(i.scope_main)
    i.sendinit                               0x0800604c   Section        0  send.o(i.sendinit)
    i.sendres                                0x0800604e   Section        0  send.o(i.sendres)
    i.sendvolt                               0x08006050   Section        0  send.o(i.sendvolt)
    i.showinit                               0x08006088   Section        0  show.o(i.showinit)
    i.showshow                               0x08006098   Section        0  show.o(i.showshow)
    i.voltage_map                            0x08006260   Section        0  function.o(i.voltage_map)
    .constdata                               0x080062c0   Section       24  stm32g0xx_hal_uart.o(.constdata)
    .constdata                               0x080062d8   Section       64  system_stm32g0xx.o(.constdata)
    .constdata                               0x08006318   Section       32  system_stm32g0xx.o(.constdata)
    .constdata                               0x08006338   Section      552  font.o(.constdata)
    .constdata                               0x08006560   Section        8  font.o(.constdata)
    .data                                    0x20000000   Section       12  stm32g0xx_hal.o(.data)
    .data                                    0x2000000c   Section        4  system_stm32g0xx.o(.data)
    .data                                    0x20000010   Section       39  key.o(.data)
    Key                                      0x20000019   Data          30  key.o(.data)
    .data                                    0x20000038   Section        8  oled.o(.data)
    sendBuffer                               0x20000038   Data           1  oled.o(.data)
    temp                                     0x20000039   Data           1  oled.o(.data)
    temp                                     0x2000003a   Data           1  oled.o(.data)
    .data                                    0x20000040   Section        6  volt.o(.data)
    .data                                    0x20000048   Section      160  show.o(.data)
    .data                                    0x200000e8   Section        4  status.o(.data)
    .data                                    0x200000ec   Section       48  mode.o(.data)
    .data                                    0x2000011c   Section        4  mode.o(.data)
    .data                                    0x20000120   Section        4  stdout.o(.data)
    .bss                                     0x20000124   Section      192  adc.o(.bss)
    .bss                                     0x200001e4   Section       84  i2c.o(.bss)
    .bss                                     0x20000238   Section      100  spi.o(.bss)
    .bss                                     0x2000029c   Section      304  tim.o(.bss)
    .bss                                     0x200003cc   Section      332  usart.o(.bss)
    .bss                                     0x20000518   Section     2177  oled.o(.bss)
    sendBuffer                               0x20000518   Data         129  oled.o(.bss)
    .bss                                     0x20000d9c   Section       12  mode.o(.bss)
    STACK                                    0x20000da8   Section     1024  startup_stm32g031xx.o(STACK)

    Global Symbols

    Symbol Name                              Value     Ov Type        Size  Object(Section)

    BuildAttributes$$THM_ISAv3M$S$PE$A:L22$X:L11$S22$IEEE1$IW$USESV6$~STKCKD$USESV7$~SHL$OTIME$ROPI$EBA8$MICROLIB$REQ8$PRES8$EABIv2 0x00000000   Number         0  anon$$obj.o ABSOLUTE
    __ARM_use_no_argv                        0x00000000   Number         0  main.o ABSOLUTE
    _printf_a                                0x00000000   Number         0  stubs.o ABSOLUTE
    _printf_c                                0x00000000   Number         0  stubs.o ABSOLUTE
    _printf_charcount                        0x00000000   Number         0  stubs.o ABSOLUTE
    _printf_d                                0x00000000   Number         0  stubs.o ABSOLUTE
    _printf_e                                0x00000000   Number         0  stubs.o ABSOLUTE
    _printf_f                                0x00000000   Number         0  stubs.o ABSOLUTE
    _printf_flags                            0x00000000   Number         0  stubs.o ABSOLUTE
    _printf_fp_dec                           0x00000000   Number         0  stubs.o ABSOLUTE
    _printf_fp_hex                           0x00000000   Number         0  stubs.o ABSOLUTE
    _printf_g                                0x00000000   Number         0  stubs.o ABSOLUTE
    _printf_i                                0x00000000   Number         0  stubs.o ABSOLUTE
    _printf_int_dec                          0x00000000   Number         0  stubs.o ABSOLUTE
    _printf_l                                0x00000000   Number         0  stubs.o ABSOLUTE
    _printf_lc                               0x00000000   Number         0  stubs.o ABSOLUTE
    _printf_ll                               0x00000000   Number         0  stubs.o ABSOLUTE
    _printf_lld                              0x00000000   Number         0  stubs.o ABSOLUTE
    _printf_lli                              0x00000000   Number         0  stubs.o ABSOLUTE
    _printf_llo                              0x00000000   Number         0  stubs.o ABSOLUTE
    _printf_llu                              0x00000000   Number         0  stubs.o ABSOLUTE
    _printf_llx                              0x00000000   Number         0  stubs.o ABSOLUTE
    _printf_longlong_dec                     0x00000000   Number         0  stubs.o ABSOLUTE
    _printf_longlong_hex                     0x00000000   Number         0  stubs.o ABSOLUTE
    _printf_longlong_oct                     0x00000000   Number         0  stubs.o ABSOLUTE
    _printf_ls                               0x00000000   Number         0  stubs.o ABSOLUTE
    _printf_mbtowc                           0x00000000   Number         0  stubs.o ABSOLUTE
    _printf_n                                0x00000000   Number         0  stubs.o ABSOLUTE
    _printf_o                                0x00000000   Number         0  stubs.o ABSOLUTE
    _printf_p                                0x00000000   Number         0  stubs.o ABSOLUTE
    _printf_percent                          0x00000000   Number         0  stubs.o ABSOLUTE
    _printf_pre_padding                      0x00000000   Number         0  stubs.o ABSOLUTE
    _printf_return_value                     0x00000000   Number         0  stubs.o ABSOLUTE
    _printf_s                                0x00000000   Number         0  stubs.o ABSOLUTE
    _printf_sizespec                         0x00000000   Number         0  stubs.o ABSOLUTE
    _printf_str                              0x00000000   Number         0  stubs.o ABSOLUTE
    _printf_truncate_signed                  0x00000000   Number         0  stubs.o ABSOLUTE
    _printf_truncate_unsigned                0x00000000   Number         0  stubs.o ABSOLUTE
    _printf_u                                0x00000000   Number         0  stubs.o ABSOLUTE
    _printf_wc                               0x00000000   Number         0  stubs.o ABSOLUTE
    _printf_wctomb                           0x00000000   Number         0  stubs.o ABSOLUTE
    _printf_widthprec                        0x00000000   Number         0  stubs.o ABSOLUTE
    _printf_x                                0x00000000   Number         0  stubs.o ABSOLUTE
    __cpp_initialize__aeabi_                  - Undefined Weak Reference
    __cxa_finalize                            - Undefined Weak Reference
    __decompress                              - Undefined Weak Reference
    _clock_init                               - Undefined Weak Reference
    _microlib_exit                            - Undefined Weak Reference
    __Vectors_Size                           0x000000c0   Number         0  startup_stm32g031xx.o ABSOLUTE
    __Vectors                                0x08000000   Data           4  startup_stm32g031xx.o(RESET)
    __Vectors_End                            0x080000c0   Data           0  startup_stm32g031xx.o(RESET)
    __main                                   0x080000c1   Thumb Code     0  entry.o(.ARM.Collect$$$$00000000)
    _main_stk                                0x080000c1   Thumb Code     0  entry2.o(.ARM.Collect$$$$00000001)
    _main_scatterload                        0x080000c5   Thumb Code     0  entry5.o(.ARM.Collect$$$$00000004)
    __main_after_scatterload                 0x080000c9   Thumb Code     0  entry5.o(.ARM.Collect$$$$00000004)
    _main_clock                              0x080000c9   Thumb Code     0  entry7b.o(.ARM.Collect$$$$00000008)
    _main_cpp_init                           0x080000c9   Thumb Code     0  entry8b.o(.ARM.Collect$$$$0000000A)
    _main_init                               0x080000c9   Thumb Code     0  entry9a.o(.ARM.Collect$$$$0000000B)
    __rt_final_cpp                           0x080000d1   Thumb Code     0  entry10a.o(.ARM.Collect$$$$0000000D)
    __rt_final_exit                          0x080000d1   Thumb Code     0  entry11a.o(.ARM.Collect$$$$0000000F)
    Reset_Handler                            0x080000d5   Thumb Code     8  startup_stm32g031xx.o(.text)
    DMA1_Ch4_5_DMAMUX1_OVR_IRQHandler        0x080000e7   Thumb Code     0  startup_stm32g031xx.o(.text)
    EXTI0_1_IRQHandler                       0x080000e7   Thumb Code     0  startup_stm32g031xx.o(.text)
    EXTI2_3_IRQHandler                       0x080000e7   Thumb Code     0  startup_stm32g031xx.o(.text)
    FLASH_IRQHandler                         0x080000e7   Thumb Code     0  startup_stm32g031xx.o(.text)
    I2C1_IRQHandler                          0x080000e7   Thumb Code     0  startup_stm32g031xx.o(.text)
    LPTIM1_IRQHandler                        0x080000e7   Thumb Code     0  startup_stm32g031xx.o(.text)
    LPTIM2_IRQHandler                        0x080000e7   Thumb Code     0  startup_stm32g031xx.o(.text)
    LPUART1_IRQHandler                       0x080000e7   Thumb Code     0  startup_stm32g031xx.o(.text)
    PVD_IRQHandler                           0x080000e7   Thumb Code     0  startup_stm32g031xx.o(.text)
    RCC_IRQHandler                           0x080000e7   Thumb Code     0  startup_stm32g031xx.o(.text)
    RTC_TAMP_IRQHandler                      0x080000e7   Thumb Code     0  startup_stm32g031xx.o(.text)
    SPI1_IRQHandler                          0x080000e7   Thumb Code     0  startup_stm32g031xx.o(.text)
    SPI2_IRQHandler                          0x080000e7   Thumb Code     0  startup_stm32g031xx.o(.text)
    TIM14_IRQHandler                         0x080000e7   Thumb Code     0  startup_stm32g031xx.o(.text)
    TIM16_IRQHandler                         0x080000e7   Thumb Code     0  startup_stm32g031xx.o(.text)
    TIM1_CC_IRQHandler                       0x080000e7   Thumb Code     0  startup_stm32g031xx.o(.text)
    TIM2_IRQHandler                          0x080000e7   Thumb Code     0  startup_stm32g031xx.o(.text)
    TIM3_IRQHandler                          0x080000e7   Thumb Code     0  startup_stm32g031xx.o(.text)
    USART1_IRQHandler                        0x080000e7   Thumb Code     0  startup_stm32g031xx.o(.text)
    USART2_IRQHandler                        0x080000e7   Thumb Code     0  startup_stm32g031xx.o(.text)
    WWDG_IRQHandler                          0x080000e7   Thumb Code     0  startup_stm32g031xx.o(.text)
    __aeabi_uidiv                            0x080000f1   Thumb Code     0  uidiv.o(.text)
    __aeabi_uidivmod                         0x080000f1   Thumb Code    44  uidiv.o(.text)
    __aeabi_idiv                             0x0800011d   Thumb Code     0  idiv.o(.text)
    __aeabi_idivmod                          0x0800011d   Thumb Code    40  idiv.o(.text)
    __aeabi_uldivmod                         0x08000145   Thumb Code    96  uldiv.o(.text)
    __aeabi_memcpy                           0x080001a5   Thumb Code    36  memcpya.o(.text)
    __aeabi_memcpy4                          0x080001a5   Thumb Code     0  memcpya.o(.text)
    __aeabi_memcpy8                          0x080001a5   Thumb Code     0  memcpya.o(.text)
    __aeabi_memset                           0x080001c9   Thumb Code    14  memseta.o(.text)
    __aeabi_memset4                          0x080001c9   Thumb Code     0  memseta.o(.text)
    __aeabi_memset8                          0x080001c9   Thumb Code     0  memseta.o(.text)
    __aeabi_memclr                           0x080001d7   Thumb Code     4  memseta.o(.text)
    __aeabi_memclr4                          0x080001d7   Thumb Code     0  memseta.o(.text)
    __aeabi_memclr8                          0x080001d7   Thumb Code     0  memseta.o(.text)
    _memset$wrapper                          0x080001db   Thumb Code    18  memseta.o(.text)
    __aeabi_fadd                             0x080001ed   Thumb Code   162  fadd.o(.text)
    __aeabi_fsub                             0x0800028f   Thumb Code     8  fadd.o(.text)
    __aeabi_frsub                            0x08000297   Thumb Code     8  fadd.o(.text)
    __aeabi_fmul                             0x0800029f   Thumb Code   122  fmul.o(.text)
    __aeabi_fdiv                             0x08000319   Thumb Code   124  fdiv.o(.text)
    __aeabi_dadd                             0x08000395   Thumb Code   328  dadd.o(.text)
    __aeabi_dsub                             0x080004dd   Thumb Code    12  dadd.o(.text)
    __aeabi_drsub                            0x080004e9   Thumb Code    12  dadd.o(.text)
    __aeabi_dmul                             0x080004f9   Thumb Code   202  dmul.o(.text)
    __aeabi_ddiv                             0x080005c9   Thumb Code   234  ddiv.o(.text)
    __aeabi_i2f                              0x080006b9   Thumb Code    22  fflti.o(.text)
    __aeabi_ui2f                             0x080006cf   Thumb Code    14  ffltui.o(.text)
    __aeabi_ui2d                             0x080006dd   Thumb Code    24  dfltui.o(.text)
    __aeabi_f2iz                             0x080006f9   Thumb Code    50  ffixi.o(.text)
    __aeabi_f2uiz                            0x0800072b   Thumb Code    40  ffixui.o(.text)
    __aeabi_d2uiz                            0x08000755   Thumb Code    50  dfixui.o(.text)
    __aeabi_f2d                              0x08000791   Thumb Code    40  f2d.o(.text)
    __aeabi_d2f                              0x080007b9   Thumb Code    56  d2f.o(.text)
    __aeabi_llsl                             0x080007f1   Thumb Code    32  llshl.o(.text)
    _ll_shift_l                              0x080007f1   Thumb Code     0  llshl.o(.text)
    __aeabi_llsr                             0x08000811   Thumb Code    34  llushr.o(.text)
    _ll_ushift_r                             0x08000811   Thumb Code     0  llushr.o(.text)
    __aeabi_lasr                             0x08000833   Thumb Code    38  llsshr.o(.text)
    _ll_sshift_r                             0x08000833   Thumb Code     0  llsshr.o(.text)
    __I$use$fp                               0x08000859   Thumb Code     0  iusefp.o(.text)
    _float_round                             0x08000859   Thumb Code    16  fepilogue.o(.text)
    _float_epilogue                          0x08000869   Thumb Code   114  fepilogue.o(.text)
    _double_round                            0x080008db   Thumb Code    26  depilogue.o(.text)
    _double_epilogue                         0x080008f5   Thumb Code   164  depilogue.o(.text)
    __aeabi_d2ulz                            0x08000999   Thumb Code    54  dfixul.o(.text)
    __aeabi_cdrcmple                         0x080009d9   Thumb Code    38  cdrcmple.o(.text)
    __scatterload                            0x08000a01   Thumb Code    28  init.o(.text)
    __scatterload_rt2                        0x08000a01   Thumb Code     0  init.o(.text)
    ADC1_IRQHandler                          0x08000a25   Thumb Code    10  stm32g0xx_it.o(i.ADC1_IRQHandler)
    ADC_ConversionStop                       0x08000a35   Thumb Code    92  stm32g0xx_hal_adc.o(i.ADC_ConversionStop)
    ADC_Disable                              0x08000b39   Thumb Code   110  stm32g0xx_hal_adc.o(i.ADC_Disable)
    ADC_Enable                               0x08000bad   Thumb Code   162  stm32g0xx_hal_adc.o(i.ADC_Enable)
    CH_control                               0x08000c61   Thumb Code    80  function.o(i.CH_control)
    CH_fcontrol                              0x08000cc1   Thumb Code   136  function.o(i.CH_fcontrol)
    DC_OUT                                   0x08000d61   Thumb Code    58  pwm.o(i.DC_OUT)
    DC_control                               0x08000da5   Thumb Code    56  function.o(i.DC_control)
    DC_vcontrol                              0x08000de5   Thumb Code    20  function.o(i.DC_vcontrol)
    DMA1_Channel1_IRQHandler                 0x08000e01   Thumb Code    10  stm32g0xx_it.o(i.DMA1_Channel1_IRQHandler)
    DMA1_Channel2_3_IRQHandler               0x08000e11   Thumb Code    16  stm32g0xx_it.o(i.DMA1_Channel2_3_IRQHandler)
    EXTI4_15_IRQHandler                      0x08000ec9   Thumb Code    12  stm32g0xx_it.o(i.EXTI4_15_IRQHandler)
    Error_Handler                            0x08000ed5   Thumb Code    10  main.o(i.Error_Handler)
    Get_Res                                  0x08000ee9   Thumb Code   200  function.o(i.Get_Res)
    HAL_ADCEx_Calibration_Start              0x08000fcd   Thumb Code   336  stm32g0xx_hal_adc_ex.o(i.HAL_ADCEx_Calibration_Start)
    HAL_ADCEx_ChannelConfigReadyCallback     0x0800112d   Thumb Code     2  stm32g0xx_hal_adc_ex.o(i.HAL_ADCEx_ChannelConfigReadyCallback)
    HAL_ADCEx_EndOfSamplingCallback          0x0800112f   Thumb Code     2  stm32g0xx_hal_adc_ex.o(i.HAL_ADCEx_EndOfSamplingCallback)
    HAL_ADCEx_LevelOutOfWindow2Callback      0x08001131   Thumb Code     2  stm32g0xx_hal_adc_ex.o(i.HAL_ADCEx_LevelOutOfWindow2Callback)
    HAL_ADCEx_LevelOutOfWindow3Callback      0x08001133   Thumb Code     2  stm32g0xx_hal_adc_ex.o(i.HAL_ADCEx_LevelOutOfWindow3Callback)
    HAL_ADC_ConfigChannel                    0x08001135   Thumb Code   522  stm32g0xx_hal_adc.o(i.HAL_ADC_ConfigChannel)
    HAL_ADC_ConvCpltCallback                 0x08001359   Thumb Code     2  stm32g0xx_hal_adc.o(i.HAL_ADC_ConvCpltCallback)
    HAL_ADC_ConvHalfCpltCallback             0x0800135b   Thumb Code     2  stm32g0xx_hal_adc.o(i.HAL_ADC_ConvHalfCpltCallback)
    HAL_ADC_ErrorCallback                    0x0800135d   Thumb Code     2  stm32g0xx_hal_adc.o(i.HAL_ADC_ErrorCallback)
    HAL_ADC_IRQHandler                       0x08001361   Thumb Code   330  stm32g0xx_hal_adc.o(i.HAL_ADC_IRQHandler)
    HAL_ADC_Init                             0x080014b1   Thumb Code   510  stm32g0xx_hal_adc.o(i.HAL_ADC_Init)
    HAL_ADC_LevelOutOfWindowCallback         0x080016cd   Thumb Code     2  stm32g0xx_hal_adc.o(i.HAL_ADC_LevelOutOfWindowCallback)
    HAL_ADC_MspInit                          0x080016d1   Thumb Code   150  adc.o(i.HAL_ADC_MspInit)
    HAL_ADC_Start_DMA                        0x08001779   Thumb Code   158  stm32g0xx_hal_adc.o(i.HAL_ADC_Start_DMA)
    HAL_ADC_Stop_DMA                         0x0800182d   Thumb Code   120  stm32g0xx_hal_adc.o(i.HAL_ADC_Stop_DMA)
    HAL_DMA_Abort                            0x080018a5   Thumb Code   112  stm32g0xx_hal_dma.o(i.HAL_DMA_Abort)
    HAL_DMA_Abort_IT                         0x08001919   Thumb Code   118  stm32g0xx_hal_dma.o(i.HAL_DMA_Abort_IT)
    HAL_DMA_GetState                         0x08001995   Thumb Code     6  stm32g0xx_hal_dma.o(i.HAL_DMA_GetState)
    HAL_DMA_IRQHandler                       0x0800199d   Thumb Code   180  stm32g0xx_hal_dma.o(i.HAL_DMA_IRQHandler)
    HAL_DMA_Init                             0x08001a55   Thumb Code   156  stm32g0xx_hal_dma.o(i.HAL_DMA_Init)
    HAL_DMA_Start_IT                         0x08001af9   Thumb Code   136  stm32g0xx_hal_dma.o(i.HAL_DMA_Start_IT)
    HAL_Delay                                0x08001b85   Thumb Code    32  stm32g0xx_hal.o(i.HAL_Delay)
    HAL_GPIO_EXTI_Falling_Callback           0x08001ba9   Thumb Code    16  key.o(i.HAL_GPIO_EXTI_Falling_Callback)
    HAL_GPIO_EXTI_IRQHandler                 0x08001bc1   Thumb Code    36  stm32g0xx_hal_gpio.o(i.HAL_GPIO_EXTI_IRQHandler)
    HAL_GPIO_EXTI_Rising_Callback            0x08001be9   Thumb Code   340  key.o(i.HAL_GPIO_EXTI_Rising_Callback)
    HAL_GPIO_Init                            0x08001d69   Thumb Code   330  stm32g0xx_hal_gpio.o(i.HAL_GPIO_Init)
    HAL_GPIO_ReadPin                         0x08001ec5   Thumb Code    10  stm32g0xx_hal_gpio.o(i.HAL_GPIO_ReadPin)
    HAL_GPIO_WritePin                        0x08001ecf   Thumb Code    12  stm32g0xx_hal_gpio.o(i.HAL_GPIO_WritePin)
    HAL_GetTick                              0x08001edd   Thumb Code     6  stm32g0xx_hal.o(i.HAL_GetTick)
    HAL_I2CEx_ConfigAnalogFilter             0x08001ee9   Thumb Code    74  stm32g0xx_hal_i2c_ex.o(i.HAL_I2CEx_ConfigAnalogFilter)
    HAL_I2CEx_ConfigDigitalFilter            0x08001f33   Thumb Code    72  stm32g0xx_hal_i2c_ex.o(i.HAL_I2CEx_ConfigDigitalFilter)
    HAL_I2C_AbortCpltCallback                0x08001f7b   Thumb Code     2  stm32g0xx_hal_i2c.o(i.HAL_I2C_AbortCpltCallback)
    HAL_I2C_AddrCallback                     0x08001f7d   Thumb Code     2  stm32g0xx_hal_i2c.o(i.HAL_I2C_AddrCallback)
    HAL_I2C_ER_IRQHandler                    0x08001f7f   Thumb Code    94  stm32g0xx_hal_i2c.o(i.HAL_I2C_ER_IRQHandler)
    HAL_I2C_EV_IRQHandler                    0x08001fdd   Thumb Code    16  stm32g0xx_hal_i2c.o(i.HAL_I2C_EV_IRQHandler)
    HAL_I2C_ErrorCallback                    0x08001fed   Thumb Code     2  stm32g0xx_hal_i2c.o(i.HAL_I2C_ErrorCallback)
    HAL_I2C_Init                             0x08001ff1   Thumb Code   182  stm32g0xx_hal_i2c.o(i.HAL_I2C_Init)
    HAL_I2C_ListenCpltCallback               0x080020ad   Thumb Code     2  stm32g0xx_hal_i2c.o(i.HAL_I2C_ListenCpltCallback)
    HAL_I2C_MspInit                          0x080020b1   Thumb Code   104  i2c.o(i.HAL_I2C_MspInit)
    HAL_I2C_SlaveRxCpltCallback              0x08002121   Thumb Code     2  stm32g0xx_hal_i2c.o(i.HAL_I2C_SlaveRxCpltCallback)
    HAL_I2C_SlaveTxCpltCallback              0x08002123   Thumb Code     2  stm32g0xx_hal_i2c.o(i.HAL_I2C_SlaveTxCpltCallback)
    HAL_IncTick                              0x08002125   Thumb Code    12  stm32g0xx_hal.o(i.HAL_IncTick)
    HAL_Init                                 0x08002135   Thumb Code    36  stm32g0xx_hal.o(i.HAL_Init)
    HAL_InitTick                             0x0800215d   Thumb Code    64  stm32g0xx_hal.o(i.HAL_InitTick)
    HAL_MspInit                              0x080021a5   Thumb Code    38  stm32g0xx_hal_msp.o(i.HAL_MspInit)
    HAL_NVIC_DisableIRQ                      0x080021d1   Thumb Code    26  stm32g0xx_hal_cortex.o(i.HAL_NVIC_DisableIRQ)
    HAL_NVIC_EnableIRQ                       0x080021f1   Thumb Code    18  stm32g0xx_hal_cortex.o(i.HAL_NVIC_EnableIRQ)
    HAL_NVIC_SetPriority                     0x08002209   Thumb Code     8  stm32g0xx_hal_cortex.o(i.HAL_NVIC_SetPriority)
    HAL_PWREx_ControlVoltageScaling          0x08002211   Thumb Code    62  stm32g0xx_hal_pwr_ex.o(i.HAL_PWREx_ControlVoltageScaling)
    HAL_RCCEx_PeriphCLKConfig                0x0800225d   Thumb Code   420  stm32g0xx_hal_rcc_ex.o(i.HAL_RCCEx_PeriphCLKConfig)
    HAL_RCC_ClockConfig                      0x0800240d   Thumb Code   318  stm32g0xx_hal_rcc.o(i.HAL_RCC_ClockConfig)
    HAL_RCC_GetPCLK1Freq                     0x08002565   Thumb Code    26  stm32g0xx_hal_rcc.o(i.HAL_RCC_GetPCLK1Freq)
    HAL_RCC_GetSysClockFreq                  0x0800258d   Thumb Code   130  stm32g0xx_hal_rcc.o(i.HAL_RCC_GetSysClockFreq)
    HAL_RCC_OscConfig                        0x08002619   Thumb Code   962  stm32g0xx_hal_rcc.o(i.HAL_RCC_OscConfig)
    HAL_SPI_Init                             0x08002a01   Thumb Code   238  stm32g0xx_hal_spi.o(i.HAL_SPI_Init)
    HAL_SPI_MspInit                          0x08002af1   Thumb Code   102  spi.o(i.HAL_SPI_MspInit)
    HAL_SPI_Transmit                         0x08002b69   Thumb Code   352  stm32g0xx_hal_spi.o(i.HAL_SPI_Transmit)
    HAL_SYSTICK_Config                       0x08002cc9   Thumb Code    38  stm32g0xx_hal_cortex.o(i.HAL_SYSTICK_Config)
    HAL_TIMEx_Break2Callback                 0x08002cf9   Thumb Code     2  stm32g0xx_hal_tim_ex.o(i.HAL_TIMEx_Break2Callback)
    HAL_TIMEx_BreakCallback                  0x08002cfb   Thumb Code     2  stm32g0xx_hal_tim_ex.o(i.HAL_TIMEx_BreakCallback)
    HAL_TIMEx_CommutCallback                 0x08002cfd   Thumb Code     2  stm32g0xx_hal_tim_ex.o(i.HAL_TIMEx_CommutCallback)
    HAL_TIMEx_ConfigBreakDeadTime            0x08002d01   Thumb Code   164  stm32g0xx_hal_tim_ex.o(i.HAL_TIMEx_ConfigBreakDeadTime)
    HAL_TIMEx_MasterConfigSynchronization    0x08002da9   Thumb Code    98  stm32g0xx_hal_tim_ex.o(i.HAL_TIMEx_MasterConfigSynchronization)
    HAL_TIM_Base_Init                        0x08002e15   Thumb Code    76  stm32g0xx_hal_tim.o(i.HAL_TIM_Base_Init)
    HAL_TIM_Base_MspInit                     0x08002e61   Thumb Code   168  tim.o(i.HAL_TIM_Base_MspInit)
    HAL_TIM_Base_Start                       0x08002f19   Thumb Code    66  stm32g0xx_hal_tim.o(i.HAL_TIM_Base_Start)
    HAL_TIM_Base_Start_IT                    0x08002f69   Thumb Code    74  stm32g0xx_hal_tim.o(i.HAL_TIM_Base_Start_IT)
    HAL_TIM_Base_Stop                        0x08002fc1   Thumb Code    36  stm32g0xx_hal_tim.o(i.HAL_TIM_Base_Stop)
    HAL_TIM_ConfigClockSource                0x08002fe9   Thumb Code   220  stm32g0xx_hal_tim.o(i.HAL_TIM_ConfigClockSource)
    HAL_TIM_IC_CaptureCallback               0x080030c9   Thumb Code     2  stm32g0xx_hal_tim.o(i.HAL_TIM_IC_CaptureCallback)
    HAL_TIM_IRQHandler                       0x080030cd   Thumb Code   318  stm32g0xx_hal_tim.o(i.HAL_TIM_IRQHandler)
    HAL_TIM_MspPostInit                      0x08003215   Thumb Code   130  tim.o(i.HAL_TIM_MspPostInit)
    HAL_TIM_OC_ConfigChannel                 0x080032a9   Thumb Code   108  stm32g0xx_hal_tim.o(i.HAL_TIM_OC_ConfigChannel)
    HAL_TIM_OC_DelayElapsedCallback          0x08003315   Thumb Code     2  stm32g0xx_hal_tim.o(i.HAL_TIM_OC_DelayElapsedCallback)
    HAL_TIM_OC_Init                          0x08003317   Thumb Code    76  stm32g0xx_hal_tim.o(i.HAL_TIM_OC_Init)
    HAL_TIM_OC_MspInit                       0x08003363   Thumb Code     2  stm32g0xx_hal_tim.o(i.HAL_TIM_OC_MspInit)
    HAL_TIM_PWM_ConfigChannel                0x08003365   Thumb Code   296  stm32g0xx_hal_tim.o(i.HAL_TIM_PWM_ConfigChannel)
    HAL_TIM_PWM_Init                         0x0800348d   Thumb Code    76  stm32g0xx_hal_tim.o(i.HAL_TIM_PWM_Init)
    HAL_TIM_PWM_MspInit                      0x080034d9   Thumb Code     2  stm32g0xx_hal_tim.o(i.HAL_TIM_PWM_MspInit)
    HAL_TIM_PWM_PulseFinishedCallback        0x080034db   Thumb Code     2  stm32g0xx_hal_tim.o(i.HAL_TIM_PWM_PulseFinishedCallback)
    HAL_TIM_PWM_Start                        0x080034dd   Thumb Code   178  stm32g0xx_hal_tim.o(i.HAL_TIM_PWM_Start)
    HAL_TIM_PWM_Stop                         0x080035a5   Thumb Code   136  stm32g0xx_hal_tim.o(i.HAL_TIM_PWM_Stop)
    HAL_TIM_PeriodElapsedCallback            0x0800363d   Thumb Code   118  key.o(i.HAL_TIM_PeriodElapsedCallback)
    HAL_TIM_TriggerCallback                  0x08003701   Thumb Code     2  stm32g0xx_hal_tim.o(i.HAL_TIM_TriggerCallback)
    HAL_UART_Init                            0x08003703   Thumb Code   108  stm32g0xx_hal_uart.o(i.HAL_UART_Init)
    HAL_UART_MspInit                         0x08003771   Thumb Code   182  usart.o(i.HAL_UART_MspInit)
    HAL_UART_Transmit                        0x08003839   Thumb Code   206  stm32g0xx_hal_uart.o(i.HAL_UART_Transmit)
    HardFault_Handler                        0x08003907   Thumb Code     2  stm32g0xx_it.o(i.HardFault_Handler)
    I2C2_IRQHandler                          0x08003909   Thumb Code    28  stm32g0xx_it.o(i.I2C2_IRQHandler)
    Key_Scan                                 0x08003f25   Thumb Code   258  key.o(i.Key_Scan)
    MX_ADC1_Init                             0x08004079   Thumb Code   162  adc.o(i.MX_ADC1_Init)
    MX_DMA_Init                              0x08004135   Thumb Code    52  dma.o(i.MX_DMA_Init)
    MX_GPIO_Init                             0x0800416d   Thumb Code   234  gpio.o(i.MX_GPIO_Init)
    MX_I2C2_Init                             0x08004269   Thumb Code    76  i2c.o(i.MX_I2C2_Init)
    MX_SPI2_Init                             0x080042c1   Thumb Code    66  spi.o(i.MX_SPI2_Init)
    MX_TIM17_Init                            0x0800430d   Thumb Code    42  tim.o(i.MX_TIM17_Init)
    MX_TIM1_Init                             0x08004345   Thumb Code   220  tim.o(i.MX_TIM1_Init)
    MX_TIM2_Init                             0x08004429   Thumb Code   152  tim.o(i.MX_TIM2_Init)
    MX_TIM3_Init                             0x080044c5   Thumb Code   172  tim.o(i.MX_TIM3_Init)
    MX_USART2_UART_Init                      0x08004579   Thumb Code    50  usart.o(i.MX_USART2_UART_Init)
    NMI_Handler                              0x080045b5   Thumb Code     2  stm32g0xx_it.o(i.NMI_Handler)
    OLED_Init                                0x080045b9   Thumb Code   192  oled.o(i.OLED_Init)
    OLED_NewFrame                            0x08004681   Thumb Code    14  oled.o(i.OLED_NewFrame)
    OLED_PrintASCIIChar                      0x08004695   Thumb Code    36  oled.o(i.OLED_PrintASCIIChar)
    OLED_PrintASCIIString                    0x080046b9   Thumb Code    44  oled.o(i.OLED_PrintASCIIString)
    OLED_Send                                0x080046e5   Thumb Code    32  oled.o(i.OLED_Send)
    OLED_SendCmd                             0x0800470d   Thumb Code    46  oled.o(i.OLED_SendCmd)
    OLED_SetBits                             0x08004749   Thumb Code    70  oled.o(i.OLED_SetBits)
    OLED_SetBits_Fine                        0x0800478f   Thumb Code   100  oled.o(i.OLED_SetBits_Fine)
    OLED_SetBlock                            0x080047f3   Thumb Code   136  oled.o(i.OLED_SetBlock)
    OLED_SetByte_Fine                        0x0800487d   Thumb Code    66  oled.o(i.OLED_SetByte_Fine)
    OLED_ShowFrame                           0x080048c9   Thumb Code    66  oled.o(i.OLED_ShowFrame)
    PWM_CH_Init                              0x08004911   Thumb Code    20  pwm.o(i.PWM_CH_Init)
    PWM_DutySet                              0x08004929   Thumb Code    32  pwm.o(i.PWM_DutySet)
    PWM_OUT_Init                             0x08004949   Thumb Code    12  pwm.o(i.PWM_OUT_Init)
    PendSV_Handler                           0x08004959   Thumb Code     2  stm32g0xx_it.o(i.PendSV_Handler)
    SVC_Handler                              0x08004b39   Thumb Code     2  stm32g0xx_it.o(i.SVC_Handler)
    SysTick_Handler                          0x08004b3b   Thumb Code     8  stm32g0xx_it.o(i.SysTick_Handler)
    SystemClock_Config                       0x08004b43   Thumb Code   106  main.o(i.SystemClock_Config)
    SystemInit                               0x08004bad   Thumb Code     2  system_stm32g0xx.o(i.SystemInit)
    TIM17_IRQHandler                         0x08004bb1   Thumb Code    10  stm32g0xx_it.o(i.TIM17_IRQHandler)
    TIM1_BRK_UP_TRG_COM_IRQHandler           0x08004bc1   Thumb Code    10  stm32g0xx_it.o(i.TIM1_BRK_UP_TRG_COM_IRQHandler)
    TIM_Base_SetConfig                       0x08004bd1   Thumb Code   126  stm32g0xx_hal_tim.o(i.TIM_Base_SetConfig)
    TIM_CCxChannelCmd                        0x08004c65   Thumb Code    26  stm32g0xx_hal_tim.o(i.TIM_CCxChannelCmd)
    TIM_ETR_SetConfig                        0x08004c7f   Thumb Code    22  stm32g0xx_hal_tim.o(i.TIM_ETR_SetConfig)
    TIM_OC2_SetConfig                        0x08004d25   Thumb Code   106  stm32g0xx_hal_tim.o(i.TIM_OC2_SetConfig)
    UART_AdvFeatureConfig                    0x08004f8d   Thumb Code   202  stm32g0xx_hal_uart.o(i.UART_AdvFeatureConfig)
    UART_CheckIdleState                      0x08005059   Thumb Code   180  stm32g0xx_hal_uart.o(i.UART_CheckIdleState)
    UART_SetConfig                           0x08005175   Thumb Code   482  stm32g0xx_hal_uart.o(i.UART_SetConfig)
    UART_WaitOnFlagUntilTimeout              0x08005381   Thumb Code   144  stm32g0xx_hal_uart.o(i.UART_WaitOnFlagUntilTimeout)
    VOLT_Init                                0x08005411   Thumb Code    32  volt.o(i.VOLT_Init)
    VOLT_ReadVoltages                        0x0800543d   Thumb Code    96  volt.o(i.VOLT_ReadVoltages)
    __0printf                                0x080054ad   Thumb Code    24  printfa.o(i.__0printf)
    __1printf                                0x080054ad   Thumb Code     0  printfa.o(i.__0printf)
    __2printf                                0x080054ad   Thumb Code     0  printfa.o(i.__0printf)
    __c89printf                              0x080054ad   Thumb Code     0  printfa.o(i.__0printf)
    printf                                   0x080054ad   Thumb Code     0  printfa.o(i.__0printf)
    __0snprintf                              0x080054cd   Thumb Code    38  printfa.o(i.__0snprintf)
    __1snprintf                              0x080054cd   Thumb Code     0  printfa.o(i.__0snprintf)
    __2snprintf                              0x080054cd   Thumb Code     0  printfa.o(i.__0snprintf)
    __c89snprintf                            0x080054cd   Thumb Code     0  printfa.o(i.__0snprintf)
    snprintf                                 0x080054cd   Thumb Code     0  printfa.o(i.__0snprintf)
    __ARM_clz                                0x080054f9   Thumb Code    46  depilogue.o(i.__ARM_clz)
    __ARM_common_switch8                     0x08005527   Thumb Code    26  stm32g0xx_hal_dma.o(i.__ARM_common_switch8)
    __scatterload_copy                       0x08005585   Thumb Code    14  handlers.o(i.__scatterload_copy)
    __scatterload_null                       0x08005593   Thumb Code     2  handlers.o(i.__scatterload_null)
    __scatterload_zeroinit                   0x08005595   Thumb Code    14  handlers.o(i.__scatterload_zeroinit)
    allstop                                  0x08005e4d   Thumb Code    58  mode.o(i.allstop)
    fputc                                    0x08005e99   Thumb Code    18  printf.o(i.fputc)
    init_status                              0x08005eb5   Thumb Code    36  status.o(i.init_status)
    main                                     0x08005edd   Thumb Code    68  main.o(i.main)
    main_status                              0x08005f25   Thumb Code    36  status.o(i.main_status)
    messer_init                              0x08005f4d   Thumb Code    34  mode.o(i.messer_init)
    messer_main                              0x08005f75   Thumb Code    86  mode.o(i.messer_main)
    mu_init                                  0x08005fd5   Thumb Code     2  mode.o(i.mu_init)
    mu_main                                  0x08005fd7   Thumb Code     2  mode.o(i.mu_main)
    scope_init                               0x08005fd9   Thumb Code    34  mode.o(i.scope_init)
    scope_main                               0x08006001   Thumb Code    66  mode.o(i.scope_main)
    sendinit                                 0x0800604d   Thumb Code     2  send.o(i.sendinit)
    sendres                                  0x0800604f   Thumb Code     2  send.o(i.sendres)
    sendvolt                                 0x08006051   Thumb Code    36  send.o(i.sendvolt)
    showinit                                 0x08006089   Thumb Code    14  show.o(i.showinit)
    showshow                                 0x08006099   Thumb Code   334  show.o(i.showshow)
    voltage_map                              0x08006261   Thumb Code    84  function.o(i.voltage_map)
    UARTPrescTable                           0x080062c0   Data          24  stm32g0xx_hal_uart.o(.constdata)
    AHBPrescTable                            0x080062d8   Data          64  system_stm32g0xx.o(.constdata)
    APBPrescTable                            0x08006318   Data          32  system_stm32g0xx.o(.constdata)
    ascii_8x6                                0x08006338   Data         552  font.o(.constdata)
    afont8x6                                 0x08006560   Data           8  font.o(.constdata)
    Region$$Table$$Base                      0x08006568   Number         0  anon$$obj.o(Region$$Table)
    Region$$Table$$Limit                     0x08006588   Number         0  anon$$obj.o(Region$$Table)
    uwTickFreq                               0x20000000   Data           1  stm32g0xx_hal.o(.data)
    uwTickPrio                               0x20000004   Data           4  stm32g0xx_hal.o(.data)
    uwTick                                   0x20000008   Data           4  stm32g0xx_hal.o(.data)
    SystemCoreClock                          0x2000000c   Data           4  system_stm32g0xx.o(.data)
    B_level                                  0x20000010   Data           1  key.o(.data)
    encoder_value                            0x20000011   Data           1  key.o(.data)
    select                                   0x20000012   Data           2  key.o(.data)
    paramlist                                0x20000014   Data           5  key.o(.data)
    USE_HORIZONTAL                           0x2000003c   Data           4  oled.o(.data)
    adcValues                                0x20000040   Data           6  volt.o(.data)
    statuschar                               0x20000048   Data          40  show.o(.data)
    functionshowchar                         0x20000070   Data          50  show.o(.data)
    paramshowchar                            0x200000a2   Data          50  show.o(.data)
    showparamlist                            0x200000d4   Data          20  show.o(.data)
    status                                   0x200000e8   Data           4  status.o(.data)
    res                                      0x200000ec   Data           8  mode.o(.data)
    functionshow                             0x200000f4   Data          20  mode.o(.data)
    paramshow                                0x20000108   Data          20  mode.o(.data)
    dcarr                                    0x2000011c   Data           4  mode.o(.data)
    __stdout                                 0x20000120   Data           4  stdout.o(.data)
    hadc1                                    0x20000124   Data         100  adc.o(.bss)
    hdma_adc1                                0x20000188   Data          92  adc.o(.bss)
    hi2c2                                    0x200001e4   Data          84  i2c.o(.bss)
    hspi2                                    0x20000238   Data         100  spi.o(.bss)
    htim1                                    0x2000029c   Data          76  tim.o(.bss)
    htim2                                    0x200002e8   Data          76  tim.o(.bss)
    htim3                                    0x20000334   Data          76  tim.o(.bss)
    htim17                                   0x20000380   Data          76  tim.o(.bss)
    huart2                                   0x200003cc   Data         148  usart.o(.bss)
    hdma_usart2_rx                           0x20000460   Data          92  usart.o(.bss)
    hdma_usart2_tx                           0x200004bc   Data          92  usart.o(.bss)
    OLED_GRAM                                0x20000599   Data        2048  oled.o(.bss)
    voltages                                 0x20000d9c   Data          12  mode.o(.bss)
    __initial_sp                             0x200011a8   Data           0  startup_stm32g031xx.o(STACK)



==============================================================================

Memory Map of the image

  Image Entry point : 0x080000c1

  Load Region LR_IROM1 (Base: 0x08000000, Size: 0x000066ac, Max: 0x00010000, ABSOLUTE)

    Execution Region ER_IROM1 (Exec base: 0x08000000, Load base: 0x08000000, Size: 0x00006588, Max: 0x00010000, ABSOLUTE)

    Exec Addr    Load Addr    Size         Type   Attr      Idx    E Section Name        Object

    0x08000000   0x08000000   0x000000c0   Data   RO            3    RESET               startup_stm32g031xx.o
    0x080000c0   0x080000c0   0x00000000   Code   RO         5241  * .ARM.Collect$$$$00000000  mc_p.l(entry.o)
    0x080000c0   0x080000c0   0x00000004   Code   RO         5551    .ARM.Collect$$$$00000001  mc_p.l(entry2.o)
    0x080000c4   0x080000c4   0x00000004   Code   RO         5554    .ARM.Collect$$$$00000004  mc_p.l(entry5.o)
    0x080000c8   0x080000c8   0x00000000   Code   RO         5556    .ARM.Collect$$$$00000008  mc_p.l(entry7b.o)
    0x080000c8   0x080000c8   0x00000000   Code   RO         5558    .ARM.Collect$$$$0000000A  mc_p.l(entry8b.o)
    0x080000c8   0x080000c8   0x00000008   Code   RO         5559    .ARM.Collect$$$$0000000B  mc_p.l(entry9a.o)
    0x080000d0   0x080000d0   0x00000000   Code   RO         5561    .ARM.Collect$$$$0000000D  mc_p.l(entry10a.o)
    0x080000d0   0x080000d0   0x00000000   Code   RO         5563    .ARM.Collect$$$$0000000F  mc_p.l(entry11a.o)
    0x080000d0   0x080000d0   0x00000004   Code   RO         5552    .ARM.Collect$$$$00002712  mc_p.l(entry2.o)
    0x080000d4   0x080000d4   0x0000001c   Code   RO            4    .text               startup_stm32g031xx.o
    0x080000f0   0x080000f0   0x0000002c   Code   RO         5244    .text               mc_p.l(uidiv.o)
    0x0800011c   0x0800011c   0x00000028   Code   RO         5246    .text               mc_p.l(idiv.o)
    0x08000144   0x08000144   0x00000060   Code   RO         5248    .text               mc_p.l(uldiv.o)
    0x080001a4   0x080001a4   0x00000024   Code   RO         5250    .text               mc_p.l(memcpya.o)
    0x080001c8   0x080001c8   0x00000024   Code   RO         5252    .text               mc_p.l(memseta.o)
    0x080001ec   0x080001ec   0x000000b2   Code   RO         5519    .text               mf_p.l(fadd.o)
    0x0800029e   0x0800029e   0x0000007a   Code   RO         5521    .text               mf_p.l(fmul.o)
    0x08000318   0x08000318   0x0000007c   Code   RO         5523    .text               mf_p.l(fdiv.o)
    0x08000394   0x08000394   0x00000164   Code   RO         5525    .text               mf_p.l(dadd.o)
    0x080004f8   0x080004f8   0x000000d0   Code   RO         5527    .text               mf_p.l(dmul.o)
    0x080005c8   0x080005c8   0x000000f0   Code   RO         5529    .text               mf_p.l(ddiv.o)
    0x080006b8   0x080006b8   0x00000016   Code   RO         5531    .text               mf_p.l(fflti.o)
    0x080006ce   0x080006ce   0x0000000e   Code   RO         5533    .text               mf_p.l(ffltui.o)
    0x080006dc   0x080006dc   0x0000001c   Code   RO         5537    .text               mf_p.l(dfltui.o)
    0x080006f8   0x080006f8   0x00000032   Code   RO         5539    .text               mf_p.l(ffixi.o)
    0x0800072a   0x0800072a   0x00000028   Code   RO         5541    .text               mf_p.l(ffixui.o)
    0x08000752   0x08000752   0x00000002   PAD
    0x08000754   0x08000754   0x0000003c   Code   RO         5545    .text               mf_p.l(dfixui.o)
    0x08000790   0x08000790   0x00000028   Code   RO         5547    .text               mf_p.l(f2d.o)
    0x080007b8   0x080007b8   0x00000038   Code   RO         5549    .text               mf_p.l(d2f.o)
    0x080007f0   0x080007f0   0x00000020   Code   RO         5566    .text               mc_p.l(llshl.o)
    0x08000810   0x08000810   0x00000022   Code   RO         5568    .text               mc_p.l(llushr.o)
    0x08000832   0x08000832   0x00000026   Code   RO         5570    .text               mc_p.l(llsshr.o)
    0x08000858   0x08000858   0x00000000   Code   RO         5572    .text               mc_p.l(iusefp.o)
    0x08000858   0x08000858   0x00000082   Code   RO         5573    .text               mf_p.l(fepilogue.o)
    0x080008da   0x080008da   0x000000be   Code   RO         5575    .text               mf_p.l(depilogue.o)
    0x08000998   0x08000998   0x00000040   Code   RO         5579    .text               mf_p.l(dfixul.o)
    0x080009d8   0x080009d8   0x00000028   Code   RO         5581    .text               mf_p.l(cdrcmple.o)
    0x08000a00   0x08000a00   0x00000024   Code   RO         5583    .text               mc_p.l(init.o)
    0x08000a24   0x08000a24   0x00000010   Code   RO          483    i.ADC1_IRQHandler   stm32g0xx_it.o
    0x08000a34   0x08000a34   0x00000060   Code   RO          593    i.ADC_ConversionStop  stm32g0xx_hal_adc.o
    0x08000a94   0x08000a94   0x00000080   Code   RO          594    i.ADC_DMAConvCplt   stm32g0xx_hal_adc.o
    0x08000b14   0x08000b14   0x0000001a   Code   RO          595    i.ADC_DMAError      stm32g0xx_hal_adc.o
    0x08000b2e   0x08000b2e   0x0000000a   Code   RO          596    i.ADC_DMAHalfConvCplt  stm32g0xx_hal_adc.o
    0x08000b38   0x08000b38   0x00000074   Code   RO          597    i.ADC_Disable       stm32g0xx_hal_adc.o
    0x08000bac   0x08000bac   0x000000b4   Code   RO          598    i.ADC_Enable        stm32g0xx_hal_adc.o
    0x08000c60   0x08000c60   0x00000060   Code   RO         5101    i.CH_control        function.o
    0x08000cc0   0x08000cc0   0x000000a0   Code   RO         5102    i.CH_fcontrol       function.o
    0x08000d60   0x08000d60   0x00000044   Code   RO         4867    i.DC_OUT            pwm.o
    0x08000da4   0x08000da4   0x00000040   Code   RO         5104    i.DC_control        function.o
    0x08000de4   0x08000de4   0x0000001c   Code   RO         5105    i.DC_vcontrol       function.o
    0x08000e00   0x08000e00   0x00000010   Code   RO          484    i.DMA1_Channel1_IRQHandler  stm32g0xx_it.o
    0x08000e10   0x08000e10   0x00000018   Code   RO          485    i.DMA1_Channel2_3_IRQHandler  stm32g0xx_it.o
    0x08000e28   0x08000e28   0x00000030   Code   RO         1311    i.DMA_CalcDMAMUXChannelBaseAndMask  stm32g0xx_hal_dma.o
    0x08000e58   0x08000e58   0x00000028   Code   RO         1312    i.DMA_CalcDMAMUXRequestGenBaseAndMask  stm32g0xx_hal_dma.o
    0x08000e80   0x08000e80   0x00000048   Code   RO         1313    i.DMA_SetConfig     stm32g0xx_hal_dma.o
    0x08000ec8   0x08000ec8   0x0000000c   Code   RO          486    i.EXTI4_15_IRQHandler  stm32g0xx_it.o
    0x08000ed4   0x08000ed4   0x00000014   Code   RO           12    i.Error_Handler     main.o
    0x08000ee8   0x08000ee8   0x000000e4   Code   RO         5106    i.Get_Res           function.o
    0x08000fcc   0x08000fcc   0x00000160   Code   RO          807    i.HAL_ADCEx_Calibration_Start  stm32g0xx_hal_adc_ex.o
    0x0800112c   0x0800112c   0x00000002   Code   RO          808    i.HAL_ADCEx_ChannelConfigReadyCallback  stm32g0xx_hal_adc_ex.o
    0x0800112e   0x0800112e   0x00000002   Code   RO          810    i.HAL_ADCEx_EndOfSamplingCallback  stm32g0xx_hal_adc_ex.o
    0x08001130   0x08001130   0x00000002   Code   RO          811    i.HAL_ADCEx_LevelOutOfWindow2Callback  stm32g0xx_hal_adc_ex.o
    0x08001132   0x08001132   0x00000002   Code   RO          812    i.HAL_ADCEx_LevelOutOfWindow3Callback  stm32g0xx_hal_adc_ex.o
    0x08001134   0x08001134   0x00000224   Code   RO          600    i.HAL_ADC_ConfigChannel  stm32g0xx_hal_adc.o
    0x08001358   0x08001358   0x00000002   Code   RO          601    i.HAL_ADC_ConvCpltCallback  stm32g0xx_hal_adc.o
    0x0800135a   0x0800135a   0x00000002   Code   RO          602    i.HAL_ADC_ConvHalfCpltCallback  stm32g0xx_hal_adc.o
    0x0800135c   0x0800135c   0x00000002   Code   RO          604    i.HAL_ADC_ErrorCallback  stm32g0xx_hal_adc.o
    0x0800135e   0x0800135e   0x00000002   PAD
    0x08001360   0x08001360   0x00000150   Code   RO          608    i.HAL_ADC_IRQHandler  stm32g0xx_hal_adc.o
    0x080014b0   0x080014b0   0x0000021c   Code   RO          609    i.HAL_ADC_Init      stm32g0xx_hal_adc.o
    0x080016cc   0x080016cc   0x00000002   Code   RO          610    i.HAL_ADC_LevelOutOfWindowCallback  stm32g0xx_hal_adc.o
    0x080016ce   0x080016ce   0x00000002   PAD
    0x080016d0   0x080016d0   0x000000a8   Code   RO          250    i.HAL_ADC_MspInit   adc.o
    0x08001778   0x08001778   0x000000b4   Code   RO          616    i.HAL_ADC_Start_DMA  stm32g0xx_hal_adc.o
    0x0800182c   0x0800182c   0x00000078   Code   RO          619    i.HAL_ADC_Stop_DMA  stm32g0xx_hal_adc.o
    0x080018a4   0x080018a4   0x00000074   Code   RO         1314    i.HAL_DMA_Abort     stm32g0xx_hal_dma.o
    0x08001918   0x08001918   0x0000007c   Code   RO         1315    i.HAL_DMA_Abort_IT  stm32g0xx_hal_dma.o
    0x08001994   0x08001994   0x00000006   Code   RO         1318    i.HAL_DMA_GetState  stm32g0xx_hal_dma.o
    0x0800199a   0x0800199a   0x00000002   PAD
    0x0800199c   0x0800199c   0x000000b8   Code   RO         1319    i.HAL_DMA_IRQHandler  stm32g0xx_hal_dma.o
    0x08001a54   0x08001a54   0x000000a4   Code   RO         1320    i.HAL_DMA_Init      stm32g0xx_hal_dma.o
    0x08001af8   0x08001af8   0x0000008c   Code   RO         1324    i.HAL_DMA_Start_IT  stm32g0xx_hal_dma.o
    0x08001b84   0x08001b84   0x00000024   Code   RO         1849    i.HAL_Delay         stm32g0xx_hal.o
    0x08001ba8   0x08001ba8   0x00000018   Code   RO         4595    i.HAL_GPIO_EXTI_Falling_Callback  key.o
    0x08001bc0   0x08001bc0   0x00000028   Code   RO         1245    i.HAL_GPIO_EXTI_IRQHandler  stm32g0xx_hal_gpio.o
    0x08001be8   0x08001be8   0x00000180   Code   RO         4596    i.HAL_GPIO_EXTI_Rising_Callback  key.o
    0x08001d68   0x08001d68   0x0000015c   Code   RO         1247    i.HAL_GPIO_Init     stm32g0xx_hal_gpio.o
    0x08001ec4   0x08001ec4   0x0000000a   Code   RO         1249    i.HAL_GPIO_ReadPin  stm32g0xx_hal_gpio.o
    0x08001ece   0x08001ece   0x0000000c   Code   RO         1251    i.HAL_GPIO_WritePin  stm32g0xx_hal_gpio.o
    0x08001eda   0x08001eda   0x00000002   PAD
    0x08001edc   0x08001edc   0x0000000c   Code   RO         1853    i.HAL_GetTick       stm32g0xx_hal.o
    0x08001ee8   0x08001ee8   0x0000004a   Code   RO         2604    i.HAL_I2CEx_ConfigAnalogFilter  stm32g0xx_hal_i2c_ex.o
    0x08001f32   0x08001f32   0x00000048   Code   RO         2605    i.HAL_I2CEx_ConfigDigitalFilter  stm32g0xx_hal_i2c_ex.o
    0x08001f7a   0x08001f7a   0x00000002   Code   RO         2136    i.HAL_I2C_AbortCpltCallback  stm32g0xx_hal_i2c.o
    0x08001f7c   0x08001f7c   0x00000002   Code   RO         2137    i.HAL_I2C_AddrCallback  stm32g0xx_hal_i2c.o
    0x08001f7e   0x08001f7e   0x0000005e   Code   RO         2140    i.HAL_I2C_ER_IRQHandler  stm32g0xx_hal_i2c.o
    0x08001fdc   0x08001fdc   0x00000010   Code   RO         2141    i.HAL_I2C_EV_IRQHandler  stm32g0xx_hal_i2c.o
    0x08001fec   0x08001fec   0x00000002   Code   RO         2143    i.HAL_I2C_ErrorCallback  stm32g0xx_hal_i2c.o
    0x08001fee   0x08001fee   0x00000002   PAD
    0x08001ff0   0x08001ff0   0x000000bc   Code   RO         2147    i.HAL_I2C_Init      stm32g0xx_hal_i2c.o
    0x080020ac   0x080020ac   0x00000002   Code   RO         2149    i.HAL_I2C_ListenCpltCallback  stm32g0xx_hal_i2c.o
    0x080020ae   0x080020ae   0x00000002   PAD
    0x080020b0   0x080020b0   0x00000070   Code   RO          308    i.HAL_I2C_MspInit   i2c.o
    0x08002120   0x08002120   0x00000002   Code   RO         2173    i.HAL_I2C_SlaveRxCpltCallback  stm32g0xx_hal_i2c.o
    0x08002122   0x08002122   0x00000002   Code   RO         2174    i.HAL_I2C_SlaveTxCpltCallback  stm32g0xx_hal_i2c.o
    0x08002124   0x08002124   0x00000010   Code   RO         1859    i.HAL_IncTick       stm32g0xx_hal.o
    0x08002134   0x08002134   0x00000028   Code   RO         1860    i.HAL_Init          stm32g0xx_hal.o
    0x0800215c   0x0800215c   0x00000048   Code   RO         1861    i.HAL_InitTick      stm32g0xx_hal.o
    0x080021a4   0x080021a4   0x0000002c   Code   RO          573    i.HAL_MspInit       stm32g0xx_hal_msp.o
    0x080021d0   0x080021d0   0x00000020   Code   RO         1726    i.HAL_NVIC_DisableIRQ  stm32g0xx_hal_cortex.o
    0x080021f0   0x080021f0   0x00000018   Code   RO         1727    i.HAL_NVIC_EnableIRQ  stm32g0xx_hal_cortex.o
    0x08002208   0x08002208   0x00000008   Code   RO         1731    i.HAL_NVIC_SetPriority  stm32g0xx_hal_cortex.o
    0x08002210   0x08002210   0x0000004c   Code   RO         1545    i.HAL_PWREx_ControlVoltageScaling  stm32g0xx_hal_pwr_ex.o
    0x0800225c   0x0800225c   0x000001b0   Code   RO          995    i.HAL_RCCEx_PeriphCLKConfig  stm32g0xx_hal_rcc_ex.o
    0x0800240c   0x0800240c   0x00000158   Code   RO          879    i.HAL_RCC_ClockConfig  stm32g0xx_hal_rcc.o
    0x08002564   0x08002564   0x00000028   Code   RO          887    i.HAL_RCC_GetPCLK1Freq  stm32g0xx_hal_rcc.o
    0x0800258c   0x0800258c   0x0000008c   Code   RO          889    i.HAL_RCC_GetSysClockFreq  stm32g0xx_hal_rcc.o
    0x08002618   0x08002618   0x000003e8   Code   RO          893    i.HAL_RCC_OscConfig  stm32g0xx_hal_rcc.o
    0x08002a00   0x08002a00   0x000000ee   Code   RO         2665    i.HAL_SPI_Init      stm32g0xx_hal_spi.o
    0x08002aee   0x08002aee   0x00000002   PAD
    0x08002af0   0x08002af0   0x00000078   Code   RO          346    i.HAL_SPI_MspInit   spi.o
    0x08002b68   0x08002b68   0x00000160   Code   RO         2673    i.HAL_SPI_Transmit  stm32g0xx_hal_spi.o
    0x08002cc8   0x08002cc8   0x00000030   Code   RO         1735    i.HAL_SYSTICK_Config  stm32g0xx_hal_cortex.o
    0x08002cf8   0x08002cf8   0x00000002   Code   RO         3709    i.HAL_TIMEx_Break2Callback  stm32g0xx_hal_tim_ex.o
    0x08002cfa   0x08002cfa   0x00000002   Code   RO         3710    i.HAL_TIMEx_BreakCallback  stm32g0xx_hal_tim_ex.o
    0x08002cfc   0x08002cfc   0x00000002   Code   RO         3711    i.HAL_TIMEx_CommutCallback  stm32g0xx_hal_tim_ex.o
    0x08002cfe   0x08002cfe   0x00000002   PAD
    0x08002d00   0x08002d00   0x000000a8   Code   RO         3713    i.HAL_TIMEx_ConfigBreakDeadTime  stm32g0xx_hal_tim_ex.o
    0x08002da8   0x08002da8   0x0000006c   Code   RO         3732    i.HAL_TIMEx_MasterConfigSynchronization  stm32g0xx_hal_tim_ex.o
    0x08002e14   0x08002e14   0x0000004c   Code   RO         2999    i.HAL_TIM_Base_Init  stm32g0xx_hal_tim.o
    0x08002e60   0x08002e60   0x000000b8   Code   RO          384    i.HAL_TIM_Base_MspInit  tim.o
    0x08002f18   0x08002f18   0x00000050   Code   RO         3002    i.HAL_TIM_Base_Start  stm32g0xx_hal_tim.o
    0x08002f68   0x08002f68   0x00000058   Code   RO         3004    i.HAL_TIM_Base_Start_IT  stm32g0xx_hal_tim.o
    0x08002fc0   0x08002fc0   0x00000028   Code   RO         3005    i.HAL_TIM_Base_Stop  stm32g0xx_hal_tim.o
    0x08002fe8   0x08002fe8   0x000000e0   Code   RO         3008    i.HAL_TIM_ConfigClockSource  stm32g0xx_hal_tim.o
    0x080030c8   0x080030c8   0x00000002   Code   RO         3033    i.HAL_TIM_IC_CaptureCallback  stm32g0xx_hal_tim.o
    0x080030ca   0x080030ca   0x00000002   PAD
    0x080030cc   0x080030cc   0x00000148   Code   RO         3047    i.HAL_TIM_IRQHandler  stm32g0xx_hal_tim.o
    0x08003214   0x08003214   0x00000094   Code   RO          385    i.HAL_TIM_MspPostInit  tim.o
    0x080032a8   0x080032a8   0x0000006c   Code   RO         3048    i.HAL_TIM_OC_ConfigChannel  stm32g0xx_hal_tim.o
    0x08003314   0x08003314   0x00000002   Code   RO         3050    i.HAL_TIM_OC_DelayElapsedCallback  stm32g0xx_hal_tim.o
    0x08003316   0x08003316   0x0000004c   Code   RO         3052    i.HAL_TIM_OC_Init   stm32g0xx_hal_tim.o
    0x08003362   0x08003362   0x00000002   Code   RO         3054    i.HAL_TIM_OC_MspInit  stm32g0xx_hal_tim.o
    0x08003364   0x08003364   0x00000128   Code   RO         3071    i.HAL_TIM_PWM_ConfigChannel  stm32g0xx_hal_tim.o
    0x0800348c   0x0800348c   0x0000004c   Code   RO         3074    i.HAL_TIM_PWM_Init  stm32g0xx_hal_tim.o
    0x080034d8   0x080034d8   0x00000002   Code   RO         3076    i.HAL_TIM_PWM_MspInit  stm32g0xx_hal_tim.o
    0x080034da   0x080034da   0x00000002   Code   RO         3077    i.HAL_TIM_PWM_PulseFinishedCallback  stm32g0xx_hal_tim.o
    0x080034dc   0x080034dc   0x000000c8   Code   RO         3079    i.HAL_TIM_PWM_Start  stm32g0xx_hal_tim.o
    0x080035a4   0x080035a4   0x00000098   Code   RO         3082    i.HAL_TIM_PWM_Stop  stm32g0xx_hal_tim.o
    0x0800363c   0x0800363c   0x000000c4   Code   RO         4597    i.HAL_TIM_PeriodElapsedCallback  key.o
    0x08003700   0x08003700   0x00000002   Code   RO         3090    i.HAL_TIM_TriggerCallback  stm32g0xx_hal_tim.o
    0x08003702   0x08003702   0x0000006c   Code   RO         4037    i.HAL_UART_Init     stm32g0xx_hal_uart.o
    0x0800376e   0x0800376e   0x00000002   PAD
    0x08003770   0x08003770   0x000000c8   Code   RO          446    i.HAL_UART_MspInit  usart.o
    0x08003838   0x08003838   0x000000ce   Code   RO         4046    i.HAL_UART_Transmit  stm32g0xx_hal_uart.o
    0x08003906   0x08003906   0x00000002   Code   RO          487    i.HardFault_Handler  stm32g0xx_it.o
    0x08003908   0x08003908   0x00000020   Code   RO          488    i.I2C2_IRQHandler   stm32g0xx_it.o
    0x08003928   0x08003928   0x0000001c   Code   RO         2186    i.I2C_DMAAbort      stm32g0xx_hal_i2c.o
    0x08003944   0x08003944   0x00000052   Code   RO         2192    i.I2C_Disable_IRQ   stm32g0xx_hal_i2c.o
    0x08003996   0x08003996   0x00000022   Code   RO         2194    i.I2C_Flush_TXDR    stm32g0xx_hal_i2c.o
    0x080039b8   0x080039b8   0x0000007c   Code   RO         2195    i.I2C_ITAddrCplt    stm32g0xx_hal_i2c.o
    0x08003a34   0x08003a34   0x00000114   Code   RO         2196    i.I2C_ITError       stm32g0xx_hal_i2c.o
    0x08003b48   0x08003b48   0x00000068   Code   RO         2197    i.I2C_ITListenCplt  stm32g0xx_hal_i2c.o
    0x08003bb0   0x08003bb0   0x000001c0   Code   RO         2200    i.I2C_ITSlaveCplt   stm32g0xx_hal_i2c.o
    0x08003d70   0x08003d70   0x0000006a   Code   RO         2201    i.I2C_ITSlaveSeqCplt  stm32g0xx_hal_i2c.o
    0x08003dda   0x08003dda   0x00000002   PAD
    0x08003ddc   0x08003ddc   0x00000120   Code   RO         2210    i.I2C_Slave_ISR_IT  stm32g0xx_hal_i2c.o
    0x08003efc   0x08003efc   0x00000026   Code   RO         2212    i.I2C_TreatErrorCallback  stm32g0xx_hal_i2c.o
    0x08003f22   0x08003f22   0x00000002   PAD
    0x08003f24   0x08003f24   0x00000108   Code   RO         4598    i.Key_Scan          key.o
    0x0800402c   0x0800402c   0x00000008   Code   RO          621    i.LL_ADC_IsEnabled  stm32g0xx_hal_adc.o
    0x08004034   0x08004034   0x00000008   Code   RO          813    i.LL_ADC_IsEnabled  stm32g0xx_hal_adc_ex.o
    0x0800403c   0x0800403c   0x00000008   Code   RO          622    i.LL_ADC_REG_IsConversionOngoing  stm32g0xx_hal_adc.o
    0x08004044   0x08004044   0x00000010   Code   RO          623    i.LL_ADC_REG_IsTriggerSourceSWStart  stm32g0xx_hal_adc.o
    0x08004054   0x08004054   0x0000000e   Code   RO          625    i.LL_ADC_SetCommonPathInternalCh  stm32g0xx_hal_adc.o
    0x08004062   0x08004062   0x00000016   Code   RO          626    i.LL_ADC_SetSamplingTimeCommonChannels  stm32g0xx_hal_adc.o
    0x08004078   0x08004078   0x000000bc   Code   RO          251    i.MX_ADC1_Init      adc.o
    0x08004134   0x08004134   0x00000038   Code   RO          287    i.MX_DMA_Init       dma.o
    0x0800416c   0x0800416c   0x000000fc   Code   RO          229    i.MX_GPIO_Init      gpio.o
    0x08004268   0x08004268   0x00000058   Code   RO          309    i.MX_I2C2_Init      i2c.o
    0x080042c0   0x080042c0   0x0000004c   Code   RO          347    i.MX_SPI2_Init      spi.o
    0x0800430c   0x0800430c   0x00000038   Code   RO          386    i.MX_TIM17_Init     tim.o
    0x08004344   0x08004344   0x000000e4   Code   RO          387    i.MX_TIM1_Init      tim.o
    0x08004428   0x08004428   0x0000009c   Code   RO          388    i.MX_TIM2_Init      tim.o
    0x080044c4   0x080044c4   0x000000b4   Code   RO          389    i.MX_TIM3_Init      tim.o
    0x08004578   0x08004578   0x0000003c   Code   RO          447    i.MX_USART2_UART_Init  usart.o
    0x080045b4   0x080045b4   0x00000002   Code   RO          489    i.NMI_Handler       stm32g0xx_it.o
    0x080045b6   0x080045b6   0x00000002   PAD
    0x080045b8   0x080045b8   0x000000c8   Code   RO         4657    i.OLED_Init         oled.o
    0x08004680   0x08004680   0x00000014   Code   RO         4658    i.OLED_NewFrame     oled.o
    0x08004694   0x08004694   0x00000024   Code   RO         4659    i.OLED_PrintASCIIChar  oled.o
    0x080046b8   0x080046b8   0x0000002c   Code   RO         4660    i.OLED_PrintASCIIString  oled.o
    0x080046e4   0x080046e4   0x00000028   Code   RO         4662    i.OLED_Send         oled.o
    0x0800470c   0x0800470c   0x0000003c   Code   RO         4663    i.OLED_SendCmd      oled.o
    0x08004748   0x08004748   0x00000046   Code   RO         4664    i.OLED_SetBits      oled.o
    0x0800478e   0x0800478e   0x00000064   Code   RO         4665    i.OLED_SetBits_Fine  oled.o
    0x080047f2   0x080047f2   0x00000088   Code   RO         4666    i.OLED_SetBlock     oled.o
    0x0800487a   0x0800487a   0x00000002   PAD
    0x0800487c   0x0800487c   0x0000004c   Code   RO         4668    i.OLED_SetByte_Fine  oled.o
    0x080048c8   0x080048c8   0x00000048   Code   RO         4671    i.OLED_ShowFrame    oled.o
    0x08004910   0x08004910   0x00000018   Code   RO         4868    i.PWM_CH_Init       pwm.o
    0x08004928   0x08004928   0x00000020   Code   RO         4869    i.PWM_DutySet       pwm.o
    0x08004948   0x08004948   0x00000010   Code   RO         4870    i.PWM_OUT_Init      pwm.o
    0x08004958   0x08004958   0x00000002   Code   RO          490    i.PendSV_Handler    stm32g0xx_it.o
    0x0800495a   0x0800495a   0x0000004c   Code   RO         2703    i.SPI_EndRxTxTransaction  stm32g0xx_hal_spi.o
    0x080049a6   0x080049a6   0x00000002   PAD
    0x080049a8   0x080049a8   0x000000d8   Code   RO         2708    i.SPI_WaitFifoStateUntilTimeout  stm32g0xx_hal_spi.o
    0x08004a80   0x08004a80   0x000000b8   Code   RO         2709    i.SPI_WaitFlagStateUntilTimeout  stm32g0xx_hal_spi.o
    0x08004b38   0x08004b38   0x00000002   Code   RO          491    i.SVC_Handler       stm32g0xx_it.o
    0x08004b3a   0x08004b3a   0x00000008   Code   RO          492    i.SysTick_Handler   stm32g0xx_it.o
    0x08004b42   0x08004b42   0x0000006a   Code   RO           13    i.SystemClock_Config  main.o
    0x08004bac   0x08004bac   0x00000002   Code   RO         4539    i.SystemInit        system_stm32g0xx.o
    0x08004bae   0x08004bae   0x00000002   PAD
    0x08004bb0   0x08004bb0   0x00000010   Code   RO          493    i.TIM17_IRQHandler  stm32g0xx_it.o
    0x08004bc0   0x08004bc0   0x00000010   Code   RO          494    i.TIM1_BRK_UP_TRG_COM_IRQHandler  stm32g0xx_it.o
    0x08004bd0   0x08004bd0   0x00000094   Code   RO         3092    i.TIM_Base_SetConfig  stm32g0xx_hal_tim.o
    0x08004c64   0x08004c64   0x0000001a   Code   RO         3093    i.TIM_CCxChannelCmd  stm32g0xx_hal_tim.o
    0x08004c7e   0x08004c7e   0x00000016   Code   RO         3103    i.TIM_ETR_SetConfig  stm32g0xx_hal_tim.o
    0x08004c94   0x08004c94   0x00000014   Code   RO         3104    i.TIM_ITRx_SetConfig  stm32g0xx_hal_tim.o
    0x08004ca8   0x08004ca8   0x0000007c   Code   RO         3105    i.TIM_OC1_SetConfig  stm32g0xx_hal_tim.o
    0x08004d24   0x08004d24   0x0000007c   Code   RO         3106    i.TIM_OC2_SetConfig  stm32g0xx_hal_tim.o
    0x08004da0   0x08004da0   0x0000007c   Code   RO         3107    i.TIM_OC3_SetConfig  stm32g0xx_hal_tim.o
    0x08004e1c   0x08004e1c   0x00000068   Code   RO         3108    i.TIM_OC4_SetConfig  stm32g0xx_hal_tim.o
    0x08004e84   0x08004e84   0x0000005c   Code   RO         3109    i.TIM_OC5_SetConfig  stm32g0xx_hal_tim.o
    0x08004ee0   0x08004ee0   0x00000064   Code   RO         3110    i.TIM_OC6_SetConfig  stm32g0xx_hal_tim.o
    0x08004f44   0x08004f44   0x00000022   Code   RO         3112    i.TIM_TI1_ConfigInputStage  stm32g0xx_hal_tim.o
    0x08004f66   0x08004f66   0x00000026   Code   RO         3114    i.TIM_TI2_ConfigInputStage  stm32g0xx_hal_tim.o
    0x08004f8c   0x08004f8c   0x000000ca   Code   RO         4051    i.UART_AdvFeatureConfig  stm32g0xx_hal_uart.o
    0x08005056   0x08005056   0x00000002   PAD
    0x08005058   0x08005058   0x000000b8   Code   RO         4052    i.UART_CheckIdleState  stm32g0xx_hal_uart.o
    0x08005110   0x08005110   0x00000064   Code   RO         4063    i.UART_EndRxTransfer  stm32g0xx_hal_uart.o
    0x08005174   0x08005174   0x0000020c   Code   RO         4069    i.UART_SetConfig    stm32g0xx_hal_uart.o
    0x08005380   0x08005380   0x00000090   Code   RO         4076    i.UART_WaitOnFlagUntilTimeout  stm32g0xx_hal_uart.o
    0x08005410   0x08005410   0x0000002c   Code   RO         4979    i.VOLT_Init         volt.o
    0x0800543c   0x0800543c   0x00000070   Code   RO         4980    i.VOLT_ReadVoltages  volt.o
    0x080054ac   0x080054ac   0x00000020   Code   RO         5491    i.__0printf         mc_p.l(printfa.o)
    0x080054cc   0x080054cc   0x0000002c   Code   RO         5492    i.__0snprintf       mc_p.l(printfa.o)
    0x080054f8   0x080054f8   0x0000002e   Code   RO         5577    i.__ARM_clz         mf_p.l(depilogue.o)
    0x08005526   0x08005526   0x0000001a   Code   RO         1407    i.__ARM_common_switch8  stm32g0xx_hal_dma.o
    0x08005540   0x08005540   0x00000044   Code   RO         1737    i.__NVIC_SetPriority  stm32g0xx_hal_cortex.o
    0x08005584   0x08005584   0x0000000e   Code   RO         5587    i.__scatterload_copy  mc_p.l(handlers.o)
    0x08005592   0x08005592   0x00000002   Code   RO         5588    i.__scatterload_null  mc_p.l(handlers.o)
    0x08005594   0x08005594   0x0000000e   Code   RO         5589    i.__scatterload_zeroinit  mc_p.l(handlers.o)
    0x080055a2   0x080055a2   0x00000002   PAD
    0x080055a4   0x080055a4   0x00000158   Code   RO         5498    i._fp_digits        mc_p.l(printfa.o)
    0x080056fc   0x080056fc   0x000006ec   Code   RO         5499    i._printf_core      mc_p.l(printfa.o)
    0x08005de8   0x08005de8   0x00000020   Code   RO         5500    i._printf_post_padding  mc_p.l(printfa.o)
    0x08005e08   0x08005e08   0x0000002c   Code   RO         5501    i._printf_pre_padding  mc_p.l(printfa.o)
    0x08005e34   0x08005e34   0x00000016   Code   RO         5502    i._snputc           mc_p.l(printfa.o)
    0x08005e4a   0x08005e4a   0x00000002   PAD
    0x08005e4c   0x08005e4c   0x0000004c   Code   RO         5170    i.allstop           mode.o
    0x08005e98   0x08005e98   0x0000001c   Code   RO         4835    i.fputc             printf.o
    0x08005eb4   0x08005eb4   0x00000028   Code   RO         5078    i.init_status       status.o
    0x08005edc   0x08005edc   0x00000048   Code   RO           14    i.main              main.o
    0x08005f24   0x08005f24   0x00000028   Code   RO         5079    i.main_status       status.o
    0x08005f4c   0x08005f4c   0x00000028   Code   RO         5171    i.messer_init       mode.o
    0x08005f74   0x08005f74   0x00000060   Code   RO         5172    i.messer_main       mode.o
    0x08005fd4   0x08005fd4   0x00000002   Code   RO         5173    i.mu_init           mode.o
    0x08005fd6   0x08005fd6   0x00000002   Code   RO         5174    i.mu_main           mode.o
    0x08005fd8   0x08005fd8   0x00000028   Code   RO         5175    i.scope_init        mode.o
    0x08006000   0x08006000   0x0000004c   Code   RO         5176    i.scope_main        mode.o
    0x0800604c   0x0800604c   0x00000002   Code   RO         5012    i.sendinit          send.o
    0x0800604e   0x0800604e   0x00000002   Code   RO         5013    i.sendres           send.o
    0x08006050   0x08006050   0x00000038   Code   RO         5014    i.sendvolt          send.o
    0x08006088   0x08006088   0x0000000e   Code   RO         5047    i.showinit          show.o
    0x08006096   0x08006096   0x00000002   PAD
    0x08006098   0x08006098   0x000001c8   Code   RO         5048    i.showshow          show.o
    0x08006260   0x08006260   0x00000060   Code   RO         5107    i.voltage_map       function.o
    0x080062c0   0x080062c0   0x00000018   Data   RO         4077    .constdata          stm32g0xx_hal_uart.o
    0x080062d8   0x080062d8   0x00000040   Data   RO         4540    .constdata          system_stm32g0xx.o
    0x08006318   0x08006318   0x00000020   Data   RO         4541    .constdata          system_stm32g0xx.o
    0x08006338   0x08006338   0x00000228   Data   RO         4570    .constdata          font.o
    0x08006560   0x08006560   0x00000008   Data   RO         4571    .constdata          font.o
    0x08006568   0x08006568   0x00000020   Data   RO         5585    Region$$Table       anon$$obj.o


    Execution Region RW_IRAM1 (Exec base: 0x20000000, Load base: 0x08006588, Size: 0x000011a8, Max: 0x00002000, ABSOLUTE)

    Exec Addr    Load Addr    Size         Type   Attr      Idx    E Section Name        Object

    0x20000000   0x08006588   0x0000000c   Data   RW         1878    .data               stm32g0xx_hal.o
    0x2000000c   0x08006594   0x00000004   Data   RW         4542    .data               system_stm32g0xx.o
    0x20000010   0x08006598   0x00000027   Data   RW         4599    .data               key.o
    0x20000037   0x080065bf   0x00000001   PAD
    0x20000038   0x080065c0   0x00000008   Data   RW         4674    .data               oled.o
    0x20000040   0x080065c8   0x00000006   Data   RW         4982    .data               volt.o
    0x20000046   0x080065ce   0x00000002   PAD
    0x20000048   0x080065d0   0x000000a0   Data   RW         5049    .data               show.o
    0x200000e8   0x08006670   0x00000004   Data   RW         5080    .data               status.o
    0x200000ec   0x08006674   0x00000030   Data   RW         5178    .data               mode.o
    0x2000011c   0x080066a4   0x00000004   Data   RW         5179    .data               mode.o
    0x20000120   0x080066a8   0x00000004   Data   RW         5565    .data               mc_p.l(stdout.o)
    0x20000124        -       0x000000c0   Zero   RW          252    .bss                adc.o
    0x200001e4        -       0x00000054   Zero   RW          310    .bss                i2c.o
    0x20000238        -       0x00000064   Zero   RW          348    .bss                spi.o
    0x2000029c        -       0x00000130   Zero   RW          390    .bss                tim.o
    0x200003cc        -       0x0000014c   Zero   RW          448    .bss                usart.o
    0x20000518        -       0x00000881   Zero   RW         4673    .bss                oled.o
    0x20000d99   0x080066ac   0x00000003   PAD
    0x20000d9c        -       0x0000000c   Zero   RW         5177    .bss                mode.o
    0x20000da8        -       0x00000400   Zero   RW            1    STACK               startup_stm32g031xx.o


==============================================================================

Image component sizes


      Code (inc. data)   RO Data    RW Data    ZI Data      Debug   Object Name

       356         44          0          0        192       1775   adc.o
        56          4          0          0          0        726   dma.o
         0          0        560          0          0       1486   font.o
       672         96          0          0          0       3586   function.o
       252         18          0          0          0        947   gpio.o
       200         20          0          0         84       1581   i2c.o
       868        152          0         39          0       4513   key.o
       198         14          0          0          0     453777   main.o
       332         50          0         52         12       3888   mode.o
       854         52          0          8       2177       9524   oled.o
        28         10          0          0          0       1692   printf.o
       140         18          0          0          0       2360   pwm.o
        60         20          0          0          0       1284   send.o
       470        122          0        160          0       2120   show.o
       196         28          0          0        100       1577   spi.o
        28          8        192          0       1024        616   startup_stm32g031xx.o
        80          8          0          4          0       1157   status.o
       176         26          0         12          0      17653   stm32g0xx_hal.o
      2356        112          0          0          0      47464   stm32g0xx_hal_adc.o
       368         16          0          0          0      36683   stm32g0xx_hal_adc_ex.o
       180         30          0          0          0      12691   stm32g0xx_hal_cortex.o
       920         42          0          0          0       6749   stm32g0xx_hal_dma.o
         0          0          0          0          0       2704   stm32g0xx_hal_flash.o
       410         22          0          0          0       3126   stm32g0xx_hal_gpio.o
      1838         52          0          0          0      15191   stm32g0xx_hal_i2c.o
       146          0          0          0          0       1859   stm32g0xx_hal_i2c_ex.o
        44          6          0          0          0        806   stm32g0xx_hal_msp.o
        76         14          0          0          0        730   stm32g0xx_hal_pwr_ex.o
      1524         88          0          0          0      22777   stm32g0xx_hal_rcc.o
       432         12          0          0          0       1668   stm32g0xx_hal_rcc_ex.o
      1066          8          0          0          0       5902   stm32g0xx_hal_spi.o
      2712        210          0          0          0      21048   stm32g0xx_hal_tim.o
       282         14          0          0          0       3728   stm32g0xx_hal_tim_ex.o
      1468         50         24          0          0      27082   stm32g0xx_hal_uart.o
       148         36          0          0          0       5273   stm32g0xx_it.o
         2          0         96          4          0       1075   system_stm32g0xx.o
       952         68          0          0        304       4569   tim.o
       260         28          0          0        332       1772   usart.o
       156         28          0          6          0       1660   volt.o

    ----------------------------------------------------------------------
     20342       1526        904        288       4228     734819   Object Totals
         0          0         32          0          0          0   (incl. Generated)
        36          0          0          3          3          0   (incl. Padding)

    ----------------------------------------------------------------------

      Code (inc. data)   RO Data    RW Data    ZI Data      Debug   Library Member Name

         0          0          0          0          0          0   entry.o
         0          0          0          0          0          0   entry10a.o
         0          0          0          0          0          0   entry11a.o
         8          4          0          0          0          0   entry2.o
         4          0          0          0          0          0   entry5.o
         0          0          0          0          0          0   entry7b.o
         0          0          0          0          0          0   entry8b.o
         8          4          0          0          0          0   entry9a.o
        30          0          0          0          0          0   handlers.o
        40          0          0          0          0         72   idiv.o
        36          8          0          0          0         68   init.o
         0          0          0          0          0          0   iusefp.o
        32          0          0          0          0         68   llshl.o
        38          0          0          0          0         68   llsshr.o
        34          0          0          0          0         68   llushr.o
        36          0          0          0          0         60   memcpya.o
        36          0          0          0          0        100   memseta.o
      2290        104          0          0          0        556   printfa.o
         0          0          0          4          0          0   stdout.o
        44          0          0          0          0         72   uidiv.o
        96          0          0          0          0         84   uldiv.o
        40          2          0          0          0         68   cdrcmple.o
        56          0          0          0          0         68   d2f.o
       356          4          0          0          0        140   dadd.o
       240          6          0          0          0         84   ddiv.o
       236          0          0          0          0        216   depilogue.o
        60         10          0          0          0         68   dfixui.o
        64         10          0          0          0         68   dfixul.o
        28          4          0          0          0         68   dfltui.o
       208          6          0          0          0         88   dmul.o
        40          0          0          0          0         60   f2d.o
       178          0          0          0          0        108   fadd.o
       124          0          0          0          0         72   fdiv.o
       130          0          0          0          0        144   fepilogue.o
        50          0          0          0          0         60   ffixi.o
        40          0          0          0          0         60   ffixui.o
        22          0          0          0          0         68   fflti.o
        14          0          0          0          0         68   ffltui.o
       122          0          0          0          0         72   fmul.o

    ----------------------------------------------------------------------
      4746        162          0          4          0       2796   Library Totals
         6          0          0          0          0          0   (incl. Padding)

    ----------------------------------------------------------------------

      Code (inc. data)   RO Data    RW Data    ZI Data      Debug   Library Name

      2732        120          0          4          0       1216   mc_p.l
      2008         42          0          0          0       1580   mf_p.l

    ----------------------------------------------------------------------
      4746        162          0          4          0       2796   Library Totals

    ----------------------------------------------------------------------

==============================================================================


      Code (inc. data)   RO Data    RW Data    ZI Data      Debug   

     25088       1688        904        292       4228     727683   Grand Totals
     25088       1688        904        292       4228     727683   ELF Image Totals
     25088       1688        904        292          0          0   ROM Totals

==============================================================================

    Total RO  Size (Code + RO Data)                25992 (  25.38kB)
    Total RW  Size (RW Data + ZI Data)              4520 (   4.41kB)
    Total ROM Size (Code + RO Data + RW Data)      26284 (  25.67kB)

==============================================================================

